Component: ARM Compiler 5.06 update 6 (build 750) Tool: armlink [4d35ed]

==============================================================================

Section Cross References

    mainw3p.o(i.ADC1_2_IRQHandler) refers to stm32f10x_adc.o(i.ADC_GetITStatus) for ADC_GetITStatus
    mainw3p.o(i.ADC1_2_IRQHandler) refers to stm32f10x_adc.o(i.ADC_GetConversionValue) for ADC_GetConversionValue
    mainw3p.o(i.ADC1_2_IRQHandler) refers to mainw3p.o(i.DoErrorState) for DoErrorState
    mainw3p.o(i.ADC1_2_IRQHandler) refers to stm32f10x_gpio.o(i.GPIO_SetBits) for GPIO_SetBits
    mainw3p.o(i.ADC1_2_IRQHandler) refers to stm32f10x_gpio.o(i.GPIO_ResetBits) for GPIO_ResetBits
    mainw3p.o(i.ADC1_2_IRQHandler) refers to stm32f10x_adc.o(i.ADC_ClearITPendingBit) for ADC_ClearITPendingBit
    mainw3p.o(i.ADC1_2_IRQHandler) refers to mainw3p.o(.bss) for .bss
    mainw3p.o(i.ADC1_2_IRQHandler) refers to mainw3p.o(.data) for .data
    mainw3p.o(i.AmpControlOK) refers to mainw3p.o(i.analogRead) for analogRead
    mainw3p.o(i.AmpControlOK) refers to dflt_clz.o(x$fpl$dflt) for __aeabi_i2d
    mainw3p.o(i.AmpControlOK) refers to dleqf.o(x$fpl$dleqf) for __aeabi_cdcmple
    mainw3p.o(i.AmpControlOK) refers to dfix.o(x$fpl$dfix) for __aeabi_d2iz
    mainw3p.o(i.AmpControlOK) refers to daddsub_clz.o(x$fpl$dadd) for __aeabi_dadd
    mainw3p.o(i.AmpControlOK) refers to ddiv.o(x$fpl$ddiv) for __aeabi_ddiv
    mainw3p.o(i.AmpControlOK) refers to stm32f10x_gpio.o(i.GPIO_ReadInputDataBit) for GPIO_ReadInputDataBit
    mainw3p.o(i.AmpControlOK) refers to daddsub_clz.o(x$fpl$drsb) for __aeabi_drsub
    mainw3p.o(i.AmpControlOK) refers to drleqf.o(x$fpl$drleqf) for __aeabi_cdrcmple
    mainw3p.o(i.AmpControlOK) refers to mainw3p.o(.data) for .data
    mainw3p.o(i.AmpControlOK) refers to mainw3p.o(.bss) for .bss
    mainw3p.o(i.DoErrorState) refers to stm32f10x_gpio.o(i.GPIO_SetBits) for GPIO_SetBits
    mainw3p.o(i.DoErrorState) refers to mainw3p.o(i.Stop) for Stop
    mainw3p.o(i.DoErrorState) refers to mainw3p.o(.data) for .data
    mainw3p.o(i.GetValFriq) refers to fflt_clz.o(x$fpl$ffltu) for __aeabi_ui2f
    mainw3p.o(i.GetValFriq) refers to fdiv.o(x$fpl$fdiv) for __aeabi_fdiv
    mainw3p.o(i.GetValFriq) refers to f2d.o(x$fpl$f2d) for __aeabi_f2d
    mainw3p.o(i.GetValFriq) refers to mainw3p.o(i.AmpControlOK) for AmpControlOK
    mainw3p.o(i.GetValFriq) refers to mainw3p.o(i.delay_ms) for delay_ms
    mainw3p.o(i.GetValFriq) refers to dfix.o(x$fpl$dfix) for __aeabi_d2iz
    mainw3p.o(i.GetValFriq) refers to dflt_clz.o(x$fpl$dflt) for __aeabi_i2d
    mainw3p.o(i.GetValFriq) refers to daddsub_clz.o(x$fpl$dadd) for __aeabi_dadd
    mainw3p.o(i.GetValFriq) refers to ddiv.o(x$fpl$ddiv) for __aeabi_ddiv
    mainw3p.o(i.GetValFriq) refers to system_stm32f10x.o(.data) for SystemCoreClock
    mainw3p.o(i.GetValFriq) refers to mainw3p.o(.data) for .data
    mainw3p.o(i.GetValFriq) refers to mainw3p.o(.bss) for .bss
    mainw3p.o(i.InitIO2Manual) refers to stm32f10x_rcc.o(i.RCC_APB2PeriphClockCmd) for RCC_APB2PeriphClockCmd
    mainw3p.o(i.InitIO2Manual) refers to stm32f10x_gpio.o(i.GPIO_StructInit) for GPIO_StructInit
    mainw3p.o(i.InitIO2Manual) refers to stm32f10x_gpio.o(i.GPIO_Init) for GPIO_Init
    mainw3p.o(i.LoadSettings) refers to flash.o(i.FLASH_Init) for FLASH_Init
    mainw3p.o(i.LoadSettings) refers to flash.o(i.FLASH_ReadSettings) for FLASH_ReadSettings
    mainw3p.o(i.LoadSettings) refers to fflt_clz.o(x$fpl$ffltu) for __aeabi_ui2f
    mainw3p.o(i.LoadSettings) refers to fdiv.o(x$fpl$fdiv) for __aeabi_fdiv
    mainw3p.o(i.LoadSettings) refers to mainw3p.o(.data) for .data
    mainw3p.o(i.PowerInit) refers to stm32f10x_gpio.o(i.GPIO_SetBits) for GPIO_SetBits
    mainw3p.o(i.PowerInit) refers to stm32f10x_gpio.o(i.GPIO_ResetBits) for GPIO_ResetBits
    mainw3p.o(i.PowerInit) refers to mainw3p.o(i.delay_ms) for delay_ms
    mainw3p.o(i.PowerInit) refers to mainw3p.o(.data) for .data
    mainw3p.o(i.SaveSettings) refers to flash.o(i.FLASH_Init) for FLASH_Init
    mainw3p.o(i.SaveSettings) refers to fmul.o(x$fpl$fmul) for __aeabi_fmul
    mainw3p.o(i.SaveSettings) refers to ffixu.o(x$fpl$ffixu) for __aeabi_f2uiz
    mainw3p.o(i.SaveSettings) refers to flash.o(i.FLASH_WriteSettings) for FLASH_WriteSettings
    mainw3p.o(i.SaveSettings) refers to mainw3p.o(.data) for .data
    mainw3p.o(i.SetFrequency) refers to mainw3p.o(i.GetValFriq) for GetValFriq
    mainw3p.o(i.SetFrequency) refers to mainw3p.o(i.Abs) for Abs
    mainw3p.o(i.SetFrequency) refers to fflt_clz.o(x$fpl$fflt) for __aeabi_i2f
    mainw3p.o(i.SetFrequency) refers to fdiv.o(x$fpl$fdiv) for __aeabi_fdiv
    mainw3p.o(i.SetFrequency) refers to f2d.o(x$fpl$f2d) for __aeabi_f2d
    mainw3p.o(i.SetFrequency) refers to dmul.o(x$fpl$dmul) for __aeabi_dmul
    mainw3p.o(i.SetFrequency) refers to daddsub_clz.o(x$fpl$dadd) for __aeabi_dadd
    mainw3p.o(i.SetFrequency) refers to d2f.o(x$fpl$d2f) for __aeabi_d2f
    mainw3p.o(i.SetFrequency) refers to fminf.o(i.fminf) for fminf
[...]
    i.GetValFriq                             0x080019d4   Section        0  mainw3p.o(i.GetValFriq)
    i.I2C_CheckEvent                         0x08001a6c   Section        0  stm32f10x_i2c.o(i.I2C_CheckEvent)
    i.I2C_Cmd                                0x08001a84   Section        0  stm32f10x_i2c.o(i.I2C_Cmd)
    i.I2C_Init                               0x08001a98   Section        0  stm32f10x_i2c.o(i.I2C_Init)
    i.InitIO2Manual                          0x08001b54   Section        0  mainw3p.o(i.InitIO2Manual)
    i.LoadSettings                           0x08001c1c   Section        0  mainw3p.o(i.LoadSettings)
    i.PowerInit                              0x08001c90   Section        0  mainw3p.o(i.PowerInit)
    i.RCC_AHBPeriphClockCmd                  0x08001cec   Section        0  stm32f10x_rcc.o(i.RCC_AHBPeriphClockCmd)
    i.RCC_APB1PeriphClockCmd                 0x08001d04   Section        0  stm32f10x_rcc.o(i.RCC_APB1PeriphClockCmd)
    i.RCC_APB2PeriphClockCmd                 0x08001d1c   Section        0  stm32f10x_rcc.o(i.RCC_APB2PeriphClockCmd)
    i.RCC_GetClocksFreq                      0x08001d34   Section        0  stm32f10x_rcc.o(i.RCC_GetClocksFreq)
    i.SSD1306_DrawPixel                      0x08001dc8   Section        0  ssd1306.o(i.SSD1306_DrawPixel)
    i.SSD1306_Fill                           0x08001e08   Section        0  ssd1306.o(i.SSD1306_Fill)
    i.SSD1306_GotoXY                         0x08001e20   Section        0  ssd1306.o(i.SSD1306_GotoXY)
    i.SSD1306_Init                           0x08001e2c   Section        0  ssd1306.o(i.SSD1306_Init)
    i.SSD1306_Putc                           0x08001fac   Section        0  ssd1306.o(i.SSD1306_Putc)
    i.SSD1306_Puts                           0x0800204c   Section        0  ssd1306.o(i.SSD1306_Puts)
    i.SSD1306_UpdateScreen                   0x08002074   Section        0  ssd1306.o(i.SSD1306_UpdateScreen)
    i.SaveSettings                           0x080020c8   Section        0  mainw3p.o(i.SaveSettings)
    i.SetFrequency                           0x0800212c   Section        0  mainw3p.o(i.SetFrequency)
    i.SetPrescaler                           0x080021c8   Section        0  mainw3p.o(i.SetPrescaler)
    i.SetSysClockTo72                        0x08002238   Section        0  system_stm32f10x.o(i.SetSysClockTo72)
    SetSysClockTo72                          0x08002239   Thumb Code   160  system_stm32f10x.o(i.SetSysClockTo72)
    i.Start                                  0x080022e0   Section        0  mainw3p.o(i.Start)
    i.Stop                                   0x080023f8   Section        0  mainw3p.o(i.Stop)
    i.SystemInit                             0x08002548   Section        0  system_stm32f10x.o(i.SystemInit)
    i.TIM_BDTRConfig                         0x08002598   Section        0  stm32f10x_tim.o(i.TIM_BDTRConfig)
    i.TIM_Cmd                                0x080025ba   Section        0  stm32f10x_tim.o(i.TIM_Cmd)
    i.TIM_CtrlPWMOutputs                     0x080025ce   Section        0  stm32f10x_tim.o(i.TIM_CtrlPWMOutputs)
    i.TIM_DMACmd                             0x080025e4   Section        0  stm32f10x_tim.o(i.TIM_DMACmd)
    i.TIM_OC1Init                            0x080025f4   Section        0  stm32f10x_tim.o(i.TIM_OC1Init)
    i.TIM_OC1PreloadConfig                   0x08002674   Section        0  stm32f10x_tim.o(i.TIM_OC1PreloadConfig)
    i.TIM_OC2Init                            0x08002680   Section        0  stm32f10x_tim.o(i.TIM_OC2Init)
    i.TIM_OC2PreloadConfig                   0x08002700   Section        0  stm32f10x_tim.o(i.TIM_OC2PreloadConfig)
    i.TIM_OC3Init                            0x08002714   Section        0  stm32f10x_tim.o(i.TIM_OC3Init)
    i.TIM_OC3PreloadConfig                   0x08002790   Section        0  stm32f10x_tim.o(i.TIM_OC3PreloadConfig)
    i.TIM_TimeBaseInit                       0x0800279c   Section        0  stm32f10x_tim.o(i.TIM_TimeBaseInit)
    i.TIM_TimeBaseStructInit                 0x08002838   Section        0  stm32f10x_tim.o(i.TIM_TimeBaseStructInit)
    i.TempControl                            0x0800284c   Section        0  mainw3p.o(i.TempControl)
    i.ToStart                                0x08002878   Section        0  mainw3p.o(i.ToStart)
    i.ToStop                                 0x080028b0   Section        0  mainw3p.o(i.ToStop)
    i.UpdateLCD                              0x080028e8   Section        0  mainw3p.o(i.UpdateLCD)
    i.__ARM_fpclassify                       0x08002c40   Section        0  fpclassify.o(i.__ARM_fpclassify)
    i.__ieee754_rem_pio2                     0x08002c68   Section        0  rred.o(i.__ieee754_rem_pio2)
    i.__kernel_cos                           0x08002ff0   Section        0  cos_i.o(i.__kernel_cos)
    i.__kernel_poly                          0x080030ec   Section        0  poly.o(i.__kernel_poly)
    i.__kernel_sin                           0x08003198   Section        0  sin_i.o(i.__kernel_sin)
    i.__mathlib_dbl_infnan                   0x08003284   Section        0  dunder.o(i.__mathlib_dbl_infnan)
    i.__mathlib_dbl_invalid                  0x0800328a   Section        0  dunder.o(i.__mathlib_dbl_invalid)
    i.__mathlib_dbl_underflow                0x08003298   Section        0  dunder.o(i.__mathlib_dbl_underflow)
    i._is_digit                              0x080032a8   Section        0  __printf_wp.o(i._is_digit)
    i.adc_init                               0x080032b8   Section        0  mainw3p.o(i.adc_init)
    i.analogRead                             0x08003320   Section        0  mainw3p.o(i.analogRead)
    i.delay_ms                               0x08003354   Section        0  mainw3p.o(i.delay_ms)
    i.fminf                                  0x08003398   Section        0  fminf.o(i.fminf)
    i.initIO                                 0x080033c0   Section        0  mainw3p.o(i.initIO)
    i.main                                   0x0800340c   Section        0  mainw3p.o(i.main)
    i.sin                                    0x08003654   Section        0  sin.o(i.sin)
    i.sinDMA_PhaseA                          0x080036f4   Section        0  mainw3p.o(i.sinDMA_PhaseA)
    i.sinDMA_PhaseB                          0x0800375c   Section        0  mainw3p.o(i.sinDMA_PhaseB)
    i.sinDMA_PhaseC                          0x080037bc   Section        0  mainw3p.o(i.sinDMA_PhaseC)
    i.sin_table_update                       0x0800381c   Section        0  mainw3p.o(i.sin_table_update)
    sin_table_update                         0x0800381d   Thumb Code   258  mainw3p.o(i.sin_table_update)
    i.ssd1306_I2C_Init                       0x08003948   Section        0  ssd1306_i2c.o(i.ssd1306_I2C_Init)
    i.ssd1306_I2C_Start                      0x080039c0   Section        0  ssd1306_i2c.o(i.ssd1306_I2C_Start)
    i.ssd1306_I2C_Stop                       0x08003a40   Section        0  ssd1306_i2c.o(i.ssd1306_I2C_Stop)
    i.ssd1306_I2C_Write                      0x08003a74   Section        0  ssd1306_i2c.o(i.ssd1306_I2C_Write)
    i.ssd1306_I2C_WriteData                  0x08003aa0   Section        0  ssd1306_i2c.o(i.ssd1306_I2C_WriteData)
    i.ssd1306_I2C_WriteMulti                 0x08003ac0   Section        0  ssd1306_i2c.o(i.ssd1306_I2C_WriteMulti)
    i.timers                                 0x08003afc   Section        0  mainw3p.o(i.timers)
    locale$$code                             0x08003bc4   Section       44  lc_numeric_c.o(locale$$code)
    x$fpl$d2f                                0x08003bf0   Section       98  d2f.o(x$fpl$d2f)
    x$fpl$dadd                               0x08003c54   Section      336  daddsub_clz.o(x$fpl$dadd)
    _dadd1                                   0x08003c65   Thumb Code     0  daddsub_clz.o(x$fpl$dadd)
    x$fpl$dcheck1                            0x08003da4   Section       16  dcheck1.o(x$fpl$dcheck1)
    x$fpl$dcmpinf                            0x08003db4   Section       24  dcmpi.o(x$fpl$dcmpinf)
    x$fpl$ddiv                               0x08003dcc   Section      688  ddiv.o(x$fpl$ddiv)
    ddiv_entry                               0x08003dd3   Thumb Code     0  ddiv.o(x$fpl$ddiv)
    x$fpl$dfix                               0x0800407c   Section       94  dfix.o(x$fpl$dfix)
    x$fpl$dfixu                              0x080040dc   Section       90  dfixu.o(x$fpl$dfixu)
    x$fpl$dflt                               0x08004136   Section       46  dflt_clz.o(x$fpl$dflt)
    x$fpl$dfltu                              0x08004164   Section       38  dflt_clz.o(x$fpl$dfltu)
    x$fpl$dleqf                              0x0800418c   Section      120  dleqf.o(x$fpl$dleqf)
    x$fpl$dmul                               0x08004204   Section      340  dmul.o(x$fpl$dmul)
    x$fpl$dnaninf                            0x08004358   Section      156  dnaninf.o(x$fpl$dnaninf)
    x$fpl$dretinf                            0x080043f4   Section       12  dretinf.o(x$fpl$dretinf)
    x$fpl$drleqf                             0x08004400   Section      108  drleqf.o(x$fpl$drleqf)
    x$fpl$drsb                               0x0800446c   Section       22  daddsub_clz.o(x$fpl$drsb)
    x$fpl$dsub                               0x08004484   Section      468  daddsub_clz.o(x$fpl$dsub)
    _dsub1                                   0x08004495   Thumb Code     0  daddsub_clz.o(x$fpl$dsub)
    x$fpl$f2d                                0x08004658   Section       86  f2d.o(x$fpl$f2d)
    x$fpl$fadd                               0x080046b0   Section      196  faddsub_clz.o(x$fpl$fadd)
    _fadd1                                   0x080046bf   Thumb Code     0  faddsub_clz.o(x$fpl$fadd)
    x$fpl$fcheck1                            0x08004774   Section       12  fcheck1.o(x$fpl$fcheck1)
    x$fpl$fcmp4                              0x08004780   Section      142  fcmp4.o(x$fpl$fcmp4)
    x$fpl$fcmpinf                            0x0800480e   Section       24  fcmpi.o(x$fpl$fcmpinf)
    x$fpl$fdiv                               0x08004828   Section      388  fdiv.o(x$fpl$fdiv)
    _fdiv1                                   0x08004829   Thumb Code     0  fdiv.o(x$fpl$fdiv)
    x$fpl$ffix                               0x080049ac   Section       54  ffix.o(x$fpl$ffix)
    x$fpl$ffixu                              0x080049e4   Section       62  ffixu.o(x$fpl$ffixu)
    x$fpl$fflt                               0x08004a24   Section       48  fflt_clz.o(x$fpl$fflt)
    x$fpl$ffltu                              0x08004a54   Section       38  fflt_clz.o(x$fpl$ffltu)
    x$fpl$fmul                               0x08004a7c   Section      258  fmul.o(x$fpl$fmul)
    x$fpl$fnaninf                            0x08004b7e   Section      140  fnaninf.o(x$fpl$fnaninf)
    x$fpl$fretinf                            0x08004c0a   Section       10  fretinf.o(x$fpl$fretinf)
    x$fpl$fsub                               0x08004c14   Section      234  faddsub_clz.o(x$fpl$fsub)
    _fsub1                                   0x08004c23   Thumb Code     0  faddsub_clz.o(x$fpl$fsub)
    x$fpl$printf1                            0x08004cfe   Section        4  printf1.o(x$fpl$printf1)
    x$fpl$retnan                             0x08004d02   Section      100  retnan.o(x$fpl$retnan)
    x$fpl$scalbn                             0x08004d66   Section       92  scalbn.o(x$fpl$scalbn)
    x$fpl$scalbnf                            0x08004dc2   Section       76  scalbnf.o(x$fpl$scalbnf)
    x$fpl$trapveneer                         0x08004e0e   Section       48  trapv.o(x$fpl$trapveneer)
    .constdata                               0x08004e3e   Section     1900  fonts.o(.constdata)
    x$fpl$usenofp                            0x08004e3e   Section        0  usenofp.o(x$fpl$usenofp)
    .constdata                               0x080055aa   Section     3420  fonts.o(.constdata)
    .constdata                               0x08006306   Section     4940  fonts.o(.constdata)
    .constdata                               0x08007658   Section       48  cos_i.o(.constdata)
    C                                        0x08007658   Data          48  cos_i.o(.constdata)
    .constdata                               0x08007688   Section      200  rred.o(.constdata)
    pio2s                                    0x08007688   Data          48  rred.o(.constdata)
    twooverpi                                0x080076b8   Data         152  rred.o(.constdata)
    .constdata                               0x08007750   Section       40  sin_i.o(.constdata)
    S                                        0x08007750   Data          40  sin_i.o(.constdata)
    .constdata                               0x08007778   Section      148  bigflt0.o(.constdata)
    tenpwrs_x                                0x08007778   Data          60  bigflt0.o(.constdata)
    tenpwrs_i                                0x080077b4   Data          64  bigflt0.o(.constdata)
    locale$$data                             0x0800782c   Section       28  lc_numeric_c.o(locale$$data)
    __lcnum_c_name                           0x08007830   Data           2  lc_numeric_c.o(locale$$data)
    __lcnum_c_start                          0x08007838   Data           0  lc_numeric_c.o(locale$$data)
    __lcnum_c_point                          0x08007844   Data           0  lc_numeric_c.o(locale$$data)
    __lcnum_c_thousands                      0x08007846   Data           0  lc_numeric_c.o(locale$$data)
    __lcnum_c_grouping                       0x08007847   Data           0  lc_numeric_c.o(locale$$data)
    __lcnum_c_end                            0x08007848   Data           0  lc_numeric_c.o(locale$$data)
    .data                                    0x20000000   Section       48  mainw3p.o(.data)
    .data                                    0x20000030   Section        8  fonts.o(.data)
    .data                                    0x20000038   Section        8  fonts.o(.data)
    .data                                    0x20000040   Section        8  fonts.o(.data)
    .data                                    0x20000048   Section        6  ssd1306.o(.data)
    SSD1306                                  0x20000048   Data           6  ssd1306.o(.data)
    .data                                    0x20000050   Section        4  ssd1306_i2c.o(.data)
    ssd1306_I2C_Timeout                      0x20000050   Data           4  ssd1306_i2c.o(.data)
    .data                                    0x20000054   Section       20  stm32f10x_rcc.o(.data)
    ADCPrescTable                            0x20000054   Data           4  stm32f10x_rcc.o(.data)
    APBAHBPrescTable                         0x20000058   Data          16  stm32f10x_rcc.o(.data)
    .data                                    0x20000068   Section       20  system_stm32f10x.o(.data)
    .bss                                     0x2000007c   Section     1236  mainw3p.o(.bss)
    .bss                                     0x20000550   Section      512  ssd1306.o(.bss)
    SSD1306_Buffer                           0x20000550   Data         512  ssd1306.o(.bss)
    .bss                                     0x20000750   Section       96  libspace.o(.bss)
    HEAP                                     0x200007b0   Section      512  startup_stm32f10x_md.o(HEAP)
    Heap_Mem                                 0x200007b0   Data         512  startup_stm32f10x_md.o(HEAP)
    STACK                                    0x200009b0   Section     1024  startup_stm32f10x_md.o(STACK)
    Stack_Mem                                0x200009b0   Data        1024  startup_stm32f10x_md.o(STACK)
    __initial_sp                             0x20000db0   Data           0  startup_stm32f10x_md.o(STACK)

    Global Symbols

    Symbol Name                              Value     Ov Type        Size  Object(Section)

    BuildAttributes$$THM_ISAv4$P$D$K$B$S$PE$A:L22UL41UL21$X:L11$S22US41US21$IEEE1$IW$USESV6$~STKCKD$USESV7$~SHL$OTIME$ROPI$IEEEX$EBA8$UX$STANDARDLIB$REQ8$PRES8$EABIv2 0x00000000   Number         0  anon$$obj.o ABSOLUTE
    __ARM_use_no_argv                        0x00000000   Number         0  mainw3p.o ABSOLUTE
    _printf_flags                            0x00000000   Number         0  printf_stubs.o ABSOLUTE
    _printf_return_value                     0x00000000   Number         0  printf_stubs.o ABSOLUTE
    _printf_sizespec                         0x00000000   Number         0  printf_stubs.o ABSOLUTE
    _printf_widthprec                        0x00000000   Number         0  printf_stubs.o ABSOLUTE
    __ARM_exceptions_init                     - Undefined Weak Reference
    __alloca_initialize                       - Undefined Weak Reference
    __arm_preinit_                            - Undefined Weak Reference
    __cpp_initialize__aeabi_                  - Undefined Weak Reference
    __cxa_finalize                            - Undefined Weak Reference
    __sigvec_lookup                           - Undefined Weak Reference
    _atexit_init                              - Undefined Weak Reference
    _call_atexit_fns                          - Undefined Weak Reference
    _clock_init                               - Undefined Weak Reference
    _fp_trap_init                             - Undefined Weak Reference
    _fp_trap_shutdown                         - Undefined Weak Reference
    _get_lc_collate                           - Undefined Weak Reference
    _get_lc_ctype                             - Undefined Weak Reference
    _get_lc_monetary                          - Undefined Weak Reference
    _get_lc_time                              - Undefined Weak Reference
    _getenv_init                              - Undefined Weak Reference
    _handle_redirection                       - Undefined Weak Reference
    _init_alloc                               - Undefined Weak Reference
    _init_user_alloc                          - Undefined Weak Reference
    _initio                                   - Undefined Weak Reference
    _printf_post_padding                      - Undefined Weak Reference
    _printf_pre_padding                       - Undefined Weak Reference
    _printf_truncate_signed                   - Undefined Weak Reference
    _printf_truncate_unsigned                 - Undefined Weak Reference
    _rand_init                                - Undefined Weak Reference
    _signal_finish                            - Undefined Weak Reference
    _signal_init                              - Undefined Weak Reference
    _terminate_alloc                          - Undefined Weak Reference
    _terminate_user_alloc                     - Undefined Weak Reference
    _terminateio                              - Undefined Weak Reference
    __Vectors_Size                           0x000000ec   Number         0  startup_stm32f10x_md.o ABSOLUTE
    __Vectors                                0x08000000   Data           4  startup_stm32f10x_md.o(RESET)
    __Vectors_End                            0x080000ec   Data           0  startup_stm32f10x_md.o(RESET)
    __main                                   0x080000ed   Thumb Code     8  __main.o(!!!main)
    __scatterload                            0x080000f5   Thumb Code     0  __scatter.o(!!!scatter)
    __scatterload_rt2                        0x080000f5   Thumb Code    44  __scatter.o(!!!scatter)
    __scatterload_rt2_thumb_only             0x080000f5   Thumb Code     0  __scatter.o(!!!scatter)
    __scatterload_null                       0x08000103   Thumb Code     0  __scatter.o(!!!scatter)
    __scatterload_copy                       0x08000129   Thumb Code    26  __scatter_copy.o(!!handler_copy)
    __scatterload_zeroinit                   0x08000145   Thumb Code    28  __scatter_zi.o(!!handler_zi)
    _printf_f                                0x08000161   Thumb Code     0  _printf_f.o(.ARM.Collect$$_printf_percent$$00000003)
    _printf_percent                          0x08000161   Thumb Code     0  _printf_percent.o(.ARM.Collect$$_printf_percent$$00000000)
    _printf_d                                0x08000167   Thumb Code     0  _printf_d.o(.ARM.Collect$$_printf_percent$$00000009)
    _printf_percent_end                      0x0800016d   Thumb Code     0  _printf_percent_end.o(.ARM.Collect$$_printf_percent$$00000017)
    __rt_lib_init                            0x08000171   Thumb Code     0  libinit.o(.ARM.Collect$$libinit$$00000000)
    __rt_lib_init_fp_1                       0x08000173   Thumb Code     0  libinit2.o(.ARM.Collect$$libinit$$00000002)
    __rt_lib_init_heap_1                     0x08000173   Thumb Code     0  libinit2.o(.ARM.Collect$$libinit$$0000000A)
    __rt_lib_init_lc_common                  0x08000173   Thumb Code     0  libinit2.o(.ARM.Collect$$libinit$$0000000F)
    __rt_lib_init_preinit_1                  0x08000173   Thumb Code     0  libinit2.o(.ARM.Collect$$libinit$$00000004)
    __rt_lib_init_rand_1                     0x08000173   Thumb Code     0  libinit2.o(.ARM.Collect$$libinit$$0000000E)
    __rt_lib_init_user_alloc_1               0x08000173   Thumb Code     0  libinit2.o(.ARM.Collect$$libinit$$0000000C)
    __rt_lib_init_lc_collate_1               0x08000179   Thumb Code     0  libinit2.o(.ARM.Collect$$libinit$$00000011)
    __rt_lib_init_lc_ctype_1                 0x08000179   Thumb Code     0  libinit2.o(.ARM.Collect$$libinit$$00000013)
    __rt_lib_init_lc_monetary_1              0x08000179   Thumb Code     0  libinit2.o(.ARM.Collect$$libinit$$00000015)
    __rt_lib_init_lc_numeric_2               0x08000179   Thumb Code     0  libinit2.o(.ARM.Collect$$libinit$$00000016)
    __rt_lib_init_alloca_1                   0x08000183   Thumb Code     0  libinit2.o(.ARM.Collect$$libinit$$0000002E)
    __rt_lib_init_argv_1                     0x08000183   Thumb Code     0  libinit2.o(.ARM.Collect$$libinit$$0000002C)
    __rt_lib_init_atexit_1                   0x08000183   Thumb Code     0  libinit2.o(.ARM.Collect$$libinit$$0000001B)
    __rt_lib_init_clock_1                    0x08000183   Thumb Code     0  libinit2.o(.ARM.Collect$$libinit$$00000021)
    __rt_lib_init_cpp_1                      0x08000183   Thumb Code     0  libinit2.o(.ARM.Collect$$libinit$$00000032)
    __rt_lib_init_exceptions_1               0x08000183   Thumb Code     0  libinit2.o(.ARM.Collect$$libinit$$00000030)
    __rt_lib_init_fp_trap_1                  0x08000183   Thumb Code     0  libinit2.o(.ARM.Collect$$libinit$$0000001F)
    __rt_lib_init_getenv_1                   0x08000183   Thumb Code     0  libinit2.o(.ARM.Collect$$libinit$$00000023)
    __rt_lib_init_lc_numeric_1               0x08000183   Thumb Code     0  libinit2.o(.ARM.Collect$$libinit$$00000017)
    __rt_lib_init_lc_time_1                  0x08000183   Thumb Code     0  libinit2.o(.ARM.Collect$$libinit$$00000019)
    __rt_lib_init_return                     0x08000183   Thumb Code     0  libinit2.o(.ARM.Collect$$libinit$$00000033)
    __rt_lib_init_signal_1                   0x08000183   Thumb Code     0  libinit2.o(.ARM.Collect$$libinit$$0000001D)
    __rt_lib_init_stdio_1                    0x08000183   Thumb Code     0  libinit2.o(.ARM.Collect$$libinit$$00000025)
    __rt_lib_shutdown                        0x08000185   Thumb Code     0  libshutdown.o(.ARM.Collect$$libshutdown$$00000000)
    __rt_lib_shutdown_cpp_1                  0x08000187   Thumb Code     0  libshutdown2.o(.ARM.Collect$$libshutdown$$00000002)
    __rt_lib_shutdown_fp_trap_1              0x08000187   Thumb Code     0  libshutdown2.o(.ARM.Collect$$libshutdown$$00000007)
    __rt_lib_shutdown_heap_1                 0x08000187   Thumb Code     0  libshutdown2.o(.ARM.Collect$$libshutdown$$0000000F)
    __rt_lib_shutdown_return                 0x08000187   Thumb Code     0  libshutdown2.o(.ARM.Collect$$libshutdown$$00000010)
    __rt_lib_shutdown_signal_1               0x08000187   Thumb Code     0  libshutdown2.o(.ARM.Collect$$libshutdown$$0000000A)
    __rt_lib_shutdown_stdio_1                0x08000187   Thumb Code     0  libshutdown2.o(.ARM.Collect$$libshutdown$$00000004)
    __rt_lib_shutdown_user_alloc_1           0x08000187   Thumb Code     0  libshutdown2.o(.ARM.Collect$$libshutdown$$0000000C)
    __rt_entry                               0x08000189   Thumb Code     0  __rtentry.o(.ARM.Collect$$rtentry$$00000000)
    __rt_entry_presh_1                       0x08000189   Thumb Code     0  __rtentry2.o(.ARM.Collect$$rtentry$$00000002)
    __rt_entry_sh                            0x08000189   Thumb Code     0  __rtentry4.o(.ARM.Collect$$rtentry$$00000004)
    __rt_entry_li                            0x0800018f   Thumb Code     0  __rtentry2.o(.ARM.Collect$$rtentry$$0000000A)
    __rt_entry_postsh_1                      0x0800018f   Thumb Code     0  __rtentry2.o(.ARM.Collect$$rtentry$$00000009)
    __rt_entry_main                          0x08000193   Thumb Code     0  __rtentry2.o(.ARM.Collect$$rtentry$$0000000D)
    __rt_entry_postli_1                      0x08000193   Thumb Code     0  __rtentry2.o(.ARM.Collect$$rtentry$$0000000C)
    __rt_exit                                0x0800019b   Thumb Code     0  rtexit.o(.ARM.Collect$$rtexit$$00000000)
    __rt_exit_ls                             0x0800019d   Thumb Code     0  rtexit2.o(.ARM.Collect$$rtexit$$00000003)
    __rt_exit_prels_1                        0x0800019d   Thumb Code     0  rtexit2.o(.ARM.Collect$$rtexit$$00000002)
    __rt_exit_exit                           0x080001a1   Thumb Code     0  rtexit2.o(.ARM.Collect$$rtexit$$00000004)
    Reset_Handler                            0x080001a9   Thumb Code     8  startup_stm32f10x_md.o(.text)
    NMI_Handler                              0x080001b1   Thumb Code     2  startup_stm32f10x_md.o(.text)
    HardFault_Handler                        0x080001b3   Thumb Code     2  startup_stm32f10x_md.o(.text)
    MemManage_Handler                        0x080001b5   Thumb Code     2  startup_stm32f10x_md.o(.text)
    BusFault_Handler                         0x080001b7   Thumb Code     2  startup_stm32f10x_md.o(.text)
    UsageFault_Handler                       0x080001b9   Thumb Code     2  startup_stm32f10x_md.o(.text)
    SVC_Handler                              0x080001bb   Thumb Code     2  startup_stm32f10x_md.o(.text)
    DebugMon_Handler                         0x080001bd   Thumb Code     2  startup_stm32f10x_md.o(.text)
    PendSV_Handler                           0x080001bf   Thumb Code     2  startup_stm32f10x_md.o(.text)
    SysTick_Handler                          0x080001c1   Thumb Code     2  startup_stm32f10x_md.o(.text)
    CAN1_RX1_IRQHandler                      0x080001c3   Thumb Code     0  startup_stm32f10x_md.o(.text)
    CAN1_SCE_IRQHandler                      0x080001c3   Thumb Code     0  startup_stm32f10x_md.o(.text)
    DMA1_Channel1_IRQHandler                 0x080001c3   Thumb Code     0  startup_stm32f10x_md.o(.text)
    DMA1_Channel2_IRQHandler                 0x080001c3   Thumb Code     0  startup_stm32f10x_md.o(.text)
    DMA1_Channel3_IRQHandler                 0x080001c3   Thumb Code     0  startup_stm32f10x_md.o(.text)
    DMA1_Channel4_IRQHandler                 0x080001c3   Thumb Code     0  startup_stm32f10x_md.o(.text)
    DMA1_Channel5_IRQHandler                 0x080001c3   Thumb Code     0  startup_stm32f10x_md.o(.text)
    DMA1_Channel6_IRQHandler                 0x080001c3   Thumb Code     0  startup_stm32f10x_md.o(.text)
    DMA1_Channel7_IRQHandler                 0x080001c3   Thumb Code     0  startup_stm32f10x_md.o(.text)
    EXTI0_IRQHandler                         0x080001c3   Thumb Code     0  startup_stm32f10x_md.o(.text)
    EXTI15_10_IRQHandler                     0x080001c3   Thumb Code     0  startup_stm32f10x_md.o(.text)
    EXTI1_IRQHandler                         0x080001c3   Thumb Code     0  startup_stm32f10x_md.o(.text)
    EXTI2_IRQHandler                         0x080001c3   Thumb Code     0  startup_stm32f10x_md.o(.text)
    EXTI3_IRQHandler                         0x080001c3   Thumb Code     0  startup_stm32f10x_md.o(.text)
    EXTI4_IRQHandler                         0x080001c3   Thumb Code     0  startup_stm32f10x_md.o(.text)
    EXTI9_5_IRQHandler                       0x080001c3   Thumb Code     0  startup_stm32f10x_md.o(.text)
    FLASH_IRQHandler                         0x080001c3   Thumb Code     0  startup_stm32f10x_md.o(.text)
    I2C1_ER_IRQHandler                       0x080001c3   Thumb Code     0  startup_stm32f10x_md.o(.text)
    I2C1_EV_IRQHandler                       0x080001c3   Thumb Code     0  startup_stm32f10x_md.o(.text)
    I2C2_ER_IRQHandler                       0x080001c3   Thumb Code     0  startup_stm32f10x_md.o(.text)
    I2C2_EV_IRQHandler                       0x080001c3   Thumb Code     0  startup_stm32f10x_md.o(.text)
    PVD_IRQHandler                           0x080001c3   Thumb Code     0  startup_stm32f10x_md.o(.text)
    RCC_IRQHandler                           0x080001c3   Thumb Code     0  startup_stm32f10x_md.o(.text)
    RTCAlarm_IRQHandler                      0x080001c3   Thumb Code     0  startup_stm32f10x_md.o(.text)
    RTC_IRQHandler                           0x080001c3   Thumb Code     0  startup_stm32f10x_md.o(.text)
    SPI1_IRQHandler                          0x080001c3   Thumb Code     0  startup_stm32f10x_md.o(.text)
    SPI2_IRQHandler                          0x080001c3   Thumb Code     0  startup_stm32f10x_md.o(.text)
    TAMPER_IRQHandler                        0x080001c3   Thumb Code     0  startup_stm32f10x_md.o(.text)
    TIM1_BRK_IRQHandler                      0x080001c3   Thumb Code     0  startup_stm32f10x_md.o(.text)
    TIM1_CC_IRQHandler                       0x080001c3   Thumb Code     0  startup_stm32f10x_md.o(.text)
    TIM1_TRG_COM_IRQHandler                  0x080001c3   Thumb Code     0  startup_stm32f10x_md.o(.text)
    TIM1_UP_IRQHandler                       0x080001c3   Thumb Code     0  startup_stm32f10x_md.o(.text)
    TIM2_IRQHandler                          0x080001c3   Thumb Code     0  startup_stm32f10x_md.o(.text)
    TIM3_IRQHandler                          0x080001c3   Thumb Code     0  startup_stm32f10x_md.o(.text)
    TIM4_IRQHandler                          0x080001c3   Thumb Code     0  startup_stm32f10x_md.o(.text)
    USART1_IRQHandler                        0x080001c3   Thumb Code     0  startup_stm32f10x_md.o(.text)
    USART2_IRQHandler                        0x080001c3   Thumb Code     0  startup_stm32f10x_md.o(.text)
    USART3_IRQHandler                        0x080001c3   Thumb Code     0  startup_stm32f10x_md.o(.text)
    USBWakeUp_IRQHandler                     0x080001c3   Thumb Code     0  startup_stm32f10x_md.o(.text)
    USB_HP_CAN1_TX_IRQHandler                0x080001c3   Thumb Code     0  startup_stm32f10x_md.o(.text)
    USB_LP_CAN1_RX0_IRQHandler               0x080001c3   Thumb Code     0  startup_stm32f10x_md.o(.text)
    WWDG_IRQHandler                          0x080001c3   Thumb Code     0  startup_stm32f10x_md.o(.text)
    __user_initial_stackheap                 0x080001c5   Thumb Code     0  startup_stm32f10x_md.o(.text)
    __2sprintf                               0x080001e9   Thumb Code    34  noretval__2sprintf.o(.text)
    _printf_int_dec                          0x08000211   Thumb Code   104  _printf_dec.o(.text)
    __printf                                 0x08000289   Thumb Code   270  __printf_wp.o(.text)
    __aeabi_memset                           0x08000397   Thumb Code    16  aeabi_memset.o(.text)
    __use_two_region_memory                  0x080003a7   Thumb Code     2  heapauxi.o(.text)
    __rt_heap_escrow$2region                 0x080003a9   Thumb Code     2  heapauxi.o(.text)
    __rt_heap_expand$2region                 0x080003ab   Thumb Code     2  heapauxi.o(.text)
    __read_errno                             0x080003ad   Thumb Code    10  _rserrno.o(.text)
    __set_errno                              0x080003b7   Thumb Code    12  _rserrno.o(.text)
    _printf_int_common                       0x080003c3   Thumb Code   178  _printf_intcommon.o(.text)
    __lib_sel_fp_printf                      0x08000475   Thumb Code     2  _printf_fp_dec.o(.text)
    _printf_fp_dec_real                      0x08000627   Thumb Code   620  _printf_fp_dec.o(.text)
    _printf_char_common                      0x0800089f   Thumb Code    32  _printf_char_common.o(.text)
    _sputc                                   0x080008c5   Thumb Code    10  _sputc.o(.text)
    __aeabi_memclr                           0x080008cf   Thumb Code     0  rt_memclr.o(.text)
    __rt_memclr                              0x080008cf   Thumb Code    68  rt_memclr.o(.text)
    _memset                                  0x080008d3   Thumb Code     0  rt_memclr.o(.text)
    __rt_locale                              0x08000915   Thumb Code     8  rt_locale_intlibspace.o(.text)
    __aeabi_errno_addr                       0x0800091d   Thumb Code     8  rt_errno_addr_intlibspace.o(.text)
    __errno$intlibspace                      0x0800091d   Thumb Code     0  rt_errno_addr_intlibspace.o(.text)
    __rt_errno_addr$intlibspace              0x0800091d   Thumb Code     0  rt_errno_addr_intlibspace.o(.text)
    _ll_udiv10                               0x08000925   Thumb Code   138  lludiv10.o(.text)
    _printf_fp_infnan                        0x080009b1   Thumb Code   112  _printf_fp_infnan.o(.text)
    _btod_etento                             0x08000a31   Thumb Code   224  bigflt0.o(.text)
    __aeabi_memclr4                          0x08000b15   Thumb Code     0  rt_memclr_w.o(.text)
    __aeabi_memclr8                          0x08000b15   Thumb Code     0  rt_memclr_w.o(.text)
    __rt_memclr_w                            0x08000b15   Thumb Code    78  rt_memclr_w.o(.text)
    _memset_w                                0x08000b19   Thumb Code     0  rt_memclr_w.o(.text)
    __user_libspace                          0x08000b65   Thumb Code     8  libspace.o(.text)
    __user_perproc_libspace                  0x08000b65   Thumb Code     0  libspace.o(.text)
    __user_perthread_libspace                0x08000b65   Thumb Code     0  libspace.o(.text)
    __user_setup_stackheap                   0x08000b6d   Thumb Code    74  sys_stackheap_outer.o(.text)
    exit                                     0x08000bb7   Thumb Code    18  exit.o(.text)
    strcmp                                   0x08000bc9   Thumb Code   128  strcmpv7m.o(.text)
    _sys_exit                                0x08000c49   Thumb Code     8  sys_exit.o(.text)
    __I$use$semihosting                      0x08000c55   Thumb Code     0  use_no_semi.o(.text)
    __use_no_semihosting_swi                 0x08000c55   Thumb Code     2  use_no_semi.o(.text)
    __semihosting_library_function           0x08000c57   Thumb Code     0  indicate_semi.o(.text)
    _btod_d2e                                0x08000c57   Thumb Code    62  btod.o(CL$$btod_d2e)
    _d2e_denorm_low                          0x08000c95   Thumb Code    70  btod.o(CL$$btod_d2e_denorm_low)
    _d2e_norm_op1                            0x08000cdb   Thumb Code    96  btod.o(CL$$btod_d2e_norm_op1)
    __btod_div_common                        0x08000d3b   Thumb Code   696  btod.o(CL$$btod_div_common)
    _e2e                                     0x08001073   Thumb Code   220  btod.o(CL$$btod_e2e)
    _btod_ediv                               0x0800114f   Thumb Code    42  btod.o(CL$$btod_ediv)
    _btod_emul                               0x08001179   Thumb Code    42  btod.o(CL$$btod_emul)
    __btod_mult_common                       0x080011a3   Thumb Code   580  btod.o(CL$$btod_mult_common)
    ADC1_2_IRQHandler                        0x080013e9   Thumb Code   160  mainw3p.o(i.ADC1_2_IRQHandler)
    ADC_ClearITPendingBit                    0x0800149d   Thumb Code     8  stm32f10x_adc.o(i.ADC_ClearITPendingBit)
    ADC_Cmd                                  0x080014a5   Thumb Code    20  stm32f10x_adc.o(i.ADC_Cmd)
    ADC_GetCalibrationStatus                 0x080014b9   Thumb Code    14  stm32f10x_adc.o(i.ADC_GetCalibrationStatus)
    ADC_GetConversionValue                   0x080014c7   Thumb Code     6  stm32f10x_adc.o(i.ADC_GetConversionValue)
    ADC_GetFlagStatus                        0x080014cd   Thumb Code    14  stm32f10x_adc.o(i.ADC_GetFlagStatus)
    ADC_GetITStatus                          0x080014db   Thumb Code    28  stm32f10x_adc.o(i.ADC_GetITStatus)
    ADC_GetResetCalibrationStatus            0x080014f7   Thumb Code    14  stm32f10x_adc.o(i.ADC_GetResetCalibrationStatus)
    ADC_Init                                 0x08001505   Thumb Code    62  stm32f10x_adc.o(i.ADC_Init)
    ADC_RegularChannelConfig                 0x0800154d   Thumb Code   116  stm32f10x_adc.o(i.ADC_RegularChannelConfig)
    ADC_ResetCalibration                     0x080015c1   Thumb Code    10  stm32f10x_adc.o(i.ADC_ResetCalibration)
    ADC_SoftwareStartConvCmd                 0x080015cb   Thumb Code    20  stm32f10x_adc.o(i.ADC_SoftwareStartConvCmd)
    ADC_StartCalibration                     0x080015df   Thumb Code    10  stm32f10x_adc.o(i.ADC_StartCalibration)
    ADC_StructInit                           0x080015e9   Thumb Code    18  stm32f10x_adc.o(i.ADC_StructInit)
    Abs                                      0x080015fb   Thumb Code     8  mainw3p.o(i.Abs)
    AmpControlOK                             0x08001605   Thumb Code   220  mainw3p.o(i.AmpControlOK)
    DMA_Cmd                                  0x080016f5   Thumb Code    22  stm32f10x_dma.o(i.DMA_Cmd)
    DMA_Init                                 0x0800170b   Thumb Code    58  stm32f10x_dma.o(i.DMA_Init)
    DMA_StructInit                           0x08001745   Thumb Code    26  stm32f10x_dma.o(i.DMA_StructInit)
    DoErrorState                             0x08001761   Thumb Code    28  mainw3p.o(i.DoErrorState)
    FLASH_ErasePage                          0x08001785   Thumb Code    56  stm32f10x_flash.o(i.FLASH_ErasePage)
    FLASH_GetBank1Status                     0x080017c1   Thumb Code    34  stm32f10x_flash.o(i.FLASH_GetBank1Status)
    FLASH_Init                               0x080017e9   Thumb Code    18  flash.o(i.FLASH_Init)
    FLASH_Lock                               0x080017fd   Thumb Code    12  stm32f10x_flash.o(i.FLASH_Lock)
    FLASH_PrefetchBufferCmd                  0x0800180d   Thumb Code    18  stm32f10x_flash.o(i.FLASH_PrefetchBufferCmd)
    FLASH_ProgramWord                        0x08001825   Thumb Code    76  stm32f10x_flash.o(i.FLASH_ProgramWord)
    FLASH_ReadSettings                       0x08001875   Thumb Code    18  flash.o(i.FLASH_ReadSettings)
    FLASH_SetLatency                         0x0800188d   Thumb Code    14  stm32f10x_flash.o(i.FLASH_SetLatency)
    FLASH_Unlock                             0x080018a1   Thumb Code    12  stm32f10x_flash.o(i.FLASH_Unlock)
    FLASH_WaitForLastOperation               0x080018b9   Thumb Code    34  stm32f10x_flash.o(i.FLASH_WaitForLastOperation)
    FLASH_WriteSettings                      0x080018dd   Thumb Code    46  flash.o(i.FLASH_WriteSettings)
    GPIO_Init                                0x08001911   Thumb Code   156  stm32f10x_gpio.o(i.GPIO_Init)
    GPIO_ReadInputDataBit                    0x080019ad   Thumb Code    14  stm32f10x_gpio.o(i.GPIO_ReadInputDataBit)
    GPIO_ResetBits                           0x080019bb   Thumb Code     4  stm32f10x_gpio.o(i.GPIO_ResetBits)
    GPIO_SetBits                             0x080019bf   Thumb Code     4  stm32f10x_gpio.o(i.GPIO_SetBits)
    GPIO_StructInit                          0x080019c3   Thumb Code    16  stm32f10x_gpio.o(i.GPIO_StructInit)
    GetValFriq                               0x080019d5   Thumb Code   126  mainw3p.o(i.GetValFriq)
    I2C_CheckEvent                           0x08001a6d   Thumb Code    24  stm32f10x_i2c.o(i.I2C_CheckEvent)
    I2C_Cmd                                  0x08001a85   Thumb Code    20  stm32f10x_i2c.o(i.I2C_Cmd)
    I2C_Init                                 0x08001a99   Thumb Code   178  stm32f10x_i2c.o(i.I2C_Init)
    InitIO2Manual                            0x08001b55   Thumb Code   188  mainw3p.o(i.InitIO2Manual)
    LoadSettings                             0x08001c1d   Thumb Code   104  mainw3p.o(i.LoadSettings)
    PowerInit                                0x08001c91   Thumb Code    82  mainw3p.o(i.PowerInit)
    RCC_AHBPeriphClockCmd                    0x08001ced   Thumb Code    18  stm32f10x_rcc.o(i.RCC_AHBPeriphClockCmd)
    RCC_APB1PeriphClockCmd                   0x08001d05   Thumb Code    18  stm32f10x_rcc.o(i.RCC_APB1PeriphClockCmd)
    RCC_APB2PeriphClockCmd                   0x08001d1d   Thumb Code    18  stm32f10x_rcc.o(i.RCC_APB2PeriphClockCmd)
    RCC_GetClocksFreq                        0x08001d35   Thumb Code   132  stm32f10x_rcc.o(i.RCC_GetClocksFreq)
    SSD1306_DrawPixel                        0x08001dc9   Thumb Code    56  ssd1306.o(i.SSD1306_DrawPixel)
    SSD1306_Fill                             0x08001e09   Thumb Code    18  ssd1306.o(i.SSD1306_Fill)
    SSD1306_GotoXY                           0x08001e21   Thumb Code     8  ssd1306.o(i.SSD1306_GotoXY)
    SSD1306_Init                             0x08001e2d   Thumb Code   376  ssd1306.o(i.SSD1306_Init)
    SSD1306_Putc                             0x08001fad   Thumb Code   154  ssd1306.o(i.SSD1306_Putc)
    SSD1306_Puts                             0x0800204d   Thumb Code    40  ssd1306.o(i.SSD1306_Puts)
    SSD1306_UpdateScreen                     0x08002075   Thumb Code    76  ssd1306.o(i.SSD1306_UpdateScreen)
    SaveSettings                             0x080020c9   Thumb Code    90  mainw3p.o(i.SaveSettings)
    SetFrequency                             0x0800212d   Thumb Code   120  mainw3p.o(i.SetFrequency)
    SetPrescaler                             0x080021c9   Thumb Code    98  mainw3p.o(i.SetPrescaler)
    Start                                    0x080022e1   Thumb Code   240  mainw3p.o(i.Start)
    Stop                                     0x080023f9   Thumb Code   280  mainw3p.o(i.Stop)
    SystemInit                               0x08002549   Thumb Code    64  system_stm32f10x.o(i.SystemInit)
    TIM_BDTRConfig                           0x08002599   Thumb Code    34  stm32f10x_tim.o(i.TIM_BDTRConfig)
    TIM_Cmd                                  0x080025bb   Thumb Code    20  stm32f10x_tim.o(i.TIM_Cmd)
    TIM_CtrlPWMOutputs                       0x080025cf   Thumb Code    22  stm32f10x_tim.o(i.TIM_CtrlPWMOutputs)
    TIM_DMACmd                               0x080025e5   Thumb Code    16  stm32f10x_tim.o(i.TIM_DMACmd)
    TIM_OC1Init                              0x080025f5   Thumb Code   106  stm32f10x_tim.o(i.TIM_OC1Init)
    TIM_OC1PreloadConfig                     0x08002675   Thumb Code    12  stm32f10x_tim.o(i.TIM_OC1PreloadConfig)
    TIM_OC2Init                              0x08002681   Thumb Code   120  stm32f10x_tim.o(i.TIM_OC2Init)
    TIM_OC2PreloadConfig                     0x08002701   Thumb Code    20  stm32f10x_tim.o(i.TIM_OC2PreloadConfig)
    TIM_OC3Init                              0x08002715   Thumb Code   116  stm32f10x_tim.o(i.TIM_OC3Init)
    TIM_OC3PreloadConfig                     0x08002791   Thumb Code    12  stm32f10x_tim.o(i.TIM_OC3PreloadConfig)
    TIM_TimeBaseInit                         0x0800279d   Thumb Code   114  stm32f10x_tim.o(i.TIM_TimeBaseInit)
    TIM_TimeBaseStructInit                   0x08002839   Thumb Code    18  stm32f10x_tim.o(i.TIM_TimeBaseStructInit)
    TempControl                              0x0800284d   Thumb Code    40  mainw3p.o(i.TempControl)
    ToStart                                  0x08002879   Thumb Code    44  mainw3p.o(i.ToStart)
    ToStop                                   0x080028b1   Thumb Code    44  mainw3p.o(i.ToStop)
    UpdateLCD                                0x080028e9   Thumb Code   586  mainw3p.o(i.UpdateLCD)
    __ARM_fpclassify                         0x08002c41   Thumb Code    40  fpclassify.o(i.__ARM_fpclassify)
    __ieee754_rem_pio2                       0x08002c69   Thumb Code   828  rred.o(i.__ieee754_rem_pio2)
    __kernel_cos                             0x08002ff1   Thumb Code   230  cos_i.o(i.__kernel_cos)
    __kernel_poly                            0x080030ed   Thumb Code   170  poly.o(i.__kernel_poly)
    __kernel_sin                             0x08003199   Thumb Code   224  sin_i.o(i.__kernel_sin)
    __mathlib_dbl_infnan                     0x08003285   Thumb Code     6  dunder.o(i.__mathlib_dbl_infnan)
    __mathlib_dbl_invalid                    0x0800328b   Thumb Code    12  dunder.o(i.__mathlib_dbl_invalid)
    __mathlib_dbl_underflow                  0x08003299   Thumb Code    10  dunder.o(i.__mathlib_dbl_underflow)
    _is_digit                                0x080032a9   Thumb Code    14  __printf_wp.o(i._is_digit)
    adc_init                                 0x080032b9   Thumb Code    98  mainw3p.o(i.adc_init)
    analogRead                               0x08003321   Thumb Code    46  mainw3p.o(i.analogRead)
    delay_ms                                 0x08003355   Thumb Code    54  mainw3p.o(i.delay_ms)
    fminf                                    0x08003399   Thumb Code    40  fminf.o(i.fminf)
    initIO                                   0x080033c1   Thumb Code    68  mainw3p.o(i.initIO)
    main                                     0x0800340d   Thumb Code   552  mainw3p.o(i.main)
    sin                                      0x08003655   Thumb Code   150  sin.o(i.sin)
    sinDMA_PhaseA                            0x080036f5   Thumb Code    92  mainw3p.o(i.sinDMA_PhaseA)
    sinDMA_PhaseB                            0x0800375d   Thumb Code    84  mainw3p.o(i.sinDMA_PhaseB)
    sinDMA_PhaseC                            0x080037bd   Thumb Code    84  mainw3p.o(i.sinDMA_PhaseC)
    ssd1306_I2C_Init                         0x08003949   Thumb Code   106  ssd1306_i2c.o(i.ssd1306_I2C_Init)
    ssd1306_I2C_Start                        0x080039c1   Thumb Code   118  ssd1306_i2c.o(i.ssd1306_I2C_Start)
    ssd1306_I2C_Stop                         0x08003a41   Thumb Code    46  ssd1306_i2c.o(i.ssd1306_I2C_Stop)
    ssd1306_I2C_Write                        0x08003a75   Thumb Code    42  ssd1306_i2c.o(i.ssd1306_I2C_Write)
    ssd1306_I2C_WriteData                    0x08003aa1   Thumb Code    26  ssd1306_i2c.o(i.ssd1306_I2C_WriteData)
    ssd1306_I2C_WriteMulti                   0x08003ac1   Thumb Code    58  ssd1306_i2c.o(i.ssd1306_I2C_WriteMulti)
    timers                                   0x08003afd   Thumb Code   190  mainw3p.o(i.timers)
    _get_lc_numeric                          0x08003bc5   Thumb Code    44  lc_numeric_c.o(locale$$code)
    __aeabi_d2f                              0x08003bf1   Thumb Code     0  d2f.o(x$fpl$d2f)
    _d2f                                     0x08003bf1   Thumb Code    98  d2f.o(x$fpl$d2f)
    __aeabi_dadd                             0x08003c55   Thumb Code     0  daddsub_clz.o(x$fpl$dadd)
    _dadd                                    0x08003c55   Thumb Code   332  daddsub_clz.o(x$fpl$dadd)
    __fpl_dcheck_NaN1                        0x08003da5   Thumb Code    10  dcheck1.o(x$fpl$dcheck1)
    __fpl_dcmp_Inf                           0x08003db5   Thumb Code    24  dcmpi.o(x$fpl$dcmpinf)
    __aeabi_ddiv                             0x08003dcd   Thumb Code     0  ddiv.o(x$fpl$ddiv)
    _ddiv                                    0x08003dcd   Thumb Code   552  ddiv.o(x$fpl$ddiv)
    __aeabi_d2iz                             0x0800407d   Thumb Code     0  dfix.o(x$fpl$dfix)
    _dfix                                    0x0800407d   Thumb Code    94  dfix.o(x$fpl$dfix)
    __aeabi_d2uiz                            0x080040dd   Thumb Code     0  dfixu.o(x$fpl$dfixu)
    _dfixu                                   0x080040dd   Thumb Code    90  dfixu.o(x$fpl$dfixu)
    __aeabi_i2d                              0x08004137   Thumb Code     0  dflt_clz.o(x$fpl$dflt)
    _dflt                                    0x08004137   Thumb Code    46  dflt_clz.o(x$fpl$dflt)
    __aeabi_ui2d                             0x08004165   Thumb Code     0  dflt_clz.o(x$fpl$dfltu)
    _dfltu                                   0x08004165   Thumb Code    38  dflt_clz.o(x$fpl$dfltu)
    __aeabi_cdcmple                          0x0800418d   Thumb Code     0  dleqf.o(x$fpl$dleqf)
    _dcmple                                  0x0800418d   Thumb Code   120  dleqf.o(x$fpl$dleqf)
    __fpl_dcmple_InfNaN                      0x080041ef   Thumb Code     0  dleqf.o(x$fpl$dleqf)
    __aeabi_dmul                             0x08004205   Thumb Code     0  dmul.o(x$fpl$dmul)
    _dmul                                    0x08004205   Thumb Code   332  dmul.o(x$fpl$dmul)
    __fpl_dnaninf                            0x08004359   Thumb Code   156  dnaninf.o(x$fpl$dnaninf)
    __fpl_dretinf                            0x080043f5   Thumb Code    12  dretinf.o(x$fpl$dretinf)
    __aeabi_cdrcmple                         0x08004401   Thumb Code     0  drleqf.o(x$fpl$drleqf)
    _drcmple                                 0x08004401   Thumb Code   108  drleqf.o(x$fpl$drleqf)
    __aeabi_drsub                            0x0800446d   Thumb Code     0  daddsub_clz.o(x$fpl$drsb)
    _drsb                                    0x0800446d   Thumb Code    22  daddsub_clz.o(x$fpl$drsb)
    __aeabi_dsub                             0x08004485   Thumb Code     0  daddsub_clz.o(x$fpl$dsub)
    _dsub                                    0x08004485   Thumb Code   464  daddsub_clz.o(x$fpl$dsub)
    __aeabi_f2d                              0x08004659   Thumb Code     0  f2d.o(x$fpl$f2d)
    _f2d                                     0x08004659   Thumb Code    86  f2d.o(x$fpl$f2d)
    __aeabi_fadd                             0x080046b1   Thumb Code     0  faddsub_clz.o(x$fpl$fadd)
    _fadd                                    0x080046b1   Thumb Code   196  faddsub_clz.o(x$fpl$fadd)
    __fpl_fcheck_NaN1                        0x08004775   Thumb Code     6  fcheck1.o(x$fpl$fcheck1)
    __fcmp4                                  0x08004781   Thumb Code    82  fcmp4.o(x$fpl$fcmp4)
    __ARM_fcmp4                              0x080047d3   Thumb Code     0  fcmp4.o(x$fpl$fcmp4)
    _fcmp4                                   0x080047d3   Thumb Code    60  fcmp4.o(x$fpl$fcmp4)
    __fpl_fcmp_Inf                           0x0800480f   Thumb Code    24  fcmpi.o(x$fpl$fcmpinf)
    __aeabi_fdiv                             0x08004829   Thumb Code     0  fdiv.o(x$fpl$fdiv)
    _fdiv                                    0x08004829   Thumb Code   384  fdiv.o(x$fpl$fdiv)
    __aeabi_f2iz                             0x080049ad   Thumb Code     0  ffix.o(x$fpl$ffix)
    _ffix                                    0x080049ad   Thumb Code    54  ffix.o(x$fpl$ffix)
    __aeabi_f2uiz                            0x080049e5   Thumb Code     0  ffixu.o(x$fpl$ffixu)
    _ffixu                                   0x080049e5   Thumb Code    62  ffixu.o(x$fpl$ffixu)
    __aeabi_i2f                              0x08004a25   Thumb Code     0  fflt_clz.o(x$fpl$fflt)
    _fflt                                    0x08004a25   Thumb Code    48  fflt_clz.o(x$fpl$fflt)
    __aeabi_ui2f                             0x08004a55   Thumb Code     0  fflt_clz.o(x$fpl$ffltu)
    _ffltu                                   0x08004a55   Thumb Code    38  fflt_clz.o(x$fpl$ffltu)
    __aeabi_fmul                             0x08004a7d   Thumb Code     0  fmul.o(x$fpl$fmul)
    _fmul                                    0x08004a7d   Thumb Code   258  fmul.o(x$fpl$fmul)
    __fpl_fnaninf                            0x08004b7f   Thumb Code   140  fnaninf.o(x$fpl$fnaninf)
    __fpl_fretinf                            0x08004c0b   Thumb Code    10  fretinf.o(x$fpl$fretinf)
    __aeabi_fsub                             0x08004c15   Thumb Code     0  faddsub_clz.o(x$fpl$fsub)
    _fsub                                    0x08004c15   Thumb Code   234  faddsub_clz.o(x$fpl$fsub)
    _printf_fp_dec                           0x08004cff   Thumb Code     4  printf1.o(x$fpl$printf1)
    __fpl_return_NaN                         0x08004d03   Thumb Code   100  retnan.o(x$fpl$retnan)
    __ARM_scalbn                             0x08004d67   Thumb Code    92  scalbn.o(x$fpl$scalbn)
    __ARM_scalbnf                            0x08004dc3   Thumb Code    76  scalbnf.o(x$fpl$scalbnf)
    __fpl_cmpreturn                          0x08004e0f   Thumb Code    48  trapv.o(x$fpl$trapveneer)
    Font7x10                                 0x08004e3e   Data        1900  fonts.o(.constdata)
    __I$use$fp                               0x08004e3e   Number         0  usenofp.o(x$fpl$usenofp)
    Font11x18                                0x080055aa   Data        3420  fonts.o(.constdata)
    Font16x26                                0x08006306   Data        4940  fonts.o(.constdata)
    Region$$Table$$Base                      0x0800780c   Number         0  anon$$obj.o(Region$$Table)
    Region$$Table$$Limit                     0x0800782c   Number         0  anon$$obj.o(Region$$Table)
    ErrorState                               0x20000000   Data           1  mainw3p.o(.data)
    IsRev                                    0x20000001   Data           1  mainw3p.o(.data)
    AutoStartMode                            0x20000002   Data           1  mainw3p.o(.data)
    HasChangesMenu                           0x20000003   Data           1  mainw3p.o(.data)
    MotorAmperage                            0x20000004   Data           4  mainw3p.o(.data)
    StartDelim                               0x20000008   Data           4  mainw3p.o(.data)
    StopDelim                                0x2000000c   Data           4  mainw3p.o(.data)
    mTIM_Prescaler                           0x20000010   Data           4  mainw3p.o(.data)
    nSetVal                                  0x20000014   Data           4  mainw3p.o(.data)
    nSetVolt                                 0x20000018   Data           4  mainw3p.o(.data)
    nSetAmp                                  0x2000001c   Data           4  mainw3p.o(.data)
    CurrAmp                                  0x20000020   Data           4  mainw3p.o(.data)
    ampOffset                                0x20000024   Data           4  mainw3p.o(.data)
    SetHz                                    0x20000028   Data           4  mainw3p.o(.data)
    menuMode                                 0x2000002c   Data           4  mainw3p.o(.data)
    Font_7x10                                0x20000030   Data           8  fonts.o(.data)
    Font_11x18                               0x20000038   Data           8  fonts.o(.data)
    Font_16x26                               0x20000040   Data           8  fonts.o(.data)
    SystemCoreClock                          0x20000068   Data           4  system_stm32f10x.o(.data)
    AHBPrescTable                            0x2000006c   Data          16  system_stm32f10x.o(.data)
    sinA                                     0x2000007c   Data         168  mainw3p.o(.bss)
    sinB                                     0x20000124   Data         168  mainw3p.o(.bss)
    sinC                                     0x200001cc   Data         168  mainw3p.o(.bss)
    FSetVals                                 0x20000274   Data          12  mainw3p.o(.bss)
    VoltVals                                 0x20000280   Data         400  mainw3p.o(.bss)
    AmpVals                                  0x20000410   Data         320  mainw3p.o(.bss)
    __libspace_start                         0x20000750   Data          96  libspace.o(.bss)
    __temporary_stack_top$libspace           0x200007b0   Data           0  libspace.o(.bss)



==============================================================================

Memory Map of the image

  Image Entry point : 0x080001a9

  Load Region LR_1 (Base: 0x08000000, Size: 0x000078c4, Max: 0xffffffff, ABSOLUTE)

    Execution Region ER_RO (Exec base: 0x08000000, Load base: 0x08000000, Size: 0x00007848, Max: 0xffffffff, ABSOLUTE)

    Exec Addr    Load Addr    Size         Type   Attr      Idx    E Section Name        Object

    0x08000000   0x08000000   0x000000ec   Data   RO         2011    RESET               startup_stm32f10x_md.o
    0x080000ec   0x080000ec   0x00000008   Code   RO         2312  * !!!main             c_w.l(__main.o)
    0x080000f4   0x080000f4   0x00000034   Code   RO         2665    !!!scatter          c_w.l(__scatter.o)
    0x08000128   0x08000128   0x0000001a   Code   RO         2667    !!handler_copy      c_w.l(__scatter_copy.o)
    0x08000142   0x08000142   0x00000002   PAD
    0x08000144   0x08000144   0x0000001c   Code   RO         2669    !!handler_zi        c_w.l(__scatter_zi.o)
    0x08000160   0x08000160   0x00000000   Code   RO         2305    .ARM.Collect$$_printf_percent$$00000000  c_w.l(_printf_percent.o)
    0x08000160   0x08000160   0x00000006   Code   RO         2304    .ARM.Collect$$_printf_percent$$00000003  c_w.l(_printf_f.o)
    0x08000166   0x08000166   0x00000006   Code   RO         2303    .ARM.Collect$$_printf_percent$$00000009  c_w.l(_printf_d.o)
    0x0800016c   0x0800016c   0x00000004   Code   RO         2399    .ARM.Collect$$_printf_percent$$00000017  c_w.l(_printf_percent_end.o)
    0x08000170   0x08000170   0x00000002   Code   RO         2534    .ARM.Collect$$libinit$$00000000  c_w.l(libinit.o)
    0x08000172   0x08000172   0x00000000   Code   RO         2536    .ARM.Collect$$libinit$$00000002  c_w.l(libinit2.o)
    0x08000172   0x08000172   0x00000000   Code   RO         2538    .ARM.Collect$$libinit$$00000004  c_w.l(libinit2.o)
    0x08000172   0x08000172   0x00000000   Code   RO         2541    .ARM.Collect$$libinit$$0000000A  c_w.l(libinit2.o)
    0x08000172   0x08000172   0x00000000   Code   RO         2543    .ARM.Collect$$libinit$$0000000C  c_w.l(libinit2.o)
    0x08000172   0x08000172   0x00000000   Code   RO         2545    .ARM.Collect$$libinit$$0000000E  c_w.l(libinit2.o)
    0x08000172   0x08000172   0x00000006   Code   RO         2546    .ARM.Collect$$libinit$$0000000F  c_w.l(libinit2.o)
    0x08000178   0x08000178   0x00000000   Code   RO         2548    .ARM.Collect$$libinit$$00000011  c_w.l(libinit2.o)
    0x08000178   0x08000178   0x00000000   Code   RO         2550    .ARM.Collect$$libinit$$00000013  c_w.l(libinit2.o)
    0x08000178   0x08000178   0x00000000   Code   RO         2552    .ARM.Collect$$libinit$$00000015  c_w.l(libinit2.o)
    0x08000178   0x08000178   0x0000000a   Code   RO         2553    .ARM.Collect$$libinit$$00000016  c_w.l(libinit2.o)
    0x08000182   0x08000182   0x00000000   Code   RO         2554    .ARM.Collect$$libinit$$00000017  c_w.l(libinit2.o)
    0x08000182   0x08000182   0x00000000   Code   RO         2556    .ARM.Collect$$libinit$$00000019  c_w.l(libinit2.o)
    0x08000182   0x08000182   0x00000000   Code   RO         2558    .ARM.Collect$$libinit$$0000001B  c_w.l(libinit2.o)
    0x08000182   0x08000182   0x00000000   Code   RO         2560    .ARM.Collect$$libinit$$0000001D  c_w.l(libinit2.o)
    0x08000182   0x08000182   0x00000000   Code   RO         2562    .ARM.Collect$$libinit$$0000001F  c_w.l(libinit2.o)
    0x08000182   0x08000182   0x00000000   Code   RO         2564    .ARM.Collect$$libinit$$00000021  c_w.l(libinit2.o)
    0x08000182   0x08000182   0x00000000   Code   RO         2566    .ARM.Collect$$libinit$$00000023  c_w.l(libinit2.o)
    0x08000182   0x08000182   0x00000000   Code   RO         2568    .ARM.Collect$$libinit$$00000025  c_w.l(libinit2.o)
    0x08000182   0x08000182   0x00000000   Code   RO         2572    .ARM.Collect$$libinit$$0000002C  c_w.l(libinit2.o)
    0x08000182   0x08000182   0x00000000   Code   RO         2574    .ARM.Collect$$libinit$$0000002E  c_w.l(libinit2.o)
    0x08000182   0x08000182   0x00000000   Code   RO         2576    .ARM.Collect$$libinit$$00000030  c_w.l(libinit2.o)
    0x08000182   0x08000182   0x00000000   Code   RO         2578    .ARM.Collect$$libinit$$00000032  c_w.l(libinit2.o)
    0x08000182   0x08000182   0x00000002   Code   RO         2579    .ARM.Collect$$libinit$$00000033  c_w.l(libinit2.o)
    0x08000184   0x08000184   0x00000002   Code   RO         2613    .ARM.Collect$$libshutdown$$00000000  c_w.l(libshutdown.o)
    0x08000186   0x08000186   0x00000000   Code   RO         2624    .ARM.Collect$$libshutdown$$00000002  c_w.l(libshutdown2.o)
    0x08000186   0x08000186   0x00000000   Code   RO         2626    .ARM.Collect$$libshutdown$$00000004  c_w.l(libshutdown2.o)
    0x08000186   0x08000186   0x00000000   Code   RO         2629    .ARM.Collect$$libshutdown$$00000007  c_w.l(libshutdown2.o)
    0x08000186   0x08000186   0x00000000   Code   RO         2632    .ARM.Collect$$libshutdown$$0000000A  c_w.l(libshutdown2.o)
    0x08000186   0x08000186   0x00000000   Code   RO         2634    .ARM.Collect$$libshutdown$$0000000C  c_w.l(libshutdown2.o)
    0x08000186   0x08000186   0x00000000   Code   RO         2637    .ARM.Collect$$libshutdown$$0000000F  c_w.l(libshutdown2.o)
    0x08000186   0x08000186   0x00000002   Code   RO         2638    .ARM.Collect$$libshutdown$$00000010  c_w.l(libshutdown2.o)
    0x08000188   0x08000188   0x00000000   Code   RO         2388    .ARM.Collect$$rtentry$$00000000  c_w.l(__rtentry.o)
    0x08000188   0x08000188   0x00000000   Code   RO         2448    .ARM.Collect$$rtentry$$00000002  c_w.l(__rtentry2.o)
    0x08000188   0x08000188   0x00000006   Code   RO         2460    .ARM.Collect$$rtentry$$00000004  c_w.l(__rtentry4.o)
    0x0800018e   0x0800018e   0x00000000   Code   RO         2450    .ARM.Collect$$rtentry$$00000009  c_w.l(__rtentry2.o)
    0x0800018e   0x0800018e   0x00000004   Code   RO         2451    .ARM.Collect$$rtentry$$0000000A  c_w.l(__rtentry2.o)
    0x08000192   0x08000192   0x00000000   Code   RO         2453    .ARM.Collect$$rtentry$$0000000C  c_w.l(__rtentry2.o)
    0x08000192   0x08000192   0x00000008   Code   RO         2454    .ARM.Collect$$rtentry$$0000000D  c_w.l(__rtentry2.o)
    0x0800019a   0x0800019a   0x00000002   Code   RO         2584    .ARM.Collect$$rtexit$$00000000  c_w.l(rtexit.o)
    0x0800019c   0x0800019c   0x00000000   Code   RO         2591    .ARM.Collect$$rtexit$$00000002  c_w.l(rtexit2.o)
    0x0800019c   0x0800019c   0x00000004   Code   RO         2592    .ARM.Collect$$rtexit$$00000003  c_w.l(rtexit2.o)
    0x080001a0   0x080001a0   0x00000006   Code   RO         2593    .ARM.Collect$$rtexit$$00000004  c_w.l(rtexit2.o)
    0x080001a6   0x080001a6   0x00000002   PAD
    0x080001a8   0x080001a8   0x00000040   Code   RO         2012  * .text               startup_stm32f10x_md.o
    0x080001e8   0x080001e8   0x00000028   Code   RO         2277    .text               c_w.l(noretval__2sprintf.o)
    0x08000210   0x08000210   0x00000078   Code   RO         2281    .text               c_w.l(_printf_dec.o)
    0x08000288   0x08000288   0x0000010e   Code   RO         2291    .text               c_w.l(__printf_wp.o)
    0x08000396   0x08000396   0x00000010   Code   RO         2308    .text               c_w.l(aeabi_memset.o)
    0x080003a6   0x080003a6   0x00000006   Code   RO         2310    .text               c_w.l(heapauxi.o)
    0x080003ac   0x080003ac   0x00000016   Code   RO         2389    .text               c_w.l(_rserrno.o)
    0x080003c2   0x080003c2   0x000000b2   Code   RO         2391    .text               c_w.l(_printf_intcommon.o)
    0x08000474   0x08000474   0x0000041e   Code   RO         2393    .text               c_w.l(_printf_fp_dec.o)
    0x08000892   0x08000892   0x00000002   PAD
    0x08000894   0x08000894   0x00000030   Code   RO         2395    .text               c_w.l(_printf_char_common.o)
    0x080008c4   0x080008c4   0x0000000a   Code   RO         2397    .text               c_w.l(_sputc.o)
    0x080008ce   0x080008ce   0x00000044   Code   RO         2400    .text               c_w.l(rt_memclr.o)
    0x08000912   0x08000912   0x00000002   PAD
    0x08000914   0x08000914   0x00000008   Code   RO         2465    .text               c_w.l(rt_locale_intlibspace.o)
    0x0800091c   0x0800091c   0x00000008   Code   RO         2470    .text               c_w.l(rt_errno_addr_intlibspace.o)
    0x08000924   0x08000924   0x0000008a   Code   RO         2472    .text               c_w.l(lludiv10.o)
    0x080009ae   0x080009ae   0x00000002   PAD
    0x080009b0   0x080009b0   0x00000080   Code   RO         2474    .text               c_w.l(_printf_fp_infnan.o)
    0x08000a30   0x08000a30   0x000000e4   Code   RO         2478    .text               c_w.l(bigflt0.o)
    0x08000b14   0x08000b14   0x0000004e   Code   RO         2506    .text               c_w.l(rt_memclr_w.o)
    0x08000b62   0x08000b62   0x00000002   PAD
    0x08000b64   0x08000b64   0x00000008   Code   RO         2520    .text               c_w.l(libspace.o)
    0x08000b6c   0x08000b6c   0x0000004a   Code   RO         2523    .text               c_w.l(sys_stackheap_outer.o)
    0x08000bb6   0x08000bb6   0x00000012   Code   RO         2525    .text               c_w.l(exit.o)
    0x08000bc8   0x08000bc8   0x00000080   Code   RO         2527    .text               c_w.l(strcmpv7m.o)
    0x08000c48   0x08000c48   0x0000000c   Code   RO         2603    .text               c_w.l(sys_exit.o)
    0x08000c54   0x08000c54   0x00000002   Code   RO         2614    .text               c_w.l(use_no_semi.o)
    0x08000c56   0x08000c56   0x00000000   Code   RO         2616    .text               c_w.l(indicate_semi.o)
    0x08000c56   0x08000c56   0x0000003e   Code   RO         2481    CL$$btod_d2e        c_w.l(btod.o)
    0x08000c94   0x08000c94   0x00000046   Code   RO         2483    CL$$btod_d2e_denorm_low  c_w.l(btod.o)
    0x08000cda   0x08000cda   0x00000060   Code   RO         2482    CL$$btod_d2e_norm_op1  c_w.l(btod.o)
    0x08000d3a   0x08000d3a   0x00000338   Code   RO         2491    CL$$btod_div_common  c_w.l(btod.o)
    0x08001072   0x08001072   0x000000dc   Code   RO         2488    CL$$btod_e2e        c_w.l(btod.o)
    0x0800114e   0x0800114e   0x0000002a   Code   RO         2485    CL$$btod_ediv       c_w.l(btod.o)
    0x08001178   0x08001178   0x0000002a   Code   RO         2484    CL$$btod_emul       c_w.l(btod.o)
    0x080011a2   0x080011a2   0x00000244   Code   RO         2490    CL$$btod_mult_common  c_w.l(btod.o)
    0x080013e6   0x080013e6   0x00000002   PAD
    0x080013e8   0x080013e8   0x000000b4   Code   RO            4    i.ADC1_2_IRQHandler  mainw3p.o
    0x0800149c   0x0800149c   0x00000008   Code   RO          590    i.ADC_ClearITPendingBit  stm32f10x_adc.o
    0x080014a4   0x080014a4   0x00000014   Code   RO          591    i.ADC_Cmd           stm32f10x_adc.o
    0x080014b8   0x080014b8   0x0000000e   Code   RO          599    i.ADC_GetCalibrationStatus  stm32f10x_adc.o
    0x080014c6   0x080014c6   0x00000006   Code   RO          600    i.ADC_GetConversionValue  stm32f10x_adc.o
    0x080014cc   0x080014cc   0x0000000e   Code   RO          602    i.ADC_GetFlagStatus  stm32f10x_adc.o
    0x080014da   0x080014da   0x0000001c   Code   RO          603    i.ADC_GetITStatus   stm32f10x_adc.o
    0x080014f6   0x080014f6   0x0000000e   Code   RO          605    i.ADC_GetResetCalibrationStatus  stm32f10x_adc.o
    0x08001504   0x08001504   0x00000048   Code   RO          609    i.ADC_Init          stm32f10x_adc.o
    0x0800154c   0x0800154c   0x00000074   Code   RO          613    i.ADC_RegularChannelConfig  stm32f10x_adc.o
    0x080015c0   0x080015c0   0x0000000a   Code   RO          614    i.ADC_ResetCalibration  stm32f10x_adc.o
    0x080015ca   0x080015ca   0x00000014   Code   RO          616    i.ADC_SoftwareStartConvCmd  stm32f10x_adc.o
    0x080015de   0x080015de   0x0000000a   Code   RO          618    i.ADC_StartCalibration  stm32f10x_adc.o
    0x080015e8   0x080015e8   0x00000012   Code   RO          619    i.ADC_StructInit    stm32f10x_adc.o
    0x080015fa   0x080015fa   0x00000008   Code   RO            5    i.Abs               mainw3p.o
    0x08001602   0x08001602   0x00000002   PAD
    0x08001604   0x08001604   0x000000f0   Code   RO            6    i.AmpControlOK      mainw3p.o
    0x080016f4   0x080016f4   0x00000016   Code   RO          821    i.DMA_Cmd           stm32f10x_dma.o
    0x0800170a   0x0800170a   0x0000003a   Code   RO          827    i.DMA_Init          stm32f10x_dma.o
    0x08001744   0x08001744   0x0000001a   Code   RO          829    i.DMA_StructInit    stm32f10x_dma.o
    0x0800175e   0x0800175e   0x00000002   PAD
    0x08001760   0x08001760   0x00000024   Code   RO            7    i.DoErrorState      mainw3p.o
    0x08001784   0x08001784   0x0000003c   Code   RO          908    i.FLASH_ErasePage   stm32f10x_flash.o
    0x080017c0   0x080017c0   0x00000028   Code   RO          909    i.FLASH_GetBank1Status  stm32f10x_flash.o
    0x080017e8   0x080017e8   0x00000012   Code   RO          501    i.FLASH_Init        flash.o
    0x080017fa   0x080017fa   0x00000002   PAD
    0x080017fc   0x080017fc   0x00000010   Code   RO          918    i.FLASH_Lock        stm32f10x_flash.o
    0x0800180c   0x0800180c   0x00000018   Code   RO          920    i.FLASH_PrefetchBufferCmd  stm32f10x_flash.o
    0x08001824   0x08001824   0x00000050   Code   RO          923    i.FLASH_ProgramWord  stm32f10x_flash.o
    0x08001874   0x08001874   0x00000018   Code   RO          502    i.FLASH_ReadSettings  flash.o
    0x0800188c   0x0800188c   0x00000014   Code   RO          925    i.FLASH_SetLatency  stm32f10x_flash.o
    0x080018a0   0x080018a0   0x00000018   Code   RO          926    i.FLASH_Unlock      stm32f10x_flash.o
    0x080018b8   0x080018b8   0x00000022   Code   RO          930    i.FLASH_WaitForLastOperation  stm32f10x_flash.o
    0x080018da   0x080018da   0x00000002   PAD
    0x080018dc   0x080018dc   0x00000034   Code   RO          503    i.FLASH_WriteSettings  flash.o
    0x08001910   0x08001910   0x0000009c   Code   RO         1093    i.GPIO_Init         stm32f10x_gpio.o
    0x080019ac   0x080019ac   0x0000000e   Code   RO         1097    i.GPIO_ReadInputDataBit  stm32f10x_gpio.o
    0x080019ba   0x080019ba   0x00000004   Code   RO         1100    i.GPIO_ResetBits    stm32f10x_gpio.o
    0x080019be   0x080019be   0x00000004   Code   RO         1101    i.GPIO_SetBits      stm32f10x_gpio.o
    0x080019c2   0x080019c2   0x00000010   Code   RO         1102    i.GPIO_StructInit   stm32f10x_gpio.o
    0x080019d2   0x080019d2   0x00000002   PAD
    0x080019d4   0x080019d4   0x00000098   Code   RO            8    i.GetValFriq        mainw3p.o
    0x08001a6c   0x08001a6c   0x00000018   Code   RO         2063    i.I2C_CheckEvent    stm32f10x_i2c.o
    0x08001a84   0x08001a84   0x00000014   Code   RO         2066    i.I2C_Cmd           stm32f10x_i2c.o
    0x08001a98   0x08001a98   0x000000bc   Code   RO         2080    i.I2C_Init          stm32f10x_i2c.o
    0x08001b54   0x08001b54   0x000000c8   Code   RO            9    i.InitIO2Manual     mainw3p.o
    0x08001c1c   0x08001c1c   0x00000074   Code   RO           10    i.LoadSettings      mainw3p.o
    0x08001c90   0x08001c90   0x0000005c   Code   RO           11    i.PowerInit         mainw3p.o
    0x08001cec   0x08001cec   0x00000018   Code   RO         1214    i.RCC_AHBPeriphClockCmd  stm32f10x_rcc.o
    0x08001d04   0x08001d04   0x00000018   Code   RO         1215    i.RCC_APB1PeriphClockCmd  stm32f10x_rcc.o
    0x08001d1c   0x08001d1c   0x00000018   Code   RO         1217    i.RCC_APB2PeriphClockCmd  stm32f10x_rcc.o
    0x08001d34   0x08001d34   0x00000094   Code   RO         1225    i.RCC_GetClocksFreq  stm32f10x_rcc.o
    0x08001dc8   0x08001dc8   0x00000040   Code   RO          321    i.SSD1306_DrawPixel  ssd1306.o
    0x08001e08   0x08001e08   0x00000018   Code   RO          324    i.SSD1306_Fill      ssd1306.o
    0x08001e20   0x08001e20   0x0000000c   Code   RO          325    i.SSD1306_GotoXY    ssd1306.o
    0x08001e2c   0x08001e2c   0x00000180   Code   RO          326    i.SSD1306_Init      ssd1306.o
    0x08001fac   0x08001fac   0x000000a0   Code   RO          329    i.SSD1306_Putc      ssd1306.o
    0x0800204c   0x0800204c   0x00000028   Code   RO          330    i.SSD1306_Puts      ssd1306.o
    0x08002074   0x08002074   0x00000054   Code   RO          332    i.SSD1306_UpdateScreen  ssd1306.o
    0x080020c8   0x080020c8   0x00000064   Code   RO           12    i.SaveSettings      mainw3p.o
    0x0800212c   0x0800212c   0x0000009c   Code   RO           13    i.SetFrequency      mainw3p.o
    0x080021c8   0x080021c8   0x00000070   Code   RO           14    i.SetPrescaler      mainw3p.o
    0x08002238   0x08002238   0x000000a8   Code   RO         2019    i.SetSysClockTo72   system_stm32f10x.o
    0x080022e0   0x080022e0   0x00000118   Code   RO           15    i.Start             mainw3p.o
    0x080023f8   0x080023f8   0x00000150   Code   RO           16    i.Stop              mainw3p.o
    0x08002548   0x08002548   0x00000050   Code   RO         2021    i.SystemInit        system_stm32f10x.o
    0x08002598   0x08002598   0x00000022   Code   RO         1428    i.TIM_BDTRConfig    stm32f10x_tim.o
    0x080025ba   0x080025ba   0x00000014   Code   RO         1439    i.TIM_Cmd           stm32f10x_tim.o
    0x080025ce   0x080025ce   0x00000016   Code   RO         1441    i.TIM_CtrlPWMOutputs  stm32f10x_tim.o
    0x080025e4   0x080025e4   0x00000010   Code   RO         1442    i.TIM_DMACmd        stm32f10x_tim.o
    0x080025f4   0x080025f4   0x00000080   Code   RO         1468    i.TIM_OC1Init       stm32f10x_tim.o
    0x08002674   0x08002674   0x0000000c   Code   RO         1471    i.TIM_OC1PreloadConfig  stm32f10x_tim.o
    0x08002680   0x08002680   0x00000080   Code   RO         1473    i.TIM_OC2Init       stm32f10x_tim.o
    0x08002700   0x08002700   0x00000014   Code   RO         1476    i.TIM_OC2PreloadConfig  stm32f10x_tim.o
    0x08002714   0x08002714   0x0000007c   Code   RO         1478    i.TIM_OC3Init       stm32f10x_tim.o
    0x08002790   0x08002790   0x0000000c   Code   RO         1481    i.TIM_OC3PreloadConfig  stm32f10x_tim.o
    0x0800279c   0x0800279c   0x0000009c   Code   RO         1510    i.TIM_TimeBaseInit  stm32f10x_tim.o
    0x08002838   0x08002838   0x00000012   Code   RO         1511    i.TIM_TimeBaseStructInit  stm32f10x_tim.o
    0x0800284a   0x0800284a   0x00000002   PAD
    0x0800284c   0x0800284c   0x0000002c   Code   RO           17    i.TempControl       mainw3p.o
    0x08002878   0x08002878   0x00000038   Code   RO           18    i.ToStart           mainw3p.o
    0x080028b0   0x080028b0   0x00000038   Code   RO           19    i.ToStop            mainw3p.o
    0x080028e8   0x080028e8   0x00000358   Code   RO           20    i.UpdateLCD         mainw3p.o
    0x08002c40   0x08002c40   0x00000028   Code   RO         2516    i.__ARM_fpclassify  m_ws.l(fpclassify.o)
    0x08002c68   0x08002c68   0x00000388   Code   RO         2436    i.__ieee754_rem_pio2  m_ws.l(rred.o)
    0x08002ff0   0x08002ff0   0x000000fc   Code   RO         2419    i.__kernel_cos      m_ws.l(cos_i.o)
    0x080030ec   0x080030ec   0x000000aa   Code   RO         2518    i.__kernel_poly     m_ws.l(poly.o)
    0x08003196   0x08003196   0x00000002   PAD
    0x08003198   0x08003198   0x000000ec   Code   RO         2441    i.__kernel_sin      m_ws.l(sin_i.o)
    0x08003284   0x08003284   0x00000006   Code   RO         2423    i.__mathlib_dbl_infnan  m_ws.l(dunder.o)
    0x0800328a   0x0800328a   0x0000000c   Code   RO         2425    i.__mathlib_dbl_invalid  m_ws.l(dunder.o)
    0x08003296   0x08003296   0x00000002   PAD
    0x08003298   0x08003298   0x00000010   Code   RO         2428    i.__mathlib_dbl_underflow  m_ws.l(dunder.o)
    0x080032a8   0x080032a8   0x0000000e   Code   RO         2293    i._is_digit         c_w.l(__printf_wp.o)
    0x080032b6   0x080032b6   0x00000002   PAD
    0x080032b8   0x080032b8   0x00000068   Code   RO           22    i.adc_init          mainw3p.o
    0x08003320   0x08003320   0x00000034   Code   RO           23    i.analogRead        mainw3p.o
    0x08003354   0x08003354   0x00000044   Code   RO           24    i.delay_ms          mainw3p.o
    0x08003398   0x08003398   0x00000028   Code   RO         2386    i.fminf             m_ws.l(fminf.o)
    0x080033c0   0x080033c0   0x0000004c   Code   RO           25    i.initIO            mainw3p.o
    0x0800340c   0x0800340c   0x00000248   Code   RO           26    i.main              mainw3p.o
    0x08003654   0x08003654   0x000000a0   Code   RO         2379    i.sin               m_ws.l(sin.o)
    0x080036f4   0x080036f4   0x00000068   Code   RO           27    i.sinDMA_PhaseA     mainw3p.o
    0x0800375c   0x0800375c   0x00000060   Code   RO           28    i.sinDMA_PhaseB     mainw3p.o
    0x080037bc   0x080037bc   0x00000060   Code   RO           29    i.sinDMA_PhaseC     mainw3p.o
    0x0800381c   0x0800381c   0x0000012c   Code   RO           30    i.sin_table_update  mainw3p.o
    0x08003948   0x08003948   0x00000078   Code   RO          439    i.ssd1306_I2C_Init  ssd1306_i2c.o
    0x080039c0   0x080039c0   0x00000080   Code   RO          441    i.ssd1306_I2C_Start  ssd1306_i2c.o
    0x08003a40   0x08003a40   0x00000034   Code   RO          442    i.ssd1306_I2C_Stop  ssd1306_i2c.o
    0x08003a74   0x08003a74   0x0000002a   Code   RO          443    i.ssd1306_I2C_Write  ssd1306_i2c.o
    0x08003a9e   0x08003a9e   0x00000002   PAD
    0x08003aa0   0x08003aa0   0x00000020   Code   RO          444    i.ssd1306_I2C_WriteData  ssd1306_i2c.o
    0x08003ac0   0x08003ac0   0x0000003a   Code   RO          445    i.ssd1306_I2C_WriteMulti  ssd1306_i2c.o
    0x08003afa   0x08003afa   0x00000002   PAD
    0x08003afc   0x08003afc   0x000000c8   Code   RO           31    i.timers            mainw3p.o
    0x08003bc4   0x08003bc4   0x0000002c   Code   RO         2504    locale$$code        c_w.l(lc_numeric_c.o)
    0x08003bf0   0x08003bf0   0x00000062   Code   RO         2314    x$fpl$d2f           fz_ws.l(d2f.o)
    0x08003c52   0x08003c52   0x00000002   PAD
    0x08003c54   0x08003c54   0x00000150   Code   RO         2316    x$fpl$dadd          fz_ws.l(daddsub_clz.o)
    0x08003da4   0x08003da4   0x00000010   Code   RO         2580    x$fpl$dcheck1       fz_ws.l(dcheck1.o)
    0x08003db4   0x08003db4   0x00000018   Code   RO         2402    x$fpl$dcmpinf       fz_ws.l(dcmpi.o)
    0x08003dcc   0x08003dcc   0x000002b0   Code   RO         2323    x$fpl$ddiv          fz_ws.l(ddiv.o)
    0x0800407c   0x0800407c   0x0000005e   Code   RO         2326    x$fpl$dfix          fz_ws.l(dfix.o)
    0x080040da   0x080040da   0x00000002   PAD
    0x080040dc   0x080040dc   0x0000005a   Code   RO         2330    x$fpl$dfixu         fz_ws.l(dfixu.o)
    0x08004136   0x08004136   0x0000002e   Code   RO         2335    x$fpl$dflt          fz_ws.l(dflt_clz.o)
    0x08004164   0x08004164   0x00000026   Code   RO         2334    x$fpl$dfltu         fz_ws.l(dflt_clz.o)
    0x0800418a   0x0800418a   0x00000002   PAD
    0x0800418c   0x0800418c   0x00000078   Code   RO         2340    x$fpl$dleqf         fz_ws.l(dleqf.o)
    0x08004204   0x08004204   0x00000154   Code   RO         2342    x$fpl$dmul          fz_ws.l(dmul.o)
    0x08004358   0x08004358   0x0000009c   Code   RO         2404    x$fpl$dnaninf       fz_ws.l(dnaninf.o)
    0x080043f4   0x080043f4   0x0000000c   Code   RO         2406    x$fpl$dretinf       fz_ws.l(dretinf.o)
    0x08004400   0x08004400   0x0000006c   Code   RO         2344    x$fpl$drleqf        fz_ws.l(drleqf.o)
    0x0800446c   0x0800446c   0x00000016   Code   RO         2317    x$fpl$drsb          fz_ws.l(daddsub_clz.o)
    0x08004482   0x08004482   0x00000002   PAD
    0x08004484   0x08004484   0x000001d4   Code   RO         2318    x$fpl$dsub          fz_ws.l(daddsub_clz.o)
    0x08004658   0x08004658   0x00000056   Code   RO         2346    x$fpl$f2d           fz_ws.l(f2d.o)
    0x080046ae   0x080046ae   0x00000002   PAD
    0x080046b0   0x080046b0   0x000000c4   Code   RO         2348    x$fpl$fadd          fz_ws.l(faddsub_clz.o)
    0x08004774   0x08004774   0x0000000c   Code   RO         2408    x$fpl$fcheck1       fz_ws.l(fcheck1.o)
    0x08004780   0x08004780   0x0000008e   Code   RO         2410    x$fpl$fcmp4         fz_ws.l(fcmp4.o)
    0x0800480e   0x0800480e   0x00000018   Code   RO         2508    x$fpl$fcmpinf       fz_ws.l(fcmpi.o)
    0x08004826   0x08004826   0x00000002   PAD
    0x08004828   0x08004828   0x00000184   Code   RO         2355    x$fpl$fdiv          fz_ws.l(fdiv.o)
    0x080049ac   0x080049ac   0x00000036   Code   RO         2358    x$fpl$ffix          fz_ws.l(ffix.o)
    0x080049e2   0x080049e2   0x00000002   PAD
    0x080049e4   0x080049e4   0x0000003e   Code   RO         2362    x$fpl$ffixu         fz_ws.l(ffixu.o)
    0x08004a22   0x08004a22   0x00000002   PAD
    0x08004a24   0x08004a24   0x00000030   Code   RO         2367    x$fpl$fflt          fz_ws.l(fflt_clz.o)
    0x08004a54   0x08004a54   0x00000026   Code   RO         2366    x$fpl$ffltu         fz_ws.l(fflt_clz.o)
    0x08004a7a   0x08004a7a   0x00000002   PAD
    0x08004a7c   0x08004a7c   0x00000102   Code   RO         2372    x$fpl$fmul          fz_ws.l(fmul.o)
    0x08004b7e   0x08004b7e   0x0000008c   Code   RO         2414    x$fpl$fnaninf       fz_ws.l(fnaninf.o)
    0x08004c0a   0x08004c0a   0x0000000a   Code   RO         2416    x$fpl$fretinf       fz_ws.l(fretinf.o)
    0x08004c14   0x08004c14   0x000000ea   Code   RO         2350    x$fpl$fsub          fz_ws.l(faddsub_clz.o)
    0x08004cfe   0x08004cfe   0x00000004   Code   RO         2374    x$fpl$printf1       fz_ws.l(printf1.o)
    0x08004d02   0x08004d02   0x00000064   Code   RO         2512    x$fpl$retnan        fz_ws.l(retnan.o)
    0x08004d66   0x08004d66   0x0000005c   Code   RO         2514    x$fpl$scalbn        fz_ws.l(scalbn.o)
    0x08004dc2   0x08004dc2   0x0000004c   Code   RO         2376    x$fpl$scalbnf       fz_ws.l(scalbnf.o)
    0x08004e0e   0x08004e0e   0x00000030   Code   RO         2582    x$fpl$trapveneer    fz_ws.l(trapv.o)
    0x08004e3e   0x08004e3e   0x00000000   Code   RO         2418    x$fpl$usenofp       fz_ws.l(usenofp.o)
    0x08004e3e   0x08004e3e   0x0000076c   Data   RO          282    .constdata          fonts.o
    0x080055aa   0x080055aa   0x00000d5c   Data   RO          283    .constdata          fonts.o
    0x08006306   0x08006306   0x0000134c   Data   RO          284    .constdata          fonts.o
    0x08007652   0x08007652   0x00000006   PAD
    0x08007658   0x08007658   0x00000030   Data   RO         2420    .constdata          m_ws.l(cos_i.o)
    0x08007688   0x08007688   0x000000c8   Data   RO         2438    .constdata          m_ws.l(rred.o)
    0x08007750   0x08007750   0x00000028   Data   RO         2442    .constdata          m_ws.l(sin_i.o)
    0x08007778   0x08007778   0x00000094   Data   RO         2479    .constdata          c_w.l(bigflt0.o)
    0x0800780c   0x0800780c   0x00000020   Data   RO         2663    Region$$Table       anon$$obj.o
    0x0800782c   0x0800782c   0x0000001c   Data   RO         2503    locale$$data        c_w.l(lc_numeric_c.o)


    Execution Region ER_RW (Exec base: 0x20000000, Load base: 0x08007848, Size: 0x0000007c, Max: 0xffffffff, ABSOLUTE)

    Exec Addr    Load Addr    Size         Type   Attr      Idx    E Section Name        Object

    0x20000000   0x08007848   0x00000030   Data   RW           33    .data               mainw3p.o
    0x20000030   0x08007878   0x00000008   Data   RW          285    .data               fonts.o
    0x20000038   0x08007880   0x00000008   Data   RW          286    .data               fonts.o
    0x20000040   0x08007888   0x00000008   Data   RW          287    .data               fonts.o
    0x20000048   0x08007890   0x00000006   Data   RW          334    .data               ssd1306.o
    0x2000004e   0x08007896   0x00000002   PAD
    0x20000050   0x08007898   0x00000004   Data   RW          446    .data               ssd1306_i2c.o
    0x20000054   0x0800789c   0x00000014   Data   RW         1245    .data               stm32f10x_rcc.o
    0x20000068   0x080078b0   0x00000014   Data   RW         2022    .data               system_stm32f10x.o


    Execution Region ER_ZI (Exec base: 0x2000007c, Load base: 0x080078c4, Size: 0x00000d34, Max: 0xffffffff, ABSOLUTE)

    Exec Addr    Load Addr    Size         Type   Attr      Idx    E Section Name        Object

    0x2000007c        -       0x000004d4   Zero   RW           32    .bss                mainw3p.o
    0x20000550        -       0x00000200   Zero   RW          333    .bss                ssd1306.o
    0x20000750        -       0x00000060   Zero   RW         2521    .bss                c_w.l(libspace.o)
    0x200007b0        -       0x00000200   Zero   RW         2010    HEAP                startup_stm32f10x_md.o
    0x200009b0        -       0x00000400   Zero   RW         2009    STACK               startup_stm32f10x_md.o


==============================================================================

Image component sizes


      Code (inc. data)   RO Data    RW Data    ZI Data      Debug   Object Name

        94         12          0          0          0       2184   flash.o
         0          0      10260         24          0       1303   fonts.o
      4700        740          0         48       1236     304939   mainw3p.o
       768         40          0          6        512       4940   ssd1306.o
       432         36          0          4          0       4427   ssd1306_i2c.o
        64         26        236          0       1536        816   startup_stm32f10x_md.o
       350         10          0          0          0      10640   stm32f10x_adc.o
       106          0          0          0          0       3614   stm32f10x_dma.o
       298         42          0          0          0       6904   stm32f10x_flash.o
       194          0          0          0          0       4630   stm32f10x_gpio.o
       232         10          0          0          0       4162   stm32f10x_i2c.o
       220         34          0         20          0       5426   stm32f10x_rcc.o
       690         80          0          0          0       9843   stm32f10x_tim.o
       248         24          0         20          0       2045   system_stm32f10x.o

    ----------------------------------------------------------------------
      8412       1054      10534        124       3284     365873   Object Totals
         0          0         32          0          0          0   (incl. Generated)
        16          0          6          2          0          0   (incl. Padding)

    ----------------------------------------------------------------------

      Code (inc. data)   RO Data    RW Data    ZI Data      Debug   Library Member Name

         8          0          0          0          0         68   __main.o
       284          0          0          0          0        156   __printf_wp.o
         0          0          0          0          0          0   __rtentry.o
        12          0          0          0          0          0   __rtentry2.o
         6          0          0          0          0          0   __rtentry4.o
        52          8          0          0          0          0   __scatter.o
        26          0          0          0          0          0   __scatter_copy.o
        28          0          0          0          0          0   __scatter_zi.o
        48          6          0          0          0         96   _printf_char_common.o
         6          0          0          0          0          0   _printf_d.o
       120         16          0          0          0         92   _printf_dec.o
         6          0          0          0          0          0   _printf_f.o
      1054          0          0          0          0        216   _printf_fp_dec.o
       128         16          0          0          0         84   _printf_fp_infnan.o
       178          0          0          0          0         88   _printf_intcommon.o
         0          0          0          0          0          0   _printf_percent.o
         4          0          0          0          0          0   _printf_percent_end.o
        22          0          0          0          0        100   _rserrno.o
        10          0          0          0          0         68   _sputc.o
        16          0          0          0          0         68   aeabi_memset.o
       228          4        148          0          0         96   bigflt0.o
      1936        128          0          0          0        672   btod.o
        18          0          0          0          0         80   exit.o
         6          0          0          0          0        152   heapauxi.o
         0          0          0          0          0          0   indicate_semi.o
        44         10         28          0          0         76   lc_numeric_c.o
         2          0          0          0          0          0   libinit.o
        18          0          0          0          0          0   libinit2.o
         2          0          0          0          0          0   libshutdown.o
         2          0          0          0          0          0   libshutdown2.o
         8          4          0          0         96         68   libspace.o
       138          0          0          0          0         80   lludiv10.o
        40          6          0          0          0         84   noretval__2sprintf.o
         8          4          0          0          0         68   rt_errno_addr_intlibspace.o
         8          4          0          0          0         68   rt_locale_intlibspace.o
        68          0          0          0          0         68   rt_memclr.o
        78          0          0          0          0         80   rt_memclr_w.o
         2          0          0          0          0          0   rtexit.o
        10          0          0          0          0          0   rtexit2.o
       128          0          0          0          0         68   strcmpv7m.o
        12          4          0          0          0         68   sys_exit.o
        74          0          0          0          0         80   sys_stackheap_outer.o
         2          0          0          0          0         68   use_no_semi.o
        98          4          0          0          0         92   d2f.o
       826         16          0          0          0        348   daddsub_clz.o
        16          4          0          0          0         68   dcheck1.o
        24          0          0          0          0         68   dcmpi.o
       688        140          0          0          0        208   ddiv.o
        94          4          0          0          0         92   dfix.o
        90          4          0          0          0         92   dfixu.o
        84          0          0          0          0        136   dflt_clz.o
       120          4          0          0          0         92   dleqf.o
       340         12          0          0          0        104   dmul.o
       156          4          0          0          0         92   dnaninf.o
        12          0          0          0          0         68   dretinf.o
       108          0          0          0          0         80   drleqf.o
        86          4          0          0          0         84   f2d.o
       430          8          0          0          0        168   faddsub_clz.o
        12          4          0          0          0         68   fcheck1.o
       142          4          0          0          0        112   fcmp4.o
        24          0          0          0          0         68   fcmpi.o
       388         76          0          0          0         96   fdiv.o
        54          4          0          0          0         84   ffix.o
        62          4          0          0          0         84   ffixu.o
        86          0          0          0          0        136   fflt_clz.o
       258          4          0          0          0         84   fmul.o
       140          4          0          0          0         84   fnaninf.o
        10          0          0          0          0         68   fretinf.o
         4          0          0          0          0         68   printf1.o
       100          0          0          0          0         68   retnan.o
        92          0          0          0          0         68   scalbn.o
        76          0          0          0          0         68   scalbnf.o
        48          0          0          0          0         68   trapv.o
         0          0          0          0          0          0   usenofp.o
       252         22         48          0          0        124   cos_i.o
        34          6          0          0          0        204   dunder.o
        40          0          0          0          0         80   fminf.o
        40          0          0          0          0         68   fpclassify.o
       170          0          0          0          0         96   poly.o
       904         76        200          0          0        140   rred.o
       160         10          0          0          0        108   sin.o
       236         12         40          0          0        128   sin_i.o

    ----------------------------------------------------------------------
     11382        640        464          0         96       6876   Library Totals
        38          0          0          0          0          0   (incl. Padding)

    ----------------------------------------------------------------------

      Code (inc. data)   RO Data    RW Data    ZI Data      Debug   Library Name

      4840        210        176          0         96       2912   c_w.l
      4668        304          0          0          0       3016   fz_ws.l
      1836        126        288          0          0        948   m_ws.l

    ----------------------------------------------------------------------
     11382        640        464          0         96       6876   Library Totals

    ----------------------------------------------------------------------

==============================================================================


      Code (inc. data)   RO Data    RW Data    ZI Data      Debug   

     19794       1694      10998        124       3380     364217   Grand Totals
     19794       1694      10998        124       3380     364217   ELF Image Totals
     19794       1694      10998        124          0          0   ROM Totals

==============================================================================

    Total RO  Size (Code + RO Data)                30792 (  30.07kB)
    Total RW  Size (RW Data + ZI Data)              3504 (   3.42kB)
    Total ROM Size (Code + RO Data + RW Data)      30916 (  30.19kB)

==============================================================================

