Component: ARM Compiler 5.06 update 6 (build 750) Tool: armlink [4d35ed]

==============================================================================

Section Cross References

    mainw3p.o(i.ADC1_2_IRQHandler) refers to stm32f10x_adc.o(i.ADC_GetITStatus) for ADC_GetITStatus
    mainw3p.o(i.ADC1_2_IRQHandler) refers to stm32f10x_adc.o(i.ADC_GetConversionValue) for ADC_GetConversionValue
    mainw3p.o(i.ADC1_2_IRQHandler) refers to mainw3p.o(i.DoErrorState) for DoErrorState
    mainw3p.o(i.ADC1_2_IRQHandler) refers to stm32f10x_gpio.o(i.GPIO_SetBits) for GPIO_SetBits
    mainw3p.o(i.ADC1_2_IRQHandler) refers to stm32f10x_gpio.o(i.GPIO_ResetBits) for GPIO_ResetBits
    mainw3p.o(i.ADC1_2_IRQHandler) refers to stm32f10x_adc.o(i.ADC_ClearITPendingBit) for ADC_ClearITPendingBit
    mainw3p.o(i.ADC1_2_IRQHandler) refers to mainw3p.o(.bss) for .bss
    mainw3p.o(i.ADC1_2_IRQHandler) refers to mainw3p.o(.data) for .data
    mainw3p.o(i.AmpControlOK) refers to mainw3p.o(i.analogRead) for analogRead
    mainw3p.o(i.AmpControlOK) refers to dflt_clz.o(x$fpl$dflt) for __aeabi_i2d
    mainw3p.o(i.AmpControlOK) refers to dleqf.o(x$fpl$dleqf) for __aeabi_cdcmple
    mainw3p.o(i.AmpControlOK) refers to dfix.o(x$fpl$dfix) for __aeabi_d2iz
    mainw3p.o(i.AmpControlOK) refers to daddsub_clz.o(x$fpl$dadd) for __aeabi_dadd
    mainw3p.o(i.AmpControlOK) refers to ddiv.o(x$fpl$ddiv) for __aeabi_ddiv
    mainw3p.o(i.AmpControlOK) refers to stm32f10x_gpio.o(i.GPIO_ReadInputDataBit) for GPIO_ReadInputDataBit
    mainw3p.o(i.AmpControlOK) refers to daddsub_clz.o(x$fpl$drsb) for __aeabi_drsub
    mainw3p.o(i.AmpControlOK) refers to drleqf.o(x$fpl$drleqf) for __aeabi_cdrcmple
    mainw3p.o(i.AmpControlOK) refers to mainw3p.o(.data) for .data
    mainw3p.o(i.AmpControlOK) refers to mainw3p.o(.bss) for .bss
    mainw3p.o(i.DoErrorState) refers to stm32f10x_gpio.o(i.GPIO_SetBits) for GPIO_SetBits
    mainw3p.o(i.DoErrorState) refers to mainw3p.o(i.Stop) for Stop
    mainw3p.o(i.DoErrorState) refers to mainw3p.o(.data) for .data
    mainw3p.o(i.GetValFriq) refers to fflt_clz.o(x$fpl$ffltu) for __aeabi_ui2f
    mainw3p.o(i.GetValFriq) refers to fdiv.o(x$fpl$fdiv) for __aeabi_fdiv
    mainw3p.o(i.GetValFriq) refers to f2d.o(x$fpl$f2d) for __aeabi_f2d
    mainw3p.o(i.GetValFriq) refers to mainw3p.o(i.AmpControlOK) for AmpControlOK
    mainw3p.o(i.GetValFriq) refers to mainw3p.o(i.delay_ms) for delay_ms
    mainw3p.o(i.GetValFriq) refers to dfix.o(x$fpl$dfix) for __aeabi_d2iz
    mainw3p.o(i.GetValFriq) refers to dflt_clz.o(x$fpl$dflt) for __aeabi_i2d
    mainw3p.o(i.GetValFriq) refers to daddsub_clz.o(x$fpl$dadd) for __aeabi_dadd
    mainw3p.o(i.GetValFriq) refers to ddiv.o(x$fpl$ddiv) for __aeabi_ddiv
    mainw3p.o(i.GetValFriq) refers to system_stm32f10x.o(.data) for SystemCoreClock
    mainw3p.o(i.GetValFriq) refers to mainw3p.o(.data) for .data
    mainw3p.o(i.GetValFriq) refers to mainw3p.o(.bss) for .bss
    mainw3p.o(i.InitIO2Manual) refers to stm32f10x_rcc.o(i.RCC_APB2PeriphClockCmd) for RCC_APB2PeriphClockCmd
    mainw3p.o(i.InitIO2Manual) refers to stm32f10x_gpio.o(i.GPIO_StructInit) for GPIO_StructInit
    mainw3p.o(i.InitIO2Manual) refers to stm32f10x_gpio.o(i.GPIO_Init) for GPIO_Init
    mainw3p.o(i.LoadSettings) refers to flash.o(i.FLASH_Init) for FLASH_Init
    mainw3p.o(i.LoadSettings) refers to flash.o(i.FLASH_ReadSettings) for FLASH_ReadSettings
    mainw3p.o(i.LoadSettings) refers to fflt_clz.o(x$fpl$ffltu) for __aeabi_ui2f
    mainw3p.o(i.LoadSettings) refers to fdiv.o(x$fpl$fdiv) for __aeabi_fdiv
    mainw3p.o(i.LoadSettings) refers to mainw3p.o(.data) for .data
    mainw3p.o(i.PowerInit) refers to stm32f10x_gpio.o(i.GPIO_SetBits) for GPIO_SetBits
    mainw3p.o(i.PowerInit) refers to stm32f10x_gpio.o(i.GPIO_ResetBits) for GPIO_ResetBits
    mainw3p.o(i.PowerInit) refers to mainw3p.o(i.delay_ms) for delay_ms
    mainw3p.o(i.PowerInit) refers to mainw3p.o(.data) for .data
    mainw3p.o(i.SaveSettings) refers to flash.o(i.FLASH_Init) for FLASH_Init
    mainw3p.o(i.SaveSettings) refers to fmul.o(x$fpl$fmul) for __aeabi_fmul
    mainw3p.o(i.SaveSettings) refers to ffixu.o(x$fpl$ffixu) for __aeabi_f2uiz
    mainw3p.o(i.SaveSettings) refers to flash.o(i.FLASH_WriteSettings) for FLASH_WriteSettings
    mainw3p.o(i.SaveSettings) refers to mainw3p.o(.data) for .data
    mainw3p.o(i.SetFrequency) refers to mainw3p.o(i.GetValFriq) for GetValFriq
    mainw3p.o(i.SetFrequency) refers to mainw3p.o(i.Abs) for Abs
    mainw3p.o(i.SetFrequency) refers to fflt_clz.o(x$fpl$fflt) for __aeabi_i2f
    mainw3p.o(i.SetFrequency) refers to fdiv.o(x$fpl$fdiv) for __aeabi_fdiv
    mainw3p.o(i.SetFrequency) refers to f2d.o(x$fpl$f2d) for __aeabi_f2d
    mainw3p.o(i.SetFrequency) refers to dmul.o(x$fpl$dmul) for __aeabi_dmul
    mainw3p.o(i.SetFrequency) refers to daddsub_clz.o(x$fpl$dadd) for __aeabi_dadd
    mainw3p.o(i.SetFrequency) refers to d2f.o(x$fpl$d2f) for __aeabi_d2f
    mainw3p.o(i.SetFrequency) refers to fminf.o(i.fminf) for fminf
[...]
    i.GPIO_StructInit                        0x080019be   Section        0  stm32f10x_gpio.o(i.GPIO_StructInit)
    i.GetValFriq                             0x080019d0   Section        0  mainw3p.o(i.GetValFriq)
    i.I2C_CheckEvent                         0x08001a68   Section        0  stm32f10x_i2c.o(i.I2C_CheckEvent)
    i.I2C_Cmd                                0x08001a80   Section        0  stm32f10x_i2c.o(i.I2C_Cmd)
    i.I2C_Init                               0x08001a94   Section        0  stm32f10x_i2c.o(i.I2C_Init)
    i.InitIO2Manual                          0x08001b50   Section        0  mainw3p.o(i.InitIO2Manual)
    i.LoadSettings                           0x08001c18   Section        0  mainw3p.o(i.LoadSettings)
    i.PowerInit                              0x08001c8c   Section        0  mainw3p.o(i.PowerInit)
    i.RCC_AHBPeriphClockCmd                  0x08001ce8   Section        0  stm32f10x_rcc.o(i.RCC_AHBPeriphClockCmd)
    i.RCC_APB1PeriphClockCmd                 0x08001d00   Section        0  stm32f10x_rcc.o(i.RCC_APB1PeriphClockCmd)
    i.RCC_APB2PeriphClockCmd                 0x08001d18   Section        0  stm32f10x_rcc.o(i.RCC_APB2PeriphClockCmd)
    i.RCC_GetClocksFreq                      0x08001d30   Section        0  stm32f10x_rcc.o(i.RCC_GetClocksFreq)
    i.SSD1306_DrawPixel                      0x08001dc4   Section        0  ssd1306.o(i.SSD1306_DrawPixel)
    i.SSD1306_Fill                           0x08001e04   Section        0  ssd1306.o(i.SSD1306_Fill)
    i.SSD1306_GotoXY                         0x08001e1c   Section        0  ssd1306.o(i.SSD1306_GotoXY)
    i.SSD1306_Init                           0x08001e28   Section        0  ssd1306.o(i.SSD1306_Init)
    i.SSD1306_Putc                           0x08001fa8   Section        0  ssd1306.o(i.SSD1306_Putc)
    i.SSD1306_Puts                           0x08002048   Section        0  ssd1306.o(i.SSD1306_Puts)
    i.SSD1306_UpdateScreen                   0x08002070   Section        0  ssd1306.o(i.SSD1306_UpdateScreen)
    i.SaveSettings                           0x080020c4   Section        0  mainw3p.o(i.SaveSettings)
    i.SetFrequency                           0x08002128   Section        0  mainw3p.o(i.SetFrequency)
    i.SetPrescaler                           0x080021c4   Section        0  mainw3p.o(i.SetPrescaler)
    i.SetSysClockTo72                        0x08002234   Section        0  system_stm32f10x.o(i.SetSysClockTo72)
    SetSysClockTo72                          0x08002235   Thumb Code   160  system_stm32f10x.o(i.SetSysClockTo72)
    i.Start                                  0x080022dc   Section        0  mainw3p.o(i.Start)
    i.Stop                                   0x080023f4   Section        0  mainw3p.o(i.Stop)
    i.SystemInit                             0x08002544   Section        0  system_stm32f10x.o(i.SystemInit)
    i.TIM_BDTRConfig                         0x08002594   Section        0  stm32f10x_tim.o(i.TIM_BDTRConfig)
    i.TIM_Cmd                                0x080025b6   Section        0  stm32f10x_tim.o(i.TIM_Cmd)
    i.TIM_CtrlPWMOutputs                     0x080025ca   Section        0  stm32f10x_tim.o(i.TIM_CtrlPWMOutputs)
    i.TIM_DMACmd                             0x080025e0   Section        0  stm32f10x_tim.o(i.TIM_DMACmd)
    i.TIM_OC1Init                            0x080025f0   Section        0  stm32f10x_tim.o(i.TIM_OC1Init)
    i.TIM_OC1PreloadConfig                   0x08002670   Section        0  stm32f10x_tim.o(i.TIM_OC1PreloadConfig)
    i.TIM_OC2Init                            0x0800267c   Section        0  stm32f10x_tim.o(i.TIM_OC2Init)
    i.TIM_OC2PreloadConfig                   0x080026fc   Section        0  stm32f10x_tim.o(i.TIM_OC2PreloadConfig)
    i.TIM_OC3Init                            0x08002710   Section        0  stm32f10x_tim.o(i.TIM_OC3Init)
    i.TIM_OC3PreloadConfig                   0x0800278c   Section        0  stm32f10x_tim.o(i.TIM_OC3PreloadConfig)
    i.TIM_TimeBaseInit                       0x08002798   Section        0  stm32f10x_tim.o(i.TIM_TimeBaseInit)
    i.TIM_TimeBaseStructInit                 0x08002834   Section        0  stm32f10x_tim.o(i.TIM_TimeBaseStructInit)
    i.TempControl                            0x08002848   Section        0  mainw3p.o(i.TempControl)
    i.ToStart                                0x08002874   Section        0  mainw3p.o(i.ToStart)
    i.ToStop                                 0x080028ac   Section        0  mainw3p.o(i.ToStop)
    i.UpdateLCD                              0x080028e4   Section        0  mainw3p.o(i.UpdateLCD)
    i.__ARM_fpclassify                       0x08002c3c   Section        0  fpclassify.o(i.__ARM_fpclassify)
    i.__ieee754_rem_pio2                     0x08002c64   Section        0  rred.o(i.__ieee754_rem_pio2)
    i.__kernel_cos                           0x08002fec   Section        0  cos_i.o(i.__kernel_cos)
    i.__kernel_poly                          0x080030e8   Section        0  poly.o(i.__kernel_poly)
    i.__kernel_sin                           0x08003194   Section        0  sin_i.o(i.__kernel_sin)
    i.__mathlib_dbl_infnan                   0x08003280   Section        0  dunder.o(i.__mathlib_dbl_infnan)
    i.__mathlib_dbl_invalid                  0x08003286   Section        0  dunder.o(i.__mathlib_dbl_invalid)
    i.__mathlib_dbl_underflow                0x08003294   Section        0  dunder.o(i.__mathlib_dbl_underflow)
    i._is_digit                              0x080032a4   Section        0  __printf_wp.o(i._is_digit)
    i.adc_init                               0x080032b4   Section        0  mainw3p.o(i.adc_init)
    i.analogRead                             0x0800331c   Section        0  mainw3p.o(i.analogRead)
    i.delay_ms                               0x08003350   Section        0  mainw3p.o(i.delay_ms)
    i.fminf                                  0x08003394   Section        0  fminf.o(i.fminf)
    i.initIO                                 0x080033bc   Section        0  mainw3p.o(i.initIO)
    i.main                                   0x08003408   Section        0  mainw3p.o(i.main)
    i.sin                                    0x080036a8   Section        0  sin.o(i.sin)
    i.sinDMA_PhaseA                          0x08003748   Section        0  mainw3p.o(i.sinDMA_PhaseA)
    i.sinDMA_PhaseB                          0x080037b0   Section        0  mainw3p.o(i.sinDMA_PhaseB)
    i.sinDMA_PhaseC                          0x08003810   Section        0  mainw3p.o(i.sinDMA_PhaseC)
    i.sin_table_update                       0x08003870   Section        0  mainw3p.o(i.sin_table_update)
    sin_table_update                         0x08003871   Thumb Code   258  mainw3p.o(i.sin_table_update)
    i.ssd1306_I2C_Init                       0x0800399c   Section        0  ssd1306_i2c.o(i.ssd1306_I2C_Init)
    i.ssd1306_I2C_Start                      0x08003a14   Section        0  ssd1306_i2c.o(i.ssd1306_I2C_Start)
    i.ssd1306_I2C_Stop                       0x08003a94   Section        0  ssd1306_i2c.o(i.ssd1306_I2C_Stop)
    i.ssd1306_I2C_Write                      0x08003ac8   Section        0  ssd1306_i2c.o(i.ssd1306_I2C_Write)
    i.ssd1306_I2C_WriteData                  0x08003af4   Section        0  ssd1306_i2c.o(i.ssd1306_I2C_WriteData)
    i.ssd1306_I2C_WriteMulti                 0x08003b14   Section        0  ssd1306_i2c.o(i.ssd1306_I2C_WriteMulti)
    i.timers                                 0x08003b50   Section        0  mainw3p.o(i.timers)
    locale$$code                             0x08003c18   Section       44  lc_numeric_c.o(locale$$code)
    x$fpl$d2f                                0x08003c44   Section       98  d2f.o(x$fpl$d2f)
    x$fpl$dadd                               0x08003ca8   Section      336  daddsub_clz.o(x$fpl$dadd)
    _dadd1                                   0x08003cb9   Thumb Code     0  daddsub_clz.o(x$fpl$dadd)
    x$fpl$dcheck1                            0x08003df8   Section       16  dcheck1.o(x$fpl$dcheck1)
    x$fpl$dcmpinf                            0x08003e08   Section       24  dcmpi.o(x$fpl$dcmpinf)
    x$fpl$ddiv                               0x08003e20   Section      688  ddiv.o(x$fpl$ddiv)
    ddiv_entry                               0x08003e27   Thumb Code     0  ddiv.o(x$fpl$ddiv)
    x$fpl$dfix                               0x080040d0   Section       94  dfix.o(x$fpl$dfix)
    x$fpl$dfixu                              0x08004130   Section       90  dfixu.o(x$fpl$dfixu)
    x$fpl$dflt                               0x0800418a   Section       46  dflt_clz.o(x$fpl$dflt)
    x$fpl$dfltu                              0x080041b8   Section       38  dflt_clz.o(x$fpl$dfltu)
    x$fpl$dleqf                              0x080041e0   Section      120  dleqf.o(x$fpl$dleqf)
    x$fpl$dmul                               0x08004258   Section      340  dmul.o(x$fpl$dmul)
    x$fpl$dnaninf                            0x080043ac   Section      156  dnaninf.o(x$fpl$dnaninf)
    x$fpl$dretinf                            0x08004448   Section       12  dretinf.o(x$fpl$dretinf)
    x$fpl$drleqf                             0x08004454   Section      108  drleqf.o(x$fpl$drleqf)
    x$fpl$drsb                               0x080044c0   Section       22  daddsub_clz.o(x$fpl$drsb)
    x$fpl$dsub                               0x080044d8   Section      468  daddsub_clz.o(x$fpl$dsub)
    _dsub1                                   0x080044e9   Thumb Code     0  daddsub_clz.o(x$fpl$dsub)
    x$fpl$f2d                                0x080046ac   Section       86  f2d.o(x$fpl$f2d)
    x$fpl$fadd                               0x08004704   Section      196  faddsub_clz.o(x$fpl$fadd)
    _fadd1                                   0x08004713   Thumb Code     0  faddsub_clz.o(x$fpl$fadd)
    x$fpl$fcheck1                            0x080047c8   Section       12  fcheck1.o(x$fpl$fcheck1)
    x$fpl$fcmp4                              0x080047d4   Section      142  fcmp4.o(x$fpl$fcmp4)
    x$fpl$fcmpinf                            0x08004862   Section       24  fcmpi.o(x$fpl$fcmpinf)
    x$fpl$fdiv                               0x0800487c   Section      388  fdiv.o(x$fpl$fdiv)
    _fdiv1                                   0x0800487d   Thumb Code     0  fdiv.o(x$fpl$fdiv)
    x$fpl$ffix                               0x08004a00   Section       54  ffix.o(x$fpl$ffix)
    x$fpl$ffixu                              0x08004a38   Section       62  ffixu.o(x$fpl$ffixu)
    x$fpl$fflt                               0x08004a78   Section       48  fflt_clz.o(x$fpl$fflt)
    x$fpl$ffltu                              0x08004aa8   Section       38  fflt_clz.o(x$fpl$ffltu)
    x$fpl$fmul                               0x08004ad0   Section      258  fmul.o(x$fpl$fmul)
    x$fpl$fnaninf                            0x08004bd2   Section      140  fnaninf.o(x$fpl$fnaninf)
    x$fpl$fretinf                            0x08004c5e   Section       10  fretinf.o(x$fpl$fretinf)
    x$fpl$fsub                               0x08004c68   Section      234  faddsub_clz.o(x$fpl$fsub)
    _fsub1                                   0x08004c77   Thumb Code     0  faddsub_clz.o(x$fpl$fsub)
    x$fpl$printf1                            0x08004d52   Section        4  printf1.o(x$fpl$printf1)
    x$fpl$retnan                             0x08004d56   Section      100  retnan.o(x$fpl$retnan)
    x$fpl$scalbn                             0x08004dba   Section       92  scalbn.o(x$fpl$scalbn)
    x$fpl$scalbnf                            0x08004e16   Section       76  scalbnf.o(x$fpl$scalbnf)
    x$fpl$trapveneer                         0x08004e62   Section       48  trapv.o(x$fpl$trapveneer)
    .constdata                               0x08004e92   Section     1900  fonts.o(.constdata)
    x$fpl$usenofp                            0x08004e92   Section        0  usenofp.o(x$fpl$usenofp)
    .constdata                               0x080055fe   Section     3420  fonts.o(.constdata)
    .constdata                               0x0800635a   Section     4940  fonts.o(.constdata)
    .constdata                               0x080076a8   Section       48  cos_i.o(.constdata)
    C                                        0x080076a8   Data          48  cos_i.o(.constdata)
    .constdata                               0x080076d8   Section      200  rred.o(.constdata)
    pio2s                                    0x080076d8   Data          48  rred.o(.constdata)
    twooverpi                                0x08007708   Data         152  rred.o(.constdata)
    .constdata                               0x080077a0   Section       40  sin_i.o(.constdata)
    S                                        0x080077a0   Data          40  sin_i.o(.constdata)
    .constdata                               0x080077c8   Section      148  bigflt0.o(.constdata)
    tenpwrs_x                                0x080077c8   Data          60  bigflt0.o(.constdata)
    tenpwrs_i                                0x08007804   Data          64  bigflt0.o(.constdata)
    locale$$data                             0x0800787c   Section       28  lc_numeric_c.o(locale$$data)
    __lcnum_c_name                           0x08007880   Data           2  lc_numeric_c.o(locale$$data)
    __lcnum_c_start                          0x08007888   Data           0  lc_numeric_c.o(locale$$data)
    __lcnum_c_point                          0x08007894   Data           0  lc_numeric_c.o(locale$$data)
    __lcnum_c_thousands                      0x08007896   Data           0  lc_numeric_c.o(locale$$data)
    __lcnum_c_grouping                       0x08007897   Data           0  lc_numeric_c.o(locale$$data)
    __lcnum_c_end                            0x08007898   Data           0  lc_numeric_c.o(locale$$data)
    .data                                    0x20000000   Section       48  mainw3p.o(.data)
    .data                                    0x20000030   Section        8  fonts.o(.data)
    .data                                    0x20000038   Section        8  fonts.o(.data)
    .data                                    0x20000040   Section        8  fonts.o(.data)
    .data                                    0x20000048   Section        6  ssd1306.o(.data)
    SSD1306                                  0x20000048   Data           6  ssd1306.o(.data)
    .data                                    0x20000050   Section        4  ssd1306_i2c.o(.data)
    ssd1306_I2C_Timeout                      0x20000050   Data           4  ssd1306_i2c.o(.data)
    .data                                    0x20000054   Section       20  stm32f10x_rcc.o(.data)
    ADCPrescTable                            0x20000054   Data           4  stm32f10x_rcc.o(.data)
    APBAHBPrescTable                         0x20000058   Data          16  stm32f10x_rcc.o(.data)
    .data                                    0x20000068   Section       20  system_stm32f10x.o(.data)
    .bss                                     0x2000007c   Section     1236  mainw3p.o(.bss)
    .bss                                     0x20000550   Section      512  ssd1306.o(.bss)
    SSD1306_Buffer                           0x20000550   Data         512  ssd1306.o(.bss)
    .bss                                     0x20000750   Section       96  libspace.o(.bss)
    HEAP                                     0x200007b0   Section      512  startup_stm32f10x_md.o(HEAP)
    Heap_Mem                                 0x200007b0   Data         512  startup_stm32f10x_md.o(HEAP)
    STACK                                    0x200009b0   Section     1024  startup_stm32f10x_md.o(STACK)
    Stack_Mem                                0x200009b0   Data        1024  startup_stm32f10x_md.o(STACK)
    __initial_sp                             0x20000db0   Data           0  startup_stm32f10x_md.o(STACK)

    Global Symbols

    Symbol Name                              Value     Ov Type        Size  Object(Section)

    BuildAttributes$$THM_ISAv4$P$D$K$B$S$PE$A:L22UL41UL21$X:L11$S22US41US21$IEEE1$IW$USESV6$~STKCKD$USESV7$~SHL$OTIME$ROPI$IEEEX$EBA8$UX$STANDARDLIB$REQ8$PRES8$EABIv2 0x00000000   Number         0  anon$$obj.o ABSOLUTE
    __ARM_use_no_argv                        0x00000000   Number         0  mainw3p.o ABSOLUTE
    _printf_flags                            0x00000000   Number         0  printf_stubs.o ABSOLUTE
    _printf_return_value                     0x00000000   Number         0  printf_stubs.o ABSOLUTE
    _printf_sizespec                         0x00000000   Number         0  printf_stubs.o ABSOLUTE
    _printf_widthprec                        0x00000000   Number         0  printf_stubs.o ABSOLUTE
    __ARM_exceptions_init                     - Undefined Weak Reference
    __alloca_initialize                       - Undefined Weak Reference
    __arm_preinit_                            - Undefined Weak Reference
    __cpp_initialize__aeabi_                  - Undefined Weak Reference
    __cxa_finalize                            - Undefined Weak Reference
    __sigvec_lookup                           - Undefined Weak Reference
    _atexit_init                              - Undefined Weak Reference
    _call_atexit_fns                          - Undefined Weak Reference
    _clock_init                               - Undefined Weak Reference
    _fp_trap_init                             - Undefined Weak Reference
    _fp_trap_shutdown                         - Undefined Weak Reference
    _get_lc_collate                           - Undefined Weak Reference
    _get_lc_ctype                             - Undefined Weak Reference
    _get_lc_monetary                          - Undefined Weak Reference
    _get_lc_time                              - Undefined Weak Reference
    _getenv_init                              - Undefined Weak Reference
    _handle_redirection                       - Undefined Weak Reference
    _init_alloc                               - Undefined Weak Reference
    _init_user_alloc                          - Undefined Weak Reference
    _initio                                   - Undefined Weak Reference
    _printf_post_padding                      - Undefined Weak Reference
    _printf_pre_padding                       - Undefined Weak Reference
    _printf_truncate_signed                   - Undefined Weak Reference
    _printf_truncate_unsigned                 - Undefined Weak Reference
    _rand_init                                - Undefined Weak Reference
    _signal_finish                            - Undefined Weak Reference
    _signal_init                              - Undefined Weak Reference
    _terminate_alloc                          - Undefined Weak Reference
    _terminate_user_alloc                     - Undefined Weak Reference
    _terminateio                              - Undefined Weak Reference
    __Vectors_Size                           0x000000ec   Number         0  startup_stm32f10x_md.o ABSOLUTE
    __Vectors                                0x08000000   Data           4  startup_stm32f10x_md.o(RESET)
    __Vectors_End                            0x080000ec   Data           0  startup_stm32f10x_md.o(RESET)
    __main                                   0x080000ed   Thumb Code     8  __main.o(!!!main)
    __scatterload                            0x080000f5   Thumb Code     0  __scatter.o(!!!scatter)
    __scatterload_rt2                        0x080000f5   Thumb Code    44  __scatter.o(!!!scatter)
    __scatterload_rt2_thumb_only             0x080000f5   Thumb Code     0  __scatter.o(!!!scatter)
    __scatterload_null                       0x08000103   Thumb Code     0  __scatter.o(!!!scatter)
    __scatterload_copy                       0x08000129   Thumb Code    26  __scatter_copy.o(!!handler_copy)
    __scatterload_zeroinit                   0x08000145   Thumb Code    28  __scatter_zi.o(!!handler_zi)
    _printf_f                                0x08000161   Thumb Code     0  _printf_f.o(.ARM.Collect$$_printf_percent$$00000003)
    _printf_percent                          0x08000161   Thumb Code     0  _printf_percent.o(.ARM.Collect$$_printf_percent$$00000000)
    _printf_d                                0x08000167   Thumb Code     0  _printf_d.o(.ARM.Collect$$_printf_percent$$00000009)
    _printf_percent_end                      0x0800016d   Thumb Code     0  _printf_percent_end.o(.ARM.Collect$$_printf_percent$$00000017)
    __rt_lib_init                            0x08000171   Thumb Code     0  libinit.o(.ARM.Collect$$libinit$$00000000)
    __rt_lib_init_fp_1                       0x08000173   Thumb Code     0  libinit2.o(.ARM.Collect$$libinit$$00000002)
    __rt_lib_init_heap_1                     0x08000173   Thumb Code     0  libinit2.o(.ARM.Collect$$libinit$$0000000A)
    __rt_lib_init_lc_common                  0x08000173   Thumb Code     0  libinit2.o(.ARM.Collect$$libinit$$0000000F)
    __rt_lib_init_preinit_1                  0x08000173   Thumb Code     0  libinit2.o(.ARM.Collect$$libinit$$00000004)
    __rt_lib_init_rand_1                     0x08000173   Thumb Code     0  libinit2.o(.ARM.Collect$$libinit$$0000000E)
    __rt_lib_init_user_alloc_1               0x08000173   Thumb Code     0  libinit2.o(.ARM.Collect$$libinit$$0000000C)
    __rt_lib_init_lc_collate_1               0x08000179   Thumb Code     0  libinit2.o(.ARM.Collect$$libinit$$00000011)
    __rt_lib_init_lc_ctype_1                 0x08000179   Thumb Code     0  libinit2.o(.ARM.Collect$$libinit$$00000013)
    __rt_lib_init_lc_monetary_1              0x08000179   Thumb Code     0  libinit2.o(.ARM.Collect$$libinit$$00000015)
    __rt_lib_init_lc_numeric_2               0x08000179   Thumb Code     0  libinit2.o(.ARM.Collect$$libinit$$00000016)
    __rt_lib_init_alloca_1                   0x08000183   Thumb Code     0  libinit2.o(.ARM.Collect$$libinit$$0000002E)
    __rt_lib_init_argv_1                     0x08000183   Thumb Code     0  libinit2.o(.ARM.Collect$$libinit$$0000002C)
    __rt_lib_init_atexit_1                   0x08000183   Thumb Code     0  libinit2.o(.ARM.Collect$$libinit$$0000001B)
    __rt_lib_init_clock_1                    0x08000183   Thumb Code     0  libinit2.o(.ARM.Collect$$libinit$$00000021)
    __rt_lib_init_cpp_1                      0x08000183   Thumb Code     0  libinit2.o(.ARM.Collect$$libinit$$00000032)
    __rt_lib_init_exceptions_1               0x08000183   Thumb Code     0  libinit2.o(.ARM.Collect$$libinit$$00000030)
    __rt_lib_init_fp_trap_1                  0x08000183   Thumb Code     0  libinit2.o(.ARM.Collect$$libinit$$0000001F)
    __rt_lib_init_getenv_1                   0x08000183   Thumb Code     0  libinit2.o(.ARM.Collect$$libinit$$00000023)
    __rt_lib_init_lc_numeric_1               0x08000183   Thumb Code     0  libinit2.o(.ARM.Collect$$libinit$$00000017)
    __rt_lib_init_lc_time_1                  0x08000183   Thumb Code     0  libinit2.o(.ARM.Collect$$libinit$$00000019)
    __rt_lib_init_return                     0x08000183   Thumb Code     0  libinit2.o(.ARM.Collect$$libinit$$00000033)
    __rt_lib_init_signal_1                   0x08000183   Thumb Code     0  libinit2.o(.ARM.Collect$$libinit$$0000001D)
    __rt_lib_init_stdio_1                    0x08000183   Thumb Code     0  libinit2.o(.ARM.Collect$$libinit$$00000025)
    __rt_lib_shutdown                        0x08000185   Thumb Code     0  libshutdown.o(.ARM.Collect$$libshutdown$$00000000)
    __rt_lib_shutdown_cpp_1                  0x08000187   Thumb Code     0  libshutdown2.o(.ARM.Collect$$libshutdown$$00000002)
    __rt_lib_shutdown_fp_trap_1              0x08000187   Thumb Code     0  libshutdown2.o(.ARM.Collect$$libshutdown$$00000007)
    __rt_lib_shutdown_heap_1                 0x08000187   Thumb Code     0  libshutdown2.o(.ARM.Collect$$libshutdown$$0000000F)
    __rt_lib_shutdown_return                 0x08000187   Thumb Code     0  libshutdown2.o(.ARM.Collect$$libshutdown$$00000010)
    __rt_lib_shutdown_signal_1               0x08000187   Thumb Code     0  libshutdown2.o(.ARM.Collect$$libshutdown$$0000000A)
    __rt_lib_shutdown_stdio_1                0x08000187   Thumb Code     0  libshutdown2.o(.ARM.Collect$$libshutdown$$00000004)
    __rt_lib_shutdown_user_alloc_1           0x08000187   Thumb Code     0  libshutdown2.o(.ARM.Collect$$libshutdown$$0000000C)
    __rt_entry                               0x08000189   Thumb Code     0  __rtentry.o(.ARM.Collect$$rtentry$$00000000)
    __rt_entry_presh_1                       0x08000189   Thumb Code     0  __rtentry2.o(.ARM.Collect$$rtentry$$00000002)
    __rt_entry_sh                            0x08000189   Thumb Code     0  __rtentry4.o(.ARM.Collect$$rtentry$$00000004)
    __rt_entry_li                            0x0800018f   Thumb Code     0  __rtentry2.o(.ARM.Collect$$rtentry$$0000000A)
    __rt_entry_postsh_1                      0x0800018f   Thumb Code     0  __rtentry2.o(.ARM.Collect$$rtentry$$00000009)
    __rt_entry_main                          0x08000193   Thumb Code     0  __rtentry2.o(.ARM.Collect$$rtentry$$0000000D)
    __rt_entry_postli_1                      0x08000193   Thumb Code     0  __rtentry2.o(.ARM.Collect$$rtentry$$0000000C)
    __rt_exit                                0x0800019b   Thumb Code     0  rtexit.o(.ARM.Collect$$rtexit$$00000000)
    __rt_exit_ls                             0x0800019d   Thumb Code     0  rtexit2.o(.ARM.Collect$$rtexit$$00000003)
    __rt_exit_prels_1                        0x0800019d   Thumb Code     0  rtexit2.o(.ARM.Collect$$rtexit$$00000002)
    __rt_exit_exit                           0x080001a1   Thumb Code     0  rtexit2.o(.ARM.Collect$$rtexit$$00000004)
    Reset_Handler                            0x080001a9   Thumb Code     8  startup_stm32f10x_md.o(.text)
    NMI_Handler                              0x080001b1   Thumb Code     2  startup_stm32f10x_md.o(.text)
    HardFault_Handler                        0x080001b3   Thumb Code     2  startup_stm32f10x_md.o(.text)
    MemManage_Handler                        0x080001b5   Thumb Code     2  startup_stm32f10x_md.o(.text)
    BusFault_Handler                         0x080001b7   Thumb Code     2  startup_stm32f10x_md.o(.text)
    UsageFault_Handler                       0x080001b9   Thumb Code     2  startup_stm32f10x_md.o(.text)
    SVC_Handler                              0x080001bb   Thumb Code     2  startup_stm32f10x_md.o(.text)
    DebugMon_Handler                         0x080001bd   Thumb Code     2  startup_stm32f10x_md.o(.text)
    PendSV_Handler                           0x080001bf   Thumb Code     2  startup_stm32f10x_md.o(.text)
    SysTick_Handler                          0x080001c1   Thumb Code     2  startup_stm32f10x_md.o(.text)
    CAN1_RX1_IRQHandler                      0x080001c3   Thumb Code     0  startup_stm32f10x_md.o(.text)
    CAN1_SCE_IRQHandler                      0x080001c3   Thumb Code     0  startup_stm32f10x_md.o(.text)
    DMA1_Channel1_IRQHandler                 0x080001c3   Thumb Code     0  startup_stm32f10x_md.o(.text)
    DMA1_Channel2_IRQHandler                 0x080001c3   Thumb Code     0  startup_stm32f10x_md.o(.text)
    DMA1_Channel3_IRQHandler                 0x080001c3   Thumb Code     0  startup_stm32f10x_md.o(.text)
    DMA1_Channel4_IRQHandler                 0x080001c3   Thumb Code     0  startup_stm32f10x_md.o(.text)
    DMA1_Channel5_IRQHandler                 0x080001c3   Thumb Code     0  startup_stm32f10x_md.o(.text)
    DMA1_Channel6_IRQHandler                 0x080001c3   Thumb Code     0  startup_stm32f10x_md.o(.text)
    DMA1_Channel7_IRQHandler                 0x080001c3   Thumb Code     0  startup_stm32f10x_md.o(.text)
    EXTI0_IRQHandler                         0x080001c3   Thumb Code     0  startup_stm32f10x_md.o(.text)
    EXTI15_10_IRQHandler                     0x080001c3   Thumb Code     0  startup_stm32f10x_md.o(.text)
    EXTI1_IRQHandler                         0x080001c3   Thumb Code     0  startup_stm32f10x_md.o(.text)
    EXTI2_IRQHandler                         0x080001c3   Thumb Code     0  startup_stm32f10x_md.o(.text)
    EXTI3_IRQHandler                         0x080001c3   Thumb Code     0  startup_stm32f10x_md.o(.text)
    EXTI4_IRQHandler                         0x080001c3   Thumb Code     0  startup_stm32f10x_md.o(.text)
    EXTI9_5_IRQHandler                       0x080001c3   Thumb Code     0  startup_stm32f10x_md.o(.text)
    FLASH_IRQHandler                         0x080001c3   Thumb Code     0  startup_stm32f10x_md.o(.text)
    I2C1_ER_IRQHandler                       0x080001c3   Thumb Code     0  startup_stm32f10x_md.o(.text)
    I2C1_EV_IRQHandler                       0x080001c3   Thumb Code     0  startup_stm32f10x_md.o(.text)
    I2C2_ER_IRQHandler                       0x080001c3   Thumb Code     0  startup_stm32f10x_md.o(.text)
    I2C2_EV_IRQHandler                       0x080001c3   Thumb Code     0  startup_stm32f10x_md.o(.text)
    PVD_IRQHandler                           0x080001c3   Thumb Code     0  startup_stm32f10x_md.o(.text)
    RCC_IRQHandler                           0x080001c3   Thumb Code     0  startup_stm32f10x_md.o(.text)
    RTCAlarm_IRQHandler                      0x080001c3   Thumb Code     0  startup_stm32f10x_md.o(.text)
    RTC_IRQHandler                           0x080001c3   Thumb Code     0  startup_stm32f10x_md.o(.text)
    SPI1_IRQHandler                          0x080001c3   Thumb Code     0  startup_stm32f10x_md.o(.text)
    SPI2_IRQHandler                          0x080001c3   Thumb Code     0  startup_stm32f10x_md.o(.text)
    TAMPER_IRQHandler                        0x080001c3   Thumb Code     0  startup_stm32f10x_md.o(.text)
    TIM1_BRK_IRQHandler                      0x080001c3   Thumb Code     0  startup_stm32f10x_md.o(.text)
    TIM1_CC_IRQHandler                       0x080001c3   Thumb Code     0  startup_stm32f10x_md.o(.text)
    TIM1_TRG_COM_IRQHandler                  0x080001c3   Thumb Code     0  startup_stm32f10x_md.o(.text)
    TIM1_UP_IRQHandler                       0x080001c3   Thumb Code     0  startup_stm32f10x_md.o(.text)
    TIM2_IRQHandler                          0x080001c3   Thumb Code     0  startup_stm32f10x_md.o(.text)
    TIM3_IRQHandler                          0x080001c3   Thumb Code     0  startup_stm32f10x_md.o(.text)
    TIM4_IRQHandler                          0x080001c3   Thumb Code     0  startup_stm32f10x_md.o(.text)
    USART1_IRQHandler                        0x080001c3   Thumb Code     0  startup_stm32f10x_md.o(.text)
    USART2_IRQHandler                        0x080001c3   Thumb Code     0  startup_stm32f10x_md.o(.text)
    USART3_IRQHandler                        0x080001c3   Thumb Code     0  startup_stm32f10x_md.o(.text)
    USBWakeUp_IRQHandler                     0x080001c3   Thumb Code     0  startup_stm32f10x_md.o(.text)
    USB_HP_CAN1_TX_IRQHandler                0x080001c3   Thumb Code     0  startup_stm32f10x_md.o(.text)
    USB_LP_CAN1_RX0_IRQHandler               0x080001c3   Thumb Code     0  startup_stm32f10x_md.o(.text)
    WWDG_IRQHandler                          0x080001c3   Thumb Code     0  startup_stm32f10x_md.o(.text)
    __user_initial_stackheap                 0x080001c5   Thumb Code     0  startup_stm32f10x_md.o(.text)
    __2sprintf                               0x080001e9   Thumb Code    34  noretval__2sprintf.o(.text)
    _printf_int_dec                          0x08000211   Thumb Code   104  _printf_dec.o(.text)
    __printf                                 0x08000289   Thumb Code   270  __printf_wp.o(.text)
    __aeabi_memset                           0x08000397   Thumb Code    16  aeabi_memset.o(.text)
    __aeabi_memclr                           0x080003a7   Thumb Code     0  rt_memclr.o(.text)
    __rt_memclr                              0x080003a7   Thumb Code    68  rt_memclr.o(.text)
    _memset                                  0x080003ab   Thumb Code     0  rt_memclr.o(.text)
    __aeabi_memclr4                          0x080003eb   Thumb Code     0  rt_memclr_w.o(.text)
    __aeabi_memclr8                          0x080003eb   Thumb Code     0  rt_memclr_w.o(.text)
    __rt_memclr_w                            0x080003eb   Thumb Code    78  rt_memclr_w.o(.text)
    _memset_w                                0x080003ef   Thumb Code     0  rt_memclr_w.o(.text)
    __use_two_region_memory                  0x08000439   Thumb Code     2  heapauxi.o(.text)
    __rt_heap_escrow$2region                 0x0800043b   Thumb Code     2  heapauxi.o(.text)
    __rt_heap_expand$2region                 0x0800043d   Thumb Code     2  heapauxi.o(.text)
    __read_errno                             0x0800043f   Thumb Code    10  _rserrno.o(.text)
    __set_errno                              0x08000449   Thumb Code    12  _rserrno.o(.text)
    _printf_int_common                       0x08000455   Thumb Code   178  _printf_intcommon.o(.text)
    __lib_sel_fp_printf                      0x08000507   Thumb Code     2  _printf_fp_dec.o(.text)
    _printf_fp_dec_real                      0x080006b9   Thumb Code   620  _printf_fp_dec.o(.text)
    _printf_char_common                      0x0800092f   Thumb Code    32  _printf_char_common.o(.text)
    _sputc                                   0x08000955   Thumb Code    10  _sputc.o(.text)
    __rt_locale                              0x08000961   Thumb Code     8  rt_locale_intlibspace.o(.text)
    __aeabi_errno_addr                       0x08000969   Thumb Code     8  rt_errno_addr_intlibspace.o(.text)
    __errno$intlibspace                      0x08000969   Thumb Code     0  rt_errno_addr_intlibspace.o(.text)
    __rt_errno_addr$intlibspace              0x08000969   Thumb Code     0  rt_errno_addr_intlibspace.o(.text)
    _ll_udiv10                               0x08000971   Thumb Code   138  lludiv10.o(.text)
    _printf_fp_infnan                        0x080009fd   Thumb Code   112  _printf_fp_infnan.o(.text)
    _btod_etento                             0x08000a7d   Thumb Code   224  bigflt0.o(.text)
    __user_libspace                          0x08000b61   Thumb Code     8  libspace.o(.text)
    __user_perproc_libspace                  0x08000b61   Thumb Code     0  libspace.o(.text)
    __user_perthread_libspace                0x08000b61   Thumb Code     0  libspace.o(.text)
    __user_setup_stackheap                   0x08000b69   Thumb Code    74  sys_stackheap_outer.o(.text)
    exit                                     0x08000bb3   Thumb Code    18  exit.o(.text)
    strcmp                                   0x08000bc5   Thumb Code   128  strcmpv7m.o(.text)
    _sys_exit                                0x08000c45   Thumb Code     8  sys_exit.o(.text)
    __I$use$semihosting                      0x08000c51   Thumb Code     0  use_no_semi.o(.text)
    __use_no_semihosting_swi                 0x08000c51   Thumb Code     2  use_no_semi.o(.text)
    __semihosting_library_function           0x08000c53   Thumb Code     0  indicate_semi.o(.text)
    _btod_d2e                                0x08000c53   Thumb Code    62  btod.o(CL$$btod_d2e)
    _d2e_denorm_low                          0x08000c91   Thumb Code    70  btod.o(CL$$btod_d2e_denorm_low)
    _d2e_norm_op1                            0x08000cd7   Thumb Code    96  btod.o(CL$$btod_d2e_norm_op1)
    __btod_div_common                        0x08000d37   Thumb Code   696  btod.o(CL$$btod_div_common)
    _e2e                                     0x0800106f   Thumb Code   220  btod.o(CL$$btod_e2e)
    _btod_ediv                               0x0800114b   Thumb Code    42  btod.o(CL$$btod_ediv)
    _btod_emul                               0x08001175   Thumb Code    42  btod.o(CL$$btod_emul)
    __btod_mult_common                       0x0800119f   Thumb Code   580  btod.o(CL$$btod_mult_common)
    ADC1_2_IRQHandler                        0x080013e5   Thumb Code   160  mainw3p.o(i.ADC1_2_IRQHandler)
    ADC_ClearITPendingBit                    0x08001499   Thumb Code     8  stm32f10x_adc.o(i.ADC_ClearITPendingBit)
    ADC_Cmd                                  0x080014a1   Thumb Code    20  stm32f10x_adc.o(i.ADC_Cmd)
    ADC_GetCalibrationStatus                 0x080014b5   Thumb Code    14  stm32f10x_adc.o(i.ADC_GetCalibrationStatus)
    ADC_GetConversionValue                   0x080014c3   Thumb Code     6  stm32f10x_adc.o(i.ADC_GetConversionValue)
    ADC_GetFlagStatus                        0x080014c9   Thumb Code    14  stm32f10x_adc.o(i.ADC_GetFlagStatus)
    ADC_GetITStatus                          0x080014d7   Thumb Code    28  stm32f10x_adc.o(i.ADC_GetITStatus)
    ADC_GetResetCalibrationStatus            0x080014f3   Thumb Code    14  stm32f10x_adc.o(i.ADC_GetResetCalibrationStatus)
    ADC_Init                                 0x08001501   Thumb Code    62  stm32f10x_adc.o(i.ADC_Init)
    ADC_RegularChannelConfig                 0x08001549   Thumb Code   116  stm32f10x_adc.o(i.ADC_RegularChannelConfig)
    ADC_ResetCalibration                     0x080015bd   Thumb Code    10  stm32f10x_adc.o(i.ADC_ResetCalibration)
    ADC_SoftwareStartConvCmd                 0x080015c7   Thumb Code    20  stm32f10x_adc.o(i.ADC_SoftwareStartConvCmd)
    ADC_StartCalibration                     0x080015db   Thumb Code    10  stm32f10x_adc.o(i.ADC_StartCalibration)
    ADC_StructInit                           0x080015e5   Thumb Code    18  stm32f10x_adc.o(i.ADC_StructInit)
    Abs                                      0x080015f7   Thumb Code     8  mainw3p.o(i.Abs)
    AmpControlOK                             0x08001601   Thumb Code   220  mainw3p.o(i.AmpControlOK)
    DMA_Cmd                                  0x080016f1   Thumb Code    22  stm32f10x_dma.o(i.DMA_Cmd)
    DMA_Init                                 0x08001707   Thumb Code    58  stm32f10x_dma.o(i.DMA_Init)
    DMA_StructInit                           0x08001741   Thumb Code    26  stm32f10x_dma.o(i.DMA_StructInit)
    DoErrorState                             0x0800175d   Thumb Code    28  mainw3p.o(i.DoErrorState)
    FLASH_ErasePage                          0x08001781   Thumb Code    56  stm32f10x_flash.o(i.FLASH_ErasePage)
    FLASH_GetBank1Status                     0x080017bd   Thumb Code    34  stm32f10x_flash.o(i.FLASH_GetBank1Status)
    FLASH_Init                               0x080017e5   Thumb Code    18  flash.o(i.FLASH_Init)
    FLASH_Lock                               0x080017f9   Thumb Code    12  stm32f10x_flash.o(i.FLASH_Lock)
    FLASH_PrefetchBufferCmd                  0x08001809   Thumb Code    18  stm32f10x_flash.o(i.FLASH_PrefetchBufferCmd)
    FLASH_ProgramWord                        0x08001821   Thumb Code    76  stm32f10x_flash.o(i.FLASH_ProgramWord)
    FLASH_ReadSettings                       0x08001871   Thumb Code    18  flash.o(i.FLASH_ReadSettings)
    FLASH_SetLatency                         0x08001889   Thumb Code    14  stm32f10x_flash.o(i.FLASH_SetLatency)
    FLASH_Unlock                             0x0800189d   Thumb Code    12  stm32f10x_flash.o(i.FLASH_Unlock)
    FLASH_WaitForLastOperation               0x080018b5   Thumb Code    34  stm32f10x_flash.o(i.FLASH_WaitForLastOperation)
    FLASH_WriteSettings                      0x080018d9   Thumb Code    46  flash.o(i.FLASH_WriteSettings)
    GPIO_Init                                0x0800190d   Thumb Code   156  stm32f10x_gpio.o(i.GPIO_Init)
    GPIO_ReadInputDataBit                    0x080019a9   Thumb Code    14  stm32f10x_gpio.o(i.GPIO_ReadInputDataBit)
    GPIO_ResetBits                           0x080019b7   Thumb Code     4  stm32f10x_gpio.o(i.GPIO_ResetBits)
    GPIO_SetBits                             0x080019bb   Thumb Code     4  stm32f10x_gpio.o(i.GPIO_SetBits)
    GPIO_StructInit                          0x080019bf   Thumb Code    16  stm32f10x_gpio.o(i.GPIO_StructInit)
    GetValFriq                               0x080019d1   Thumb Code   126  mainw3p.o(i.GetValFriq)
    I2C_CheckEvent                           0x08001a69   Thumb Code    24  stm32f10x_i2c.o(i.I2C_CheckEvent)
    I2C_Cmd                                  0x08001a81   Thumb Code    20  stm32f10x_i2c.o(i.I2C_Cmd)
    I2C_Init                                 0x08001a95   Thumb Code   178  stm32f10x_i2c.o(i.I2C_Init)
    InitIO2Manual                            0x08001b51   Thumb Code   188  mainw3p.o(i.InitIO2Manual)
    LoadSettings                             0x08001c19   Thumb Code   104  mainw3p.o(i.LoadSettings)
    PowerInit                                0x08001c8d   Thumb Code    82  mainw3p.o(i.PowerInit)
    RCC_AHBPeriphClockCmd                    0x08001ce9   Thumb Code    18  stm32f10x_rcc.o(i.RCC_AHBPeriphClockCmd)
    RCC_APB1PeriphClockCmd                   0x08001d01   Thumb Code    18  stm32f10x_rcc.o(i.RCC_APB1PeriphClockCmd)
    RCC_APB2PeriphClockCmd                   0x08001d19   Thumb Code    18  stm32f10x_rcc.o(i.RCC_APB2PeriphClockCmd)
    RCC_GetClocksFreq                        0x08001d31   Thumb Code   132  stm32f10x_rcc.o(i.RCC_GetClocksFreq)
    SSD1306_DrawPixel                        0x08001dc5   Thumb Code    56  ssd1306.o(i.SSD1306_DrawPixel)
    SSD1306_Fill                             0x08001e05   Thumb Code    18  ssd1306.o(i.SSD1306_Fill)
    SSD1306_GotoXY                           0x08001e1d   Thumb Code     8  ssd1306.o(i.SSD1306_GotoXY)
    SSD1306_Init                             0x08001e29   Thumb Code   376  ssd1306.o(i.SSD1306_Init)
    SSD1306_Putc                             0x08001fa9   Thumb Code   154  ssd1306.o(i.SSD1306_Putc)
    SSD1306_Puts                             0x08002049   Thumb Code    40  ssd1306.o(i.SSD1306_Puts)
    SSD1306_UpdateScreen                     0x08002071   Thumb Code    76  ssd1306.o(i.SSD1306_UpdateScreen)
    SaveSettings                             0x080020c5   Thumb Code    90  mainw3p.o(i.SaveSettings)
    SetFrequency                             0x08002129   Thumb Code   120  mainw3p.o(i.SetFrequency)
    SetPrescaler                             0x080021c5   Thumb Code    98  mainw3p.o(i.SetPrescaler)
    Start                                    0x080022dd   Thumb Code   240  mainw3p.o(i.Start)
    Stop                                     0x080023f5   Thumb Code   280  mainw3p.o(i.Stop)
    SystemInit                               0x08002545   Thumb Code    64  system_stm32f10x.o(i.SystemInit)
    TIM_BDTRConfig                           0x08002595   Thumb Code    34  stm32f10x_tim.o(i.TIM_BDTRConfig)
    TIM_Cmd                                  0x080025b7   Thumb Code    20  stm32f10x_tim.o(i.TIM_Cmd)
    TIM_CtrlPWMOutputs                       0x080025cb   Thumb Code    22  stm32f10x_tim.o(i.TIM_CtrlPWMOutputs)
    TIM_DMACmd                               0x080025e1   Thumb Code    16  stm32f10x_tim.o(i.TIM_DMACmd)
    TIM_OC1Init                              0x080025f1   Thumb Code   106  stm32f10x_tim.o(i.TIM_OC1Init)
    TIM_OC1PreloadConfig                     0x08002671   Thumb Code    12  stm32f10x_tim.o(i.TIM_OC1PreloadConfig)
    TIM_OC2Init                              0x0800267d   Thumb Code   120  stm32f10x_tim.o(i.TIM_OC2Init)
    TIM_OC2PreloadConfig                     0x080026fd   Thumb Code    20  stm32f10x_tim.o(i.TIM_OC2PreloadConfig)
    TIM_OC3Init                              0x08002711   Thumb Code   116  stm32f10x_tim.o(i.TIM_OC3Init)
    TIM_OC3PreloadConfig                     0x0800278d   Thumb Code    12  stm32f10x_tim.o(i.TIM_OC3PreloadConfig)
    TIM_TimeBaseInit                         0x08002799   Thumb Code   114  stm32f10x_tim.o(i.TIM_TimeBaseInit)
    TIM_TimeBaseStructInit                   0x08002835   Thumb Code    18  stm32f10x_tim.o(i.TIM_TimeBaseStructInit)
    TempControl                              0x08002849   Thumb Code    40  mainw3p.o(i.TempControl)
    ToStart                                  0x08002875   Thumb Code    44  mainw3p.o(i.ToStart)
    ToStop                                   0x080028ad   Thumb Code    44  mainw3p.o(i.ToStop)
    UpdateLCD                                0x080028e5   Thumb Code   586  mainw3p.o(i.UpdateLCD)
    __ARM_fpclassify                         0x08002c3d   Thumb Code    40  fpclassify.o(i.__ARM_fpclassify)
    __ieee754_rem_pio2                       0x08002c65   Thumb Code   828  rred.o(i.__ieee754_rem_pio2)
    __kernel_cos                             0x08002fed   Thumb Code   230  cos_i.o(i.__kernel_cos)
    __kernel_poly                            0x080030e9   Thumb Code   170  poly.o(i.__kernel_poly)
    __kernel_sin                             0x08003195   Thumb Code   224  sin_i.o(i.__kernel_sin)
    __mathlib_dbl_infnan                     0x08003281   Thumb Code     6  dunder.o(i.__mathlib_dbl_infnan)
    __mathlib_dbl_invalid                    0x08003287   Thumb Code    12  dunder.o(i.__mathlib_dbl_invalid)
    __mathlib_dbl_underflow                  0x08003295   Thumb Code    10  dunder.o(i.__mathlib_dbl_underflow)
    _is_digit                                0x080032a5   Thumb Code    14  __printf_wp.o(i._is_digit)
    adc_init                                 0x080032b5   Thumb Code    98  mainw3p.o(i.adc_init)
    analogRead                               0x0800331d   Thumb Code    46  mainw3p.o(i.analogRead)
    delay_ms                                 0x08003351   Thumb Code    54  mainw3p.o(i.delay_ms)
    fminf                                    0x08003395   Thumb Code    40  fminf.o(i.fminf)
    initIO                                   0x080033bd   Thumb Code    68  mainw3p.o(i.initIO)
    main                                     0x08003409   Thumb Code   634  mainw3p.o(i.main)
    sin                                      0x080036a9   Thumb Code   150  sin.o(i.sin)
    sinDMA_PhaseA                            0x08003749   Thumb Code    92  mainw3p.o(i.sinDMA_PhaseA)
    sinDMA_PhaseB                            0x080037b1   Thumb Code    84  mainw3p.o(i.sinDMA_PhaseB)
    sinDMA_PhaseC                            0x08003811   Thumb Code    84  mainw3p.o(i.sinDMA_PhaseC)
    ssd1306_I2C_Init                         0x0800399d   Thumb Code   106  ssd1306_i2c.o(i.ssd1306_I2C_Init)
    ssd1306_I2C_Start                        0x08003a15   Thumb Code   118  ssd1306_i2c.o(i.ssd1306_I2C_Start)
    ssd1306_I2C_Stop                         0x08003a95   Thumb Code    46  ssd1306_i2c.o(i.ssd1306_I2C_Stop)
    ssd1306_I2C_Write                        0x08003ac9   Thumb Code    42  ssd1306_i2c.o(i.ssd1306_I2C_Write)
    ssd1306_I2C_WriteData                    0x08003af5   Thumb Code    26  ssd1306_i2c.o(i.ssd1306_I2C_WriteData)
    ssd1306_I2C_WriteMulti                   0x08003b15   Thumb Code    58  ssd1306_i2c.o(i.ssd1306_I2C_WriteMulti)
    timers                                   0x08003b51   Thumb Code   190  mainw3p.o(i.timers)
    _get_lc_numeric                          0x08003c19   Thumb Code    44  lc_numeric_c.o(locale$$code)
    __aeabi_d2f                              0x08003c45   Thumb Code     0  d2f.o(x$fpl$d2f)
    _d2f                                     0x08003c45   Thumb Code    98  d2f.o(x$fpl$d2f)
    __aeabi_dadd                             0x08003ca9   Thumb Code     0  daddsub_clz.o(x$fpl$dadd)
    _dadd                                    0x08003ca9   Thumb Code   332  daddsub_clz.o(x$fpl$dadd)
    __fpl_dcheck_NaN1                        0x08003df9   Thumb Code    10  dcheck1.o(x$fpl$dcheck1)
    __fpl_dcmp_Inf                           0x08003e09   Thumb Code    24  dcmpi.o(x$fpl$dcmpinf)
    __aeabi_ddiv                             0x08003e21   Thumb Code     0  ddiv.o(x$fpl$ddiv)
    _ddiv                                    0x08003e21   Thumb Code   552  ddiv.o(x$fpl$ddiv)
    __aeabi_d2iz                             0x080040d1   Thumb Code     0  dfix.o(x$fpl$dfix)
    _dfix                                    0x080040d1   Thumb Code    94  dfix.o(x$fpl$dfix)
    __aeabi_d2uiz                            0x08004131   Thumb Code     0  dfixu.o(x$fpl$dfixu)
    _dfixu                                   0x08004131   Thumb Code    90  dfixu.o(x$fpl$dfixu)
    __aeabi_i2d                              0x0800418b   Thumb Code     0  dflt_clz.o(x$fpl$dflt)
    _dflt                                    0x0800418b   Thumb Code    46  dflt_clz.o(x$fpl$dflt)
    __aeabi_ui2d                             0x080041b9   Thumb Code     0  dflt_clz.o(x$fpl$dfltu)
    _dfltu                                   0x080041b9   Thumb Code    38  dflt_clz.o(x$fpl$dfltu)
    __aeabi_cdcmple                          0x080041e1   Thumb Code     0  dleqf.o(x$fpl$dleqf)
    _dcmple                                  0x080041e1   Thumb Code   120  dleqf.o(x$fpl$dleqf)
    __fpl_dcmple_InfNaN                      0x08004243   Thumb Code     0  dleqf.o(x$fpl$dleqf)
    __aeabi_dmul                             0x08004259   Thumb Code     0  dmul.o(x$fpl$dmul)
    _dmul                                    0x08004259   Thumb Code   332  dmul.o(x$fpl$dmul)
    __fpl_dnaninf                            0x080043ad   Thumb Code   156  dnaninf.o(x$fpl$dnaninf)
    __fpl_dretinf                            0x08004449   Thumb Code    12  dretinf.o(x$fpl$dretinf)
    __aeabi_cdrcmple                         0x08004455   Thumb Code     0  drleqf.o(x$fpl$drleqf)
    _drcmple                                 0x08004455   Thumb Code   108  drleqf.o(x$fpl$drleqf)
    __aeabi_drsub                            0x080044c1   Thumb Code     0  daddsub_clz.o(x$fpl$drsb)
    _drsb                                    0x080044c1   Thumb Code    22  daddsub_clz.o(x$fpl$drsb)
    __aeabi_dsub                             0x080044d9   Thumb Code     0  daddsub_clz.o(x$fpl$dsub)
    _dsub                                    0x080044d9   Thumb Code   464  daddsub_clz.o(x$fpl$dsub)
    __aeabi_f2d                              0x080046ad   Thumb Code     0  f2d.o(x$fpl$f2d)
    _f2d                                     0x080046ad   Thumb Code    86  f2d.o(x$fpl$f2d)
    __aeabi_fadd                             0x08004705   Thumb Code     0  faddsub_clz.o(x$fpl$fadd)
    _fadd                                    0x08004705   Thumb Code   196  faddsub_clz.o(x$fpl$fadd)
    __fpl_fcheck_NaN1                        0x080047c9   Thumb Code     6  fcheck1.o(x$fpl$fcheck1)
    __fcmp4                                  0x080047d5   Thumb Code    82  fcmp4.o(x$fpl$fcmp4)
    __ARM_fcmp4                              0x08004827   Thumb Code     0  fcmp4.o(x$fpl$fcmp4)
    _fcmp4                                   0x08004827   Thumb Code    60  fcmp4.o(x$fpl$fcmp4)
    __fpl_fcmp_Inf                           0x08004863   Thumb Code    24  fcmpi.o(x$fpl$fcmpinf)
    __aeabi_fdiv                             0x0800487d   Thumb Code     0  fdiv.o(x$fpl$fdiv)
    _fdiv                                    0x0800487d   Thumb Code   384  fdiv.o(x$fpl$fdiv)
    __aeabi_f2iz                             0x08004a01   Thumb Code     0  ffix.o(x$fpl$ffix)
    _ffix                                    0x08004a01   Thumb Code    54  ffix.o(x$fpl$ffix)
    __aeabi_f2uiz                            0x08004a39   Thumb Code     0  ffixu.o(x$fpl$ffixu)
    _ffixu                                   0x08004a39   Thumb Code    62  ffixu.o(x$fpl$ffixu)
    __aeabi_i2f                              0x08004a79   Thumb Code     0  fflt_clz.o(x$fpl$fflt)
    _fflt                                    0x08004a79   Thumb Code    48  fflt_clz.o(x$fpl$fflt)
    __aeabi_ui2f                             0x08004aa9   Thumb Code     0  fflt_clz.o(x$fpl$ffltu)
    _ffltu                                   0x08004aa9   Thumb Code    38  fflt_clz.o(x$fpl$ffltu)
    __aeabi_fmul                             0x08004ad1   Thumb Code     0  fmul.o(x$fpl$fmul)
    _fmul                                    0x08004ad1   Thumb Code   258  fmul.o(x$fpl$fmul)
    __fpl_fnaninf                            0x08004bd3   Thumb Code   140  fnaninf.o(x$fpl$fnaninf)
    __fpl_fretinf                            0x08004c5f   Thumb Code    10  fretinf.o(x$fpl$fretinf)
    __aeabi_fsub                             0x08004c69   Thumb Code     0  faddsub_clz.o(x$fpl$fsub)
    _fsub                                    0x08004c69   Thumb Code   234  faddsub_clz.o(x$fpl$fsub)
    _printf_fp_dec                           0x08004d53   Thumb Code     4  printf1.o(x$fpl$printf1)
    __fpl_return_NaN                         0x08004d57   Thumb Code   100  retnan.o(x$fpl$retnan)
    __ARM_scalbn                             0x08004dbb   Thumb Code    92  scalbn.o(x$fpl$scalbn)
    __ARM_scalbnf                            0x08004e17   Thumb Code    76  scalbnf.o(x$fpl$scalbnf)
    __fpl_cmpreturn                          0x08004e63   Thumb Code    48  trapv.o(x$fpl$trapveneer)
    Font7x10                                 0x08004e92   Data        1900  fonts.o(.constdata)
    __I$use$fp                               0x08004e92   Number         0  usenofp.o(x$fpl$usenofp)
    Font11x18                                0x080055fe   Data        3420  fonts.o(.constdata)
    Font16x26                                0x0800635a   Data        4940  fonts.o(.constdata)
    Region$$Table$$Base                      0x0800785c   Number         0  anon$$obj.o(Region$$Table)
    Region$$Table$$Limit                     0x0800787c   Number         0  anon$$obj.o(Region$$Table)
    ErrorState                               0x20000000   Data           1  mainw3p.o(.data)
    IsRev                                    0x20000001   Data           1  mainw3p.o(.data)
    AutoStartMode                            0x20000002   Data           1  mainw3p.o(.data)
    HasChangesMenu                           0x20000003   Data           1  mainw3p.o(.data)
    MotorAmperage                            0x20000004   Data           4  mainw3p.o(.data)
    StartDelim                               0x20000008   Data           4  mainw3p.o(.data)
    StopDelim                                0x2000000c   Data           4  mainw3p.o(.data)
    mTIM_Prescaler                           0x20000010   Data           4  mainw3p.o(.data)
    nSetVal                                  0x20000014   Data           4  mainw3p.o(.data)
    nSetVolt                                 0x20000018   Data           4  mainw3p.o(.data)
    nSetAmp                                  0x2000001c   Data           4  mainw3p.o(.data)
    CurrAmp                                  0x20000020   Data           4  mainw3p.o(.data)
    ampOffset                                0x20000024   Data           4  mainw3p.o(.data)
    SetHz                                    0x20000028   Data           4  mainw3p.o(.data)
    menuMode                                 0x2000002c   Data           4  mainw3p.o(.data)
    Font_7x10                                0x20000030   Data           8  fonts.o(.data)
    Font_11x18                               0x20000038   Data           8  fonts.o(.data)
    Font_16x26                               0x20000040   Data           8  fonts.o(.data)
    SystemCoreClock                          0x20000068   Data           4  system_stm32f10x.o(.data)
    AHBPrescTable                            0x2000006c   Data          16  system_stm32f10x.o(.data)
    sinA                                     0x2000007c   Data         168  mainw3p.o(.bss)
    sinB                                     0x20000124   Data         168  mainw3p.o(.bss)
    sinC                                     0x200001cc   Data         168  mainw3p.o(.bss)
    FSetVals                                 0x20000274   Data          12  mainw3p.o(.bss)
    VoltVals                                 0x20000280   Data         400  mainw3p.o(.bss)
    AmpVals                                  0x20000410   Data         320  mainw3p.o(.bss)
    __libspace_start                         0x20000750   Data          96  libspace.o(.bss)
    __temporary_stack_top$libspace           0x200007b0   Data           0  libspace.o(.bss)



==============================================================================

Memory Map of the image

  Image Entry point : 0x080001a9

  Load Region LR_1 (Base: 0x08000000, Size: 0x00007914, Max: 0xffffffff, ABSOLUTE)

    Execution Region ER_RO (Exec base: 0x08000000, Load base: 0x08000000, Size: 0x00007898, Max: 0xffffffff, ABSOLUTE)

    Exec Addr    Load Addr    Size         Type   Attr      Idx    E Section Name        Object

    0x08000000   0x08000000   0x000000ec   Data   RO         6106    RESET               startup_stm32f10x_md.o
    0x080000ec   0x080000ec   0x00000008   Code   RO         6205  * !!!main             c_w.l(__main.o)
    0x080000f4   0x080000f4   0x00000034   Code   RO         6651    !!!scatter          c_w.l(__scatter.o)
    0x08000128   0x08000128   0x0000001a   Code   RO         6653    !!handler_copy      c_w.l(__scatter_copy.o)
    0x08000142   0x08000142   0x00000002   PAD
    0x08000144   0x08000144   0x0000001c   Code   RO         6655    !!handler_zi        c_w.l(__scatter_zi.o)
    0x08000160   0x08000160   0x00000000   Code   RO         6192    .ARM.Collect$$_printf_percent$$00000000  c_w.l(_printf_percent.o)
    0x08000160   0x08000160   0x00000006   Code   RO         6191    .ARM.Collect$$_printf_percent$$00000003  c_w.l(_printf_f.o)
    0x08000166   0x08000166   0x00000006   Code   RO         6190    .ARM.Collect$$_printf_percent$$00000009  c_w.l(_printf_d.o)
    0x0800016c   0x0800016c   0x00000004   Code   RO         6364    .ARM.Collect$$_printf_percent$$00000017  c_w.l(_printf_percent_end.o)
    0x08000170   0x08000170   0x00000002   Code   RO         6522    .ARM.Collect$$libinit$$00000000  c_w.l(libinit.o)
    0x08000172   0x08000172   0x00000000   Code   RO         6524    .ARM.Collect$$libinit$$00000002  c_w.l(libinit2.o)
    0x08000172   0x08000172   0x00000000   Code   RO         6526    .ARM.Collect$$libinit$$00000004  c_w.l(libinit2.o)
    0x08000172   0x08000172   0x00000000   Code   RO         6529    .ARM.Collect$$libinit$$0000000A  c_w.l(libinit2.o)
    0x08000172   0x08000172   0x00000000   Code   RO         6531    .ARM.Collect$$libinit$$0000000C  c_w.l(libinit2.o)
    0x08000172   0x08000172   0x00000000   Code   RO         6533    .ARM.Collect$$libinit$$0000000E  c_w.l(libinit2.o)
    0x08000172   0x08000172   0x00000006   Code   RO         6534    .ARM.Collect$$libinit$$0000000F  c_w.l(libinit2.o)
    0x08000178   0x08000178   0x00000000   Code   RO         6536    .ARM.Collect$$libinit$$00000011  c_w.l(libinit2.o)
    0x08000178   0x08000178   0x00000000   Code   RO         6538    .ARM.Collect$$libinit$$00000013  c_w.l(libinit2.o)
    0x08000178   0x08000178   0x00000000   Code   RO         6540    .ARM.Collect$$libinit$$00000015  c_w.l(libinit2.o)
    0x08000178   0x08000178   0x0000000a   Code   RO         6541    .ARM.Collect$$libinit$$00000016  c_w.l(libinit2.o)
    0x08000182   0x08000182   0x00000000   Code   RO         6542    .ARM.Collect$$libinit$$00000017  c_w.l(libinit2.o)
    0x08000182   0x08000182   0x00000000   Code   RO         6544    .ARM.Collect$$libinit$$00000019  c_w.l(libinit2.o)
    0x08000182   0x08000182   0x00000000   Code   RO         6546    .ARM.Collect$$libinit$$0000001B  c_w.l(libinit2.o)
    0x08000182   0x08000182   0x00000000   Code   RO         6548    .ARM.Collect$$libinit$$0000001D  c_w.l(libinit2.o)
    0x08000182   0x08000182   0x00000000   Code   RO         6550    .ARM.Collect$$libinit$$0000001F  c_w.l(libinit2.o)
    0x08000182   0x08000182   0x00000000   Code   RO         6552    .ARM.Collect$$libinit$$00000021  c_w.l(libinit2.o)
    0x08000182   0x08000182   0x00000000   Code   RO         6554    .ARM.Collect$$libinit$$00000023  c_w.l(libinit2.o)
    0x08000182   0x08000182   0x00000000   Code   RO         6556    .ARM.Collect$$libinit$$00000025  c_w.l(libinit2.o)
    0x08000182   0x08000182   0x00000000   Code   RO         6560    .ARM.Collect$$libinit$$0000002C  c_w.l(libinit2.o)
    0x08000182   0x08000182   0x00000000   Code   RO         6562    .ARM.Collect$$libinit$$0000002E  c_w.l(libinit2.o)
    0x08000182   0x08000182   0x00000000   Code   RO         6564    .ARM.Collect$$libinit$$00000030  c_w.l(libinit2.o)
    0x08000182   0x08000182   0x00000000   Code   RO         6566    .ARM.Collect$$libinit$$00000032  c_w.l(libinit2.o)
    0x08000182   0x08000182   0x00000002   Code   RO         6567    .ARM.Collect$$libinit$$00000033  c_w.l(libinit2.o)
    0x08000184   0x08000184   0x00000002   Code   RO         6616    .ARM.Collect$$libshutdown$$00000000  c_w.l(libshutdown.o)
    0x08000186   0x08000186   0x00000000   Code   RO         6634    .ARM.Collect$$libshutdown$$00000002  c_w.l(libshutdown2.o)
    0x08000186   0x08000186   0x00000000   Code   RO         6636    .ARM.Collect$$libshutdown$$00000004  c_w.l(libshutdown2.o)
    0x08000186   0x08000186   0x00000000   Code   RO         6639    .ARM.Collect$$libshutdown$$00000007  c_w.l(libshutdown2.o)
    0x08000186   0x08000186   0x00000000   Code   RO         6642    .ARM.Collect$$libshutdown$$0000000A  c_w.l(libshutdown2.o)
    0x08000186   0x08000186   0x00000000   Code   RO         6644    .ARM.Collect$$libshutdown$$0000000C  c_w.l(libshutdown2.o)
    0x08000186   0x08000186   0x00000000   Code   RO         6647    .ARM.Collect$$libshutdown$$0000000F  c_w.l(libshutdown2.o)
    0x08000186   0x08000186   0x00000002   Code   RO         6648    .ARM.Collect$$libshutdown$$00000010  c_w.l(libshutdown2.o)
    0x08000188   0x08000188   0x00000000   Code   RO         6349    .ARM.Collect$$rtentry$$00000000  c_w.l(__rtentry.o)
    0x08000188   0x08000188   0x00000000   Code   RO         6440    .ARM.Collect$$rtentry$$00000002  c_w.l(__rtentry2.o)
    0x08000188   0x08000188   0x00000006   Code   RO         6452    .ARM.Collect$$rtentry$$00000004  c_w.l(__rtentry4.o)
    0x0800018e   0x0800018e   0x00000000   Code   RO         6442    .ARM.Collect$$rtentry$$00000009  c_w.l(__rtentry2.o)
    0x0800018e   0x0800018e   0x00000004   Code   RO         6443    .ARM.Collect$$rtentry$$0000000A  c_w.l(__rtentry2.o)
    0x08000192   0x08000192   0x00000000   Code   RO         6445    .ARM.Collect$$rtentry$$0000000C  c_w.l(__rtentry2.o)
    0x08000192   0x08000192   0x00000008   Code   RO         6446    .ARM.Collect$$rtentry$$0000000D  c_w.l(__rtentry2.o)
    0x0800019a   0x0800019a   0x00000002   Code   RO         6570    .ARM.Collect$$rtexit$$00000000  c_w.l(rtexit.o)
    0x0800019c   0x0800019c   0x00000000   Code   RO         6585    .ARM.Collect$$rtexit$$00000002  c_w.l(rtexit2.o)
    0x0800019c   0x0800019c   0x00000004   Code   RO         6586    .ARM.Collect$$rtexit$$00000003  c_w.l(rtexit2.o)
    0x080001a0   0x080001a0   0x00000006   Code   RO         6587    .ARM.Collect$$rtexit$$00000004  c_w.l(rtexit2.o)
    0x080001a6   0x080001a6   0x00000002   PAD
    0x080001a8   0x080001a8   0x00000040   Code   RO         6107  * .text               startup_stm32f10x_md.o
    0x080001e8   0x080001e8   0x00000028   Code   RO         6164    .text               c_w.l(noretval__2sprintf.o)
    0x08000210   0x08000210   0x00000078   Code   RO         6168    .text               c_w.l(_printf_dec.o)
    0x08000288   0x08000288   0x0000010e   Code   RO         6178    .text               c_w.l(__printf_wp.o)
    0x08000396   0x08000396   0x00000010   Code   RO         6197    .text               c_w.l(aeabi_memset.o)
    0x080003a6   0x080003a6   0x00000044   Code   RO         6199    .text               c_w.l(rt_memclr.o)
    0x080003ea   0x080003ea   0x0000004e   Code   RO         6201    .text               c_w.l(rt_memclr_w.o)
    0x08000438   0x08000438   0x00000006   Code   RO         6203    .text               c_w.l(heapauxi.o)
    0x0800043e   0x0800043e   0x00000016   Code   RO         6354    .text               c_w.l(_rserrno.o)
    0x08000454   0x08000454   0x000000b2   Code   RO         6356    .text               c_w.l(_printf_intcommon.o)
    0x08000506   0x08000506   0x0000041e   Code   RO         6358    .text               c_w.l(_printf_fp_dec.o)
    0x08000924   0x08000924   0x00000030   Code   RO         6360    .text               c_w.l(_printf_char_common.o)
    0x08000954   0x08000954   0x0000000a   Code   RO         6362    .text               c_w.l(_sputc.o)
    0x0800095e   0x0800095e   0x00000002   PAD
    0x08000960   0x08000960   0x00000008   Code   RO         6459    .text               c_w.l(rt_locale_intlibspace.o)
    0x08000968   0x08000968   0x00000008   Code   RO         6464    .text               c_w.l(rt_errno_addr_intlibspace.o)
    0x08000970   0x08000970   0x0000008a   Code   RO         6466    .text               c_w.l(lludiv10.o)
    0x080009fa   0x080009fa   0x00000002   PAD
    0x080009fc   0x080009fc   0x00000080   Code   RO         6468    .text               c_w.l(_printf_fp_infnan.o)
    0x08000a7c   0x08000a7c   0x000000e4   Code   RO         6472    .text               c_w.l(bigflt0.o)
    0x08000b60   0x08000b60   0x00000008   Code   RO         6504    .text               c_w.l(libspace.o)
    0x08000b68   0x08000b68   0x0000004a   Code   RO         6507    .text               c_w.l(sys_stackheap_outer.o)
    0x08000bb2   0x08000bb2   0x00000012   Code   RO         6509    .text               c_w.l(exit.o)
    0x08000bc4   0x08000bc4   0x00000080   Code   RO         6515    .text               c_w.l(strcmpv7m.o)
    0x08000c44   0x08000c44   0x0000000c   Code   RO         6582    .text               c_w.l(sys_exit.o)
    0x08000c50   0x08000c50   0x00000002   Code   RO         6603    .text               c_w.l(use_no_semi.o)
    0x08000c52   0x08000c52   0x00000000   Code   RO         6605    .text               c_w.l(indicate_semi.o)
    0x08000c52   0x08000c52   0x0000003e   Code   RO         6475    CL$$btod_d2e        c_w.l(btod.o)
    0x08000c90   0x08000c90   0x00000046   Code   RO         6477    CL$$btod_d2e_denorm_low  c_w.l(btod.o)
    0x08000cd6   0x08000cd6   0x00000060   Code   RO         6476    CL$$btod_d2e_norm_op1  c_w.l(btod.o)
    0x08000d36   0x08000d36   0x00000338   Code   RO         6485    CL$$btod_div_common  c_w.l(btod.o)
    0x0800106e   0x0800106e   0x000000dc   Code   RO         6482    CL$$btod_e2e        c_w.l(btod.o)
    0x0800114a   0x0800114a   0x0000002a   Code   RO         6479    CL$$btod_ediv       c_w.l(btod.o)
    0x08001174   0x08001174   0x0000002a   Code   RO         6478    CL$$btod_emul       c_w.l(btod.o)
    0x0800119e   0x0800119e   0x00000244   Code   RO         6484    CL$$btod_mult_common  c_w.l(btod.o)
    0x080013e2   0x080013e2   0x00000002   PAD
    0x080013e4   0x080013e4   0x000000b4   Code   RO            4    i.ADC1_2_IRQHandler  mainw3p.o
    0x08001498   0x08001498   0x00000008   Code   RO         4469    i.ADC_ClearITPendingBit  stm32f10x_adc.o
    0x080014a0   0x080014a0   0x00000014   Code   RO         4470    i.ADC_Cmd           stm32f10x_adc.o
    0x080014b4   0x080014b4   0x0000000e   Code   RO         4478    i.ADC_GetCalibrationStatus  stm32f10x_adc.o
    0x080014c2   0x080014c2   0x00000006   Code   RO         4479    i.ADC_GetConversionValue  stm32f10x_adc.o
    0x080014c8   0x080014c8   0x0000000e   Code   RO         4481    i.ADC_GetFlagStatus  stm32f10x_adc.o
    0x080014d6   0x080014d6   0x0000001c   Code   RO         4482    i.ADC_GetITStatus   stm32f10x_adc.o
    0x080014f2   0x080014f2   0x0000000e   Code   RO         4484    i.ADC_GetResetCalibrationStatus  stm32f10x_adc.o
    0x08001500   0x08001500   0x00000048   Code   RO         4488    i.ADC_Init          stm32f10x_adc.o
    0x08001548   0x08001548   0x00000074   Code   RO         4492    i.ADC_RegularChannelConfig  stm32f10x_adc.o
    0x080015bc   0x080015bc   0x0000000a   Code   RO         4493    i.ADC_ResetCalibration  stm32f10x_adc.o
    0x080015c6   0x080015c6   0x00000014   Code   RO         4495    i.ADC_SoftwareStartConvCmd  stm32f10x_adc.o
    0x080015da   0x080015da   0x0000000a   Code   RO         4497    i.ADC_StartCalibration  stm32f10x_adc.o
    0x080015e4   0x080015e4   0x00000012   Code   RO         4498    i.ADC_StructInit    stm32f10x_adc.o
    0x080015f6   0x080015f6   0x00000008   Code   RO            5    i.Abs               mainw3p.o
    0x080015fe   0x080015fe   0x00000002   PAD
    0x08001600   0x08001600   0x000000f0   Code   RO            6    i.AmpControlOK      mainw3p.o
    0x080016f0   0x080016f0   0x00000016   Code   RO         4700    i.DMA_Cmd           stm32f10x_dma.o
    0x08001706   0x08001706   0x0000003a   Code   RO         4706    i.DMA_Init          stm32f10x_dma.o
    0x08001740   0x08001740   0x0000001a   Code   RO         4708    i.DMA_StructInit    stm32f10x_dma.o
    0x0800175a   0x0800175a   0x00000002   PAD
    0x0800175c   0x0800175c   0x00000024   Code   RO            7    i.DoErrorState      mainw3p.o
    0x08001780   0x08001780   0x0000003c   Code   RO         4787    i.FLASH_ErasePage   stm32f10x_flash.o
    0x080017bc   0x080017bc   0x00000028   Code   RO         4788    i.FLASH_GetBank1Status  stm32f10x_flash.o
    0x080017e4   0x080017e4   0x00000012   Code   RO          501    i.FLASH_Init        flash.o
    0x080017f6   0x080017f6   0x00000002   PAD
    0x080017f8   0x080017f8   0x00000010   Code   RO         4797    i.FLASH_Lock        stm32f10x_flash.o
    0x08001808   0x08001808   0x00000018   Code   RO         4799    i.FLASH_PrefetchBufferCmd  stm32f10x_flash.o
    0x08001820   0x08001820   0x00000050   Code   RO         4802    i.FLASH_ProgramWord  stm32f10x_flash.o
    0x08001870   0x08001870   0x00000018   Code   RO          502    i.FLASH_ReadSettings  flash.o
    0x08001888   0x08001888   0x00000014   Code   RO         4804    i.FLASH_SetLatency  stm32f10x_flash.o
    0x0800189c   0x0800189c   0x00000018   Code   RO         4805    i.FLASH_Unlock      stm32f10x_flash.o
    0x080018b4   0x080018b4   0x00000022   Code   RO         4809    i.FLASH_WaitForLastOperation  stm32f10x_flash.o
    0x080018d6   0x080018d6   0x00000002   PAD
    0x080018d8   0x080018d8   0x00000034   Code   RO          503    i.FLASH_WriteSettings  flash.o
    0x0800190c   0x0800190c   0x0000009c   Code   RO         4972    i.GPIO_Init         stm32f10x_gpio.o
    0x080019a8   0x080019a8   0x0000000e   Code   RO         4976    i.GPIO_ReadInputDataBit  stm32f10x_gpio.o
    0x080019b6   0x080019b6   0x00000004   Code   RO         4979    i.GPIO_ResetBits    stm32f10x_gpio.o
    0x080019ba   0x080019ba   0x00000004   Code   RO         4980    i.GPIO_SetBits      stm32f10x_gpio.o
    0x080019be   0x080019be   0x00000010   Code   RO         4981    i.GPIO_StructInit   stm32f10x_gpio.o
    0x080019ce   0x080019ce   0x00000002   PAD
    0x080019d0   0x080019d0   0x00000098   Code   RO            8    i.GetValFriq        mainw3p.o
    0x08001a68   0x08001a68   0x00000018   Code   RO         5095    i.I2C_CheckEvent    stm32f10x_i2c.o
    0x08001a80   0x08001a80   0x00000014   Code   RO         5098    i.I2C_Cmd           stm32f10x_i2c.o
    0x08001a94   0x08001a94   0x000000bc   Code   RO         5112    i.I2C_Init          stm32f10x_i2c.o
    0x08001b50   0x08001b50   0x000000c8   Code   RO            9    i.InitIO2Manual     mainw3p.o
    0x08001c18   0x08001c18   0x00000074   Code   RO           10    i.LoadSettings      mainw3p.o
    0x08001c8c   0x08001c8c   0x0000005c   Code   RO           11    i.PowerInit         mainw3p.o
    0x08001ce8   0x08001ce8   0x00000018   Code   RO         5309    i.RCC_AHBPeriphClockCmd  stm32f10x_rcc.o
    0x08001d00   0x08001d00   0x00000018   Code   RO         5310    i.RCC_APB1PeriphClockCmd  stm32f10x_rcc.o
    0x08001d18   0x08001d18   0x00000018   Code   RO         5312    i.RCC_APB2PeriphClockCmd  stm32f10x_rcc.o
    0x08001d30   0x08001d30   0x00000094   Code   RO         5320    i.RCC_GetClocksFreq  stm32f10x_rcc.o
    0x08001dc4   0x08001dc4   0x00000040   Code   RO          321    i.SSD1306_DrawPixel  ssd1306.o
    0x08001e04   0x08001e04   0x00000018   Code   RO          324    i.SSD1306_Fill      ssd1306.o
    0x08001e1c   0x08001e1c   0x0000000c   Code   RO          325    i.SSD1306_GotoXY    ssd1306.o
    0x08001e28   0x08001e28   0x00000180   Code   RO          326    i.SSD1306_Init      ssd1306.o
    0x08001fa8   0x08001fa8   0x000000a0   Code   RO          329    i.SSD1306_Putc      ssd1306.o
    0x08002048   0x08002048   0x00000028   Code   RO          330    i.SSD1306_Puts      ssd1306.o
    0x08002070   0x08002070   0x00000054   Code   RO          332    i.SSD1306_UpdateScreen  ssd1306.o
    0x080020c4   0x080020c4   0x00000064   Code   RO           12    i.SaveSettings      mainw3p.o
    0x08002128   0x08002128   0x0000009c   Code   RO           13    i.SetFrequency      mainw3p.o
    0x080021c4   0x080021c4   0x00000070   Code   RO           14    i.SetPrescaler      mainw3p.o
    0x08002234   0x08002234   0x000000a8   Code   RO         6114    i.SetSysClockTo72   system_stm32f10x.o
    0x080022dc   0x080022dc   0x00000118   Code   RO           15    i.Start             mainw3p.o
    0x080023f4   0x080023f4   0x00000150   Code   RO           16    i.Stop              mainw3p.o
    0x08002544   0x08002544   0x00000050   Code   RO         6116    i.SystemInit        system_stm32f10x.o
    0x08002594   0x08002594   0x00000022   Code   RO         5523    i.TIM_BDTRConfig    stm32f10x_tim.o
    0x080025b6   0x080025b6   0x00000014   Code   RO         5534    i.TIM_Cmd           stm32f10x_tim.o
    0x080025ca   0x080025ca   0x00000016   Code   RO         5536    i.TIM_CtrlPWMOutputs  stm32f10x_tim.o
    0x080025e0   0x080025e0   0x00000010   Code   RO         5537    i.TIM_DMACmd        stm32f10x_tim.o
    0x080025f0   0x080025f0   0x00000080   Code   RO         5563    i.TIM_OC1Init       stm32f10x_tim.o
    0x08002670   0x08002670   0x0000000c   Code   RO         5566    i.TIM_OC1PreloadConfig  stm32f10x_tim.o
    0x0800267c   0x0800267c   0x00000080   Code   RO         5568    i.TIM_OC2Init       stm32f10x_tim.o
    0x080026fc   0x080026fc   0x00000014   Code   RO         5571    i.TIM_OC2PreloadConfig  stm32f10x_tim.o
    0x08002710   0x08002710   0x0000007c   Code   RO         5573    i.TIM_OC3Init       stm32f10x_tim.o
    0x0800278c   0x0800278c   0x0000000c   Code   RO         5576    i.TIM_OC3PreloadConfig  stm32f10x_tim.o
    0x08002798   0x08002798   0x0000009c   Code   RO         5605    i.TIM_TimeBaseInit  stm32f10x_tim.o
    0x08002834   0x08002834   0x00000012   Code   RO         5606    i.TIM_TimeBaseStructInit  stm32f10x_tim.o
    0x08002846   0x08002846   0x00000002   PAD
    0x08002848   0x08002848   0x0000002c   Code   RO           17    i.TempControl       mainw3p.o
    0x08002874   0x08002874   0x00000038   Code   RO           18    i.ToStart           mainw3p.o
    0x080028ac   0x080028ac   0x00000038   Code   RO           19    i.ToStop            mainw3p.o
    0x080028e4   0x080028e4   0x00000358   Code   RO           20    i.UpdateLCD         mainw3p.o
    0x08002c3c   0x08002c3c   0x00000028   Code   RO         6502    i.__ARM_fpclassify  m_ws.l(fpclassify.o)
    0x08002c64   0x08002c64   0x00000388   Code   RO         6428    i.__ieee754_rem_pio2  m_ws.l(rred.o)
    0x08002fec   0x08002fec   0x000000fc   Code   RO         6392    i.__kernel_cos      m_ws.l(cos_i.o)
    0x080030e8   0x080030e8   0x000000aa   Code   RO         6425    i.__kernel_poly     m_ws.l(poly.o)
    0x08003192   0x08003192   0x00000002   PAD
    0x08003194   0x08003194   0x000000ec   Code   RO         6433    i.__kernel_sin      m_ws.l(sin_i.o)
    0x08003280   0x08003280   0x00000006   Code   RO         6396    i.__mathlib_dbl_infnan  m_ws.l(dunder.o)
    0x08003286   0x08003286   0x0000000c   Code   RO         6398    i.__mathlib_dbl_invalid  m_ws.l(dunder.o)
    0x08003292   0x08003292   0x00000002   PAD
    0x08003294   0x08003294   0x00000010   Code   RO         6401    i.__mathlib_dbl_underflow  m_ws.l(dunder.o)
    0x080032a4   0x080032a4   0x0000000e   Code   RO         6180    i._is_digit         c_w.l(__printf_wp.o)
    0x080032b2   0x080032b2   0x00000002   PAD
    0x080032b4   0x080032b4   0x00000068   Code   RO           22    i.adc_init          mainw3p.o
    0x0800331c   0x0800331c   0x00000034   Code   RO           23    i.analogRead        mainw3p.o
    0x08003350   0x08003350   0x00000044   Code   RO           24    i.delay_ms          mainw3p.o
    0x08003394   0x08003394   0x00000028   Code   RO         6347    i.fminf             m_ws.l(fminf.o)
    0x080033bc   0x080033bc   0x0000004c   Code   RO           25    i.initIO            mainw3p.o
    0x08003408   0x08003408   0x000002a0   Code   RO           26    i.main              mainw3p.o
    0x080036a8   0x080036a8   0x000000a0   Code   RO         6324    i.sin               m_ws.l(sin.o)
    0x08003748   0x08003748   0x00000068   Code   RO           27    i.sinDMA_PhaseA     mainw3p.o
    0x080037b0   0x080037b0   0x00000060   Code   RO           28    i.sinDMA_PhaseB     mainw3p.o
    0x08003810   0x08003810   0x00000060   Code   RO           29    i.sinDMA_PhaseC     mainw3p.o
    0x08003870   0x08003870   0x0000012c   Code   RO           30    i.sin_table_update  mainw3p.o
    0x0800399c   0x0800399c   0x00000078   Code   RO          439    i.ssd1306_I2C_Init  ssd1306_i2c.o
    0x08003a14   0x08003a14   0x00000080   Code   RO          441    i.ssd1306_I2C_Start  ssd1306_i2c.o
    0x08003a94   0x08003a94   0x00000034   Code   RO          442    i.ssd1306_I2C_Stop  ssd1306_i2c.o
    0x08003ac8   0x08003ac8   0x0000002a   Code   RO          443    i.ssd1306_I2C_Write  ssd1306_i2c.o
    0x08003af2   0x08003af2   0x00000002   PAD
    0x08003af4   0x08003af4   0x00000020   Code   RO          444    i.ssd1306_I2C_WriteData  ssd1306_i2c.o
    0x08003b14   0x08003b14   0x0000003a   Code   RO          445    i.ssd1306_I2C_WriteMulti  ssd1306_i2c.o
    0x08003b4e   0x08003b4e   0x00000002   PAD
    0x08003b50   0x08003b50   0x000000c8   Code   RO           31    i.timers            mainw3p.o
    0x08003c18   0x08003c18   0x0000002c   Code   RO         6498    locale$$code        c_w.l(lc_numeric_c.o)
    0x08003c44   0x08003c44   0x00000062   Code   RO         6207    x$fpl$d2f           fz_ws.l(d2f.o)
    0x08003ca6   0x08003ca6   0x00000002   PAD
    0x08003ca8   0x08003ca8   0x00000150   Code   RO         6209    x$fpl$dadd          fz_ws.l(daddsub_clz.o)
    0x08003df8   0x08003df8   0x00000010   Code   RO         6365    x$fpl$dcheck1       fz_ws.l(dcheck1.o)
    0x08003e08   0x08003e08   0x00000018   Code   RO         6367    x$fpl$dcmpinf       fz_ws.l(dcmpi.o)
    0x08003e20   0x08003e20   0x000002b0   Code   RO         6216    x$fpl$ddiv          fz_ws.l(ddiv.o)
    0x080040d0   0x080040d0   0x0000005e   Code   RO         6221    x$fpl$dfix          fz_ws.l(dfix.o)
    0x0800412e   0x0800412e   0x00000002   PAD
    0x08004130   0x08004130   0x0000005a   Code   RO         6225    x$fpl$dfixu         fz_ws.l(dfixu.o)
    0x0800418a   0x0800418a   0x0000002e   Code   RO         6230    x$fpl$dflt          fz_ws.l(dflt_clz.o)
    0x080041b8   0x080041b8   0x00000026   Code   RO         6229    x$fpl$dfltu         fz_ws.l(dflt_clz.o)
    0x080041de   0x080041de   0x00000002   PAD
    0x080041e0   0x080041e0   0x00000078   Code   RO         6235    x$fpl$dleqf         fz_ws.l(dleqf.o)
    0x08004258   0x08004258   0x00000154   Code   RO         6237    x$fpl$dmul          fz_ws.l(dmul.o)
    0x080043ac   0x080043ac   0x0000009c   Code   RO         6369    x$fpl$dnaninf       fz_ws.l(dnaninf.o)
    0x08004448   0x08004448   0x0000000c   Code   RO         6371    x$fpl$dretinf       fz_ws.l(dretinf.o)
    0x08004454   0x08004454   0x0000006c   Code   RO         6239    x$fpl$drleqf        fz_ws.l(drleqf.o)
    0x080044c0   0x080044c0   0x00000016   Code   RO         6210    x$fpl$drsb          fz_ws.l(daddsub_clz.o)
    0x080044d6   0x080044d6   0x00000002   PAD
    0x080044d8   0x080044d8   0x000001d4   Code   RO         6211    x$fpl$dsub          fz_ws.l(daddsub_clz.o)
    0x080046ac   0x080046ac   0x00000056   Code   RO         6241    x$fpl$f2d           fz_ws.l(f2d.o)
    0x08004702   0x08004702   0x00000002   PAD
    0x08004704   0x08004704   0x000000c4   Code   RO         6243    x$fpl$fadd          fz_ws.l(faddsub_clz.o)
    0x080047c8   0x080047c8   0x0000000c   Code   RO         6373    x$fpl$fcheck1       fz_ws.l(fcheck1.o)
    0x080047d4   0x080047d4   0x0000008e   Code   RO         6375    x$fpl$fcmp4         fz_ws.l(fcmp4.o)
    0x08004862   0x08004862   0x00000018   Code   RO         6379    x$fpl$fcmpinf       fz_ws.l(fcmpi.o)
    0x0800487a   0x0800487a   0x00000002   PAD
    0x0800487c   0x0800487c   0x00000184   Code   RO         6250    x$fpl$fdiv          fz_ws.l(fdiv.o)
    0x08004a00   0x08004a00   0x00000036   Code   RO         6253    x$fpl$ffix          fz_ws.l(ffix.o)
    0x08004a36   0x08004a36   0x00000002   PAD
    0x08004a38   0x08004a38   0x0000003e   Code   RO         6261    x$fpl$ffixu         fz_ws.l(ffixu.o)
    0x08004a76   0x08004a76   0x00000002   PAD
    0x08004a78   0x08004a78   0x00000030   Code   RO         6266    x$fpl$fflt          fz_ws.l(fflt_clz.o)
    0x08004aa8   0x08004aa8   0x00000026   Code   RO         6265    x$fpl$ffltu         fz_ws.l(fflt_clz.o)
    0x08004ace   0x08004ace   0x00000002   PAD
    0x08004ad0   0x08004ad0   0x00000102   Code   RO         6273    x$fpl$fmul          fz_ws.l(fmul.o)
    0x08004bd2   0x08004bd2   0x0000008c   Code   RO         6381    x$fpl$fnaninf       fz_ws.l(fnaninf.o)
    0x08004c5e   0x08004c5e   0x0000000a   Code   RO         6383    x$fpl$fretinf       fz_ws.l(fretinf.o)
    0x08004c68   0x08004c68   0x000000ea   Code   RO         6245    x$fpl$fsub          fz_ws.l(faddsub_clz.o)
    0x08004d52   0x08004d52   0x00000004   Code   RO         6277    x$fpl$printf1       fz_ws.l(printf1.o)
    0x08004d56   0x08004d56   0x00000064   Code   RO         6500    x$fpl$retnan        fz_ws.l(retnan.o)
    0x08004dba   0x08004dba   0x0000005c   Code   RO         6279    x$fpl$scalbn        fz_ws.l(scalbn.o)
    0x08004e16   0x08004e16   0x0000004c   Code   RO         6281    x$fpl$scalbnf       fz_ws.l(scalbnf.o)
    0x08004e62   0x08004e62   0x00000030   Code   RO         6568    x$fpl$trapveneer    fz_ws.l(trapv.o)
    0x08004e92   0x08004e92   0x00000000   Code   RO         6391    x$fpl$usenofp       fz_ws.l(usenofp.o)
    0x08004e92   0x08004e92   0x0000076c   Data   RO          282    .constdata          fonts.o
    0x080055fe   0x080055fe   0x00000d5c   Data   RO          283    .constdata          fonts.o
    0x0800635a   0x0800635a   0x0000134c   Data   RO          284    .constdata          fonts.o
    0x080076a6   0x080076a6   0x00000002   PAD
    0x080076a8   0x080076a8   0x00000030   Data   RO         6393    .constdata          m_ws.l(cos_i.o)
    0x080076d8   0x080076d8   0x000000c8   Data   RO         6430    .constdata          m_ws.l(rred.o)
    0x080077a0   0x080077a0   0x00000028   Data   RO         6434    .constdata          m_ws.l(sin_i.o)
    0x080077c8   0x080077c8   0x00000094   Data   RO         6473    .constdata          c_w.l(bigflt0.o)
    0x0800785c   0x0800785c   0x00000020   Data   RO         6649    Region$$Table       anon$$obj.o
    0x0800787c   0x0800787c   0x0000001c   Data   RO         6497    locale$$data        c_w.l(lc_numeric_c.o)


    Execution Region ER_RW (Exec base: 0x20000000, Load base: 0x08007898, Size: 0x0000007c, Max: 0xffffffff, ABSOLUTE)

    Exec Addr    Load Addr    Size         Type   Attr      Idx    E Section Name        Object

    0x20000000   0x08007898   0x00000030   Data   RW           33    .data               mainw3p.o
    0x20000030   0x080078c8   0x00000008   Data   RW          285    .data               fonts.o
    0x20000038   0x080078d0   0x00000008   Data   RW          286    .data               fonts.o
    0x20000040   0x080078d8   0x00000008   Data   RW          287    .data               fonts.o
    0x20000048   0x080078e0   0x00000006   Data   RW          334    .data               ssd1306.o
    0x2000004e   0x080078e6   0x00000002   PAD
    0x20000050   0x080078e8   0x00000004   Data   RW          446    .data               ssd1306_i2c.o
    0x20000054   0x080078ec   0x00000014   Data   RW         5340    .data               stm32f10x_rcc.o
    0x20000068   0x08007900   0x00000014   Data   RW         6117    .data               system_stm32f10x.o


    Execution Region ER_ZI (Exec base: 0x2000007c, Load base: 0x08007914, Size: 0x00000d34, Max: 0xffffffff, ABSOLUTE)

    Exec Addr    Load Addr    Size         Type   Attr      Idx    E Section Name        Object

    0x2000007c        -       0x000004d4   Zero   RW           32    .bss                mainw3p.o
    0x20000550        -       0x00000200   Zero   RW          333    .bss                ssd1306.o
    0x20000750        -       0x00000060   Zero   RW         6505    .bss                c_w.l(libspace.o)
    0x200007b0        -       0x00000200   Zero   RW         6105    HEAP                startup_stm32f10x_md.o
    0x200009b0        -       0x00000400   Zero   RW         6104    STACK               startup_stm32f10x_md.o


==============================================================================

Image component sizes


      Code (inc. data)   RO Data    RW Data    ZI Data      Debug   Object Name

        94         12          0          0          0       2156   flash.o
         0          0      10260         24          0       1283   fonts.o
      4788        746          0         48       1236     304775   mainw3p.o
       768         40          0          6        512       4884   ssd1306.o
       432         36          0          4          0       4379   ssd1306_i2c.o
        64         26        236          0       1536        816   startup_stm32f10x_md.o
       350         10          0          0          0      10640   stm32f10x_adc.o
       106          0          0          0          0       3614   stm32f10x_dma.o
       298         42          0          0          0       6904   stm32f10x_flash.o
       194          0          0          0          0       4630   stm32f10x_gpio.o
       232         10          0          0          0       4162   stm32f10x_i2c.o
       220         34          0         20          0       5426   stm32f10x_rcc.o
       690         80          0          0          0       9843   stm32f10x_tim.o
       248         24          0         20          0       2017   system_stm32f10x.o

    ----------------------------------------------------------------------
      8500       1060      10530        124       3284     365529   Object Totals
         0          0         32          0          0          0   (incl. Generated)
        16          0          2          2          0          0   (incl. Padding)

    ----------------------------------------------------------------------

      Code (inc. data)   RO Data    RW Data    ZI Data      Debug   Library Member Name

         8          0          0          0          0         68   __main.o
       284          0          0          0          0        156   __printf_wp.o
         0          0          0          0          0          0   __rtentry.o
        12          0          0          0          0          0   __rtentry2.o
         6          0          0          0          0          0   __rtentry4.o
        52          8          0          0          0          0   __scatter.o
        26          0          0          0          0          0   __scatter_copy.o
        28          0          0          0          0          0   __scatter_zi.o
        48          6          0          0          0         96   _printf_char_common.o
         6          0          0          0          0          0   _printf_d.o
       120         16          0          0          0         92   _printf_dec.o
         6          0          0          0          0          0   _printf_f.o
      1054          0          0          0          0        216   _printf_fp_dec.o
       128         16          0          0          0         84   _printf_fp_infnan.o
       178          0          0          0          0         88   _printf_intcommon.o
         0          0          0          0          0          0   _printf_percent.o
         4          0          0          0          0          0   _printf_percent_end.o
        22          0          0          0          0        100   _rserrno.o
        10          0          0          0          0         68   _sputc.o
        16          0          0          0          0         68   aeabi_memset.o
       228          4        148          0          0         96   bigflt0.o
      1936        128          0          0          0        672   btod.o
        18          0          0          0          0         80   exit.o
         6          0          0          0          0        152   heapauxi.o
         0          0          0          0          0          0   indicate_semi.o
        44         10         28          0          0         76   lc_numeric_c.o
         2          0          0          0          0          0   libinit.o
        18          0          0          0          0          0   libinit2.o
         2          0          0          0          0          0   libshutdown.o
         2          0          0          0          0          0   libshutdown2.o
         8          4          0          0         96         68   libspace.o
       138          0          0          0          0         80   lludiv10.o
        40          6          0          0          0         84   noretval__2sprintf.o
         8          4          0          0          0         68   rt_errno_addr_intlibspace.o
         8          4          0          0          0         68   rt_locale_intlibspace.o
        68          0          0          0          0         68   rt_memclr.o
        78          0          0          0          0         80   rt_memclr_w.o
         2          0          0          0          0          0   rtexit.o
        10          0          0          0          0          0   rtexit2.o
       128          0          0          0          0         68   strcmpv7m.o
        12          4          0          0          0         68   sys_exit.o
        74          0          0          0          0         80   sys_stackheap_outer.o
         2          0          0          0          0         68   use_no_semi.o
        98          4          0          0          0         92   d2f.o
       826         16          0          0          0        348   daddsub_clz.o
        16          4          0          0          0         68   dcheck1.o
        24          0          0          0          0         68   dcmpi.o
       688        140          0          0          0        208   ddiv.o
        94          4          0          0          0         92   dfix.o
        90          4          0          0          0         92   dfixu.o
        84          0          0          0          0        136   dflt_clz.o
       120          4          0          0          0         92   dleqf.o
       340         12          0          0          0        104   dmul.o
       156          4          0          0          0         92   dnaninf.o
        12          0          0          0          0         68   dretinf.o
       108          0          0          0          0         80   drleqf.o
        86          4          0          0          0         84   f2d.o
       430          8          0          0          0        168   faddsub_clz.o
        12          4          0          0          0         68   fcheck1.o
       142          4          0          0          0        112   fcmp4.o
        24          0          0          0          0         68   fcmpi.o
       388         76          0          0          0         96   fdiv.o
        54          4          0          0          0         84   ffix.o
        62          4          0          0          0         84   ffixu.o
        86          0          0          0          0        136   fflt_clz.o
       258          4          0          0          0         84   fmul.o
       140          4          0          0          0         84   fnaninf.o
        10          0          0          0          0         68   fretinf.o
         4          0          0          0          0         68   printf1.o
       100          0          0          0          0         68   retnan.o
        92          0          0          0          0         68   scalbn.o
        76          0          0          0          0         68   scalbnf.o
        48          0          0          0          0         68   trapv.o
         0          0          0          0          0          0   usenofp.o
       252         22         48          0          0        124   cos_i.o
        34          6          0          0          0        204   dunder.o
        40          0          0          0          0         80   fminf.o
        40          0          0          0          0         68   fpclassify.o
       170          0          0          0          0         96   poly.o
       904         76        200          0          0        140   rred.o
       160         10          0          0          0        108   sin.o
       236         12         40          0          0        128   sin_i.o

    ----------------------------------------------------------------------
     11378        640        464          0         96       6876   Library Totals
        34          0          0          0          0          0   (incl. Padding)

    ----------------------------------------------------------------------

      Code (inc. data)   RO Data    RW Data    ZI Data      Debug   Library Name

      4840        210        176          0         96       2912   c_w.l
      4668        304          0          0          0       3016   fz_ws.l
      1836        126        288          0          0        948   m_ws.l

    ----------------------------------------------------------------------
     11378        640        464          0         96       6876   Library Totals

    ----------------------------------------------------------------------

==============================================================================


      Code (inc. data)   RO Data    RW Data    ZI Data      Debug   

     19878       1700      10994        124       3380     363873   Grand Totals
     19878       1700      10994        124       3380     363873   ELF Image Totals
     19878       1700      10994        124          0          0   ROM Totals

==============================================================================

    Total RO  Size (Code + RO Data)                30872 (  30.15kB)
    Total RW  Size (RW Data + ZI Data)              3504 (   3.42kB)
    Total ROM Size (Code + RO Data + RW Data)      30996 (  30.27kB)

==============================================================================

